<html>
<body>
<pre>
<h1>µVision Build Log</h1>
<h2>Project:</h2>
C:\Users\Administrator\Desktop\CodeOS4078\UV4\OSProject.uvproj
Project File Date:  03/12/2013

<h2>Output:</h2>
Build target 'Target 1'
assembling startup_LPC407x_8x_177x_8x.s...
startup_LPC407x_8x_177x_8x.s: error: A1023E: File "startup_LPC407x_8x_177x_8x.s" could not be opened: No such file or directory
Target not created
Build target 'Target 1'
assembling startup_LPC407x_8x_177x_8x.s...
compiling system_LPC407x_8x_177x_8x.c...
compiling Datatypes.cpp...
compiling main.cpp...
compiling Ver.cpp...
compiling LogLimit.cpp...
compiling Metavariable.cpp...
..\APP\PROCESS\Metavariable.cpp(89): warning:  #111-D: statement is unreachable
compiling SafeCheck.cpp...
..\APP\PROCESS\SafeCheck.cpp(172): warning:  #185-D: dynamic initialization in unreachable code
compiling SampleProcess.cpp...
compiling ThirdParty.cpp...
compiling DataManage.cpp...
..\APP\MANAGE\DataManage.cpp(1620): warning:  #940-D: missing return statement at end of non-void function "ChannelInfo_Manager::CheckScheduleMD5"
..\APP\MANAGE\DataManage.cpp(1629): warning:  #550-D: variable "f_Bound" was set but never used
..\APP\MANAGE\DataManage.cpp(1649): warning:  #550-D: variable "f_Bound" was set but never used
..\APP\MANAGE\DataManage.cpp(1672): warning:  #550-D: variable "f_Bound" was set but never used
..\APP\MANAGE\DataManage.cpp(1692): warning:  #550-D: variable "f_Bound" was set but never used
..\APP\MANAGE\DataManage.cpp(1712): warning:  #550-D: variable "f_Bound" was set but never used
..\APP\MANAGE\DataManage.cpp(1731): warning:  #550-D: variable "f_Bound" was set but never used
..\APP\MANAGE\DataManage.cpp(1836): warning:  #1035-D: single-precision operand implicitly converted to double-precision
..\APP\MANAGE\DataManage.cpp(1837): warning:  #1035-D: single-precision operand implicitly converted to double-precision
..\APP\MANAGE\DataManage.cpp(1848): warning:  #1035-D: single-precision operand implicitly converted to double-precision
..\APP\MANAGE\DataManage.cpp(1849): warning:  #1035-D: single-precision operand implicitly converted to double-precision
..\APP\MANAGE\DataManage.cpp(2174): warning:  #546-D: transfer of control bypasses initialization of:
            variable "PulseMD5" (declared at line 2178)
            variable "u16_CvID" (declared at line 2184)
            variable "sc_SimuBufIdx" (declared at line 2192)
            variable "SimulationMD5" (declared at line 2193)
      switch (ChannelStep[uc_ChannelNo].m_Info[NonActiveStep].m_StepInfo.m_Data.m_Ctrl.m_u16ControlType)
      ^
..\APP\MANAGE\DataManage.cpp(2477): warning:  #1035-D: single-precision operand implicitly converted to double-precision
..\APP\MANAGE\DataManage.cpp(2478): warning:  #1035-D: single-precision operand implicitly converted to double-precision
..\APP\MANAGE\DataManage.cpp(2481): warning:  #1035-D: single-precision operand implicitly converted to double-precision
..\APP\MANAGE\DataManage.cpp(2510): warning:  #1035-D: single-precision operand implicitly converted to double-precision
..\APP\MANAGE\DataManage.cpp(2510): warning:  #1035-D: single-precision operand implicitly converted to double-precision
..\APP\MANAGE\DataManage.cpp(2523): warning:  #1035-D: single-precision operand implicitly converted to double-precision
..\APP\MANAGE\DataManage.cpp(2531): warning:  #1035-D: single-precision operand implicitly converted to double-precision
..\APP\MANAGE\DataManage.cpp(2534): warning:  #1035-D: single-precision operand implicitly converted to double-precision
compiling ScheduleManage.cpp...
..\APP\MANAGE\ScheduleManage.cpp(120): warning:  #177-D: variable "GetMessage" was declared but never referenced
..\APP\MANAGE\ScheduleManage.cpp(1428): warning:  #550-D: variable "uw32_AssignValue" was set but never used
..\APP\MANAGE\ScheduleManage.cpp(1429): warning:  #177-D: variable "ScheduleMessage" was declared but never referenced
..\APP\MANAGE\ScheduleManage.cpp(1430): warning:  #177-D: variable "uc_LimitID" was declared but never referenced
compiling StepManage.cpp...
compiling PID.cpp...
..\APP\MANAGE\PID.cpp(114): warning:  #1035-D: single-precision operand implicitly converted to double-precision
compiling EthernetParse.cpp...
..\APP\LAN\EthernetParse.cpp(378): warning:  #550-D: variable "uc_ScheduleRunningFlag" was set but never used
..\APP\LAN\EthernetParse.cpp(704): warning:  #69-D: integer conversion resulted in truncation
..\APP\LAN\EthernetParse.cpp(652): warning:  #177-D: variable "uc_T" was declared but never referenced
compiling EMAC_LPC177x_8x.c...
..\APP\TCP-NET\EMAC_LPC177x_8x.c(95): warning:  #550-D: variable "hashvalue" was set but never used
compiling Net_Config.c...
compiling Net_lib.c...
compiling TcpTxRx.cpp...
compiling ADC16bit_AD7656.cpp...
compiling ADC16bit_CS5560.cpp...
compiling ADC32bit_LTC2449.cpp...
compiling ADC32bit_LTC2498.cpp...
compiling DAC16bit_AD5360.cpp...
compiling DAC16bit_AD5754.cpp...
compiling Device_MoreCase.cpp...
compiling EEPROM_24LC128.cpp...
compiling EEPROM_FM25L256.cpp...
compiling Ctrl_Arbus.cpp...
compiling CAN.cpp...
compiling EXTINT.cpp...
compiling GPIO.cpp...
compiling I2C.cpp...
compiling IRQ.cpp...
compiling RTC.cpp...
compiling SDRAM.cpp...
compiling SSPI.cpp...
..\HWD\LPC4078CORE\SSPI.cpp(293): warning:  #550-D: variable "uc_SelectLSBF" was set but never used
compiling TIMERS.cpp...
compiling UART.cpp...
compiling WDT.cpp...
compiling OS_LogicProcess.cpp...
compiling OS_ServeProcess.cpp...
compiling LinearCN1_ADC5DAC.cpp...
compiling LinearCN1_Base.cpp...
compiling LinearCN1_GPIO.cpp...
compiling LinearCN1_SampleManage.cpp...
..\HWD\LinearCN1\LinearCN1_SampleManage.cpp(39): warning:  #550-D: variable "Time" was set but never used
compiling LinearDN1_ADC5DAC.cpp...
compiling LinearDN1_Base.cpp...
compiling LinearDN1_GPIO.cpp...
compiling LinearDN1_SampleManage.cpp...
..\HWD\LinearDN1\LinearDN1_SampleManage.cpp(39): warning:  #550-D: variable "Time" was set but never used
compiling IBT_ADC5DAC.cpp...
compiling IBT_Base.cpp...
..\HWD\IBT\IBT_Base.cpp(314): warning:  #550-D: variable "SPI_Send_Buffer" was set but never used
compiling IBT_GPIO.cpp...
compiling IBT_SampleManage.cpp...
..\HWD\IBT\IBT_SampleManage.cpp(128): warning:  #68-D: integer conversion resulted in a change of sign
compiling LinearAN1_ADC5DAC.cpp...
compiling LinearAN1_Base.cpp...
compiling LinearAN1_GPIO.cpp...
compiling LinearAN1_SampleManage.cpp...
..\HWD\LinearAN1\LinearAN1_SampleManage.cpp(39): warning:  #550-D: variable "Time" was set but never used
linking...
Program Size: Code=101744 RO-data=5580 RW-data=2948 ZI-data=2079544  
FromELF: creating hex file...
"..\obj\OSProject.axf" - 0 Error(s), 37 Warning(s).
Load "..\\obj\\OSProject.AXF" 
Erase Done.
Programming Done.
Verify OK.
Load "..\\obj\\OSProject.AXF" 
Erase Done.
Programming Done.
Verify OK.
Load "..\\obj\\OSProject.AXF" 
Erase Done.
Programming Done.
Verify OK.
