Component: ARM Compiler 5.06 update 6 (build 750) Tool: armlink [4d35ed]

==============================================================================

Section Cross References

    main.o(.text) refers to aux_2ndv_tr_509146_base.o(.text) for Aux_2ndV_TR_509146_Base::Hardware_Init(unsigned char)
    main.o(.text) refers to aux_p_tc_509138_base.o(.text) for Aux_P_TC_509138_Base::Hardware_Init(unsigned char)
    main.o(.text) refers to aux_2ndv_him_511898_wmadc602540_base.o(.text) for Aux_2ndV_HIR_511898_WMADC602540_Base::Hardware_Init(unsigned char)
    main.o(.text) refers to aux_2ndv_lc_601310_base.o(.text) for Aux_2ndV_LC_601310_Base::Hardware_Init(unsigned char)
    main.o(.text) refers to aux_multifunc_514194_base.o(.text) for Aux_MultiFunc_514194_Base::Hardware_Init(unsigned char)
    main.o(.text) refers to aux_redun_2ndv_tc_601082_base.o(.text) for Aux_Redun_2ndV_TC_601082_Base::Hardware_Init(unsigned char)
    main.o(.text) refers to batterycells_base.o(.text) for BatteryCells_Base::Hardware_Init(unsigned char)
    main.o(.text) refers to aux_extcharge_601618_base.o(.text) for Aux_ExtCharge_601618_Base::Hardware_Init(unsigned char)
    main.o(.text) refers to aux_monitor_601618_base.o(.text) for Aux_Monitor_601618_Base::Hardware_Init(unsigned char)
    main.o(.text) refers to aux_tr_pt100_601314_base.o(.text) for Aux_TR_PT100_601314_Base::Hardware_Init(unsigned char)
    main.o(.text) refers to aux_dido_601196_wmadc602518_base.o(.text) for Aux_DIDO_601196_WMADC602518_Base::Hardware_Init(unsigned char)
    main.o(.text) refers to aux_onlinersm_602026_base.o(.text) for Aux_OnlineRSM_602026_Base::Hardware_Init(unsigned char)
    main.o(.text) refers to aux_aio_dio_602178_wmadc602548_base.o(.text) for Aux_AIO_DIO_602178_WMADC602548_Base::Hardware_Init(unsigned char)
    main.o(.text) refers to aux_tc_mad602280_wmadc602524_base.o(.text) for Aux_TC_MADC602280_WMADC602524_Base::Hardware_Init(unsigned char)
    main.o(.text) refers to aux_tc_hs_madc602176_wmadc602484_base.o(.text) for Aux_TC_HS_MADC602176_WMADC602484_Base::Hardware_Init(unsigned char)
    main.o(.text) refers to aux_wmadc_pt100_602532_base.o(.text) for Aux_WMADC_PT100_602532_Base::Hardware_Init(unsigned char)
    main.o(.text) refers to aux_wmadc_2ndv_tr_602536_base.o(.text) for Aux_WMADC_2ndV_TR_602536_Base::Hardware_Init(unsigned char)
    main.o(.text) refers to aux_wmadc_2ndv_lc_602528_wmadc_603072_wmadc_603130_base.o(.text) for Aux_WMADC_2ndV_LC_602528_WMADC_603072_WMADC_603130_Base::Hardware_Init(unsigned char)
    main.o(.text) refers to aux_dds_acim_acr_408888_base.o(.text) for Aux_DDS_ACIM_ACR_408888_Base::Hardware_Init(unsigned char)
    main.o(.text) refers to aux_systemctrlboard_415016_base.o(.text) for Aux_SystemCtrlBoard_415016_Base::Hardware_Init(unsigned char)
    main.o(.text) refers to aux_mtc_base.o(.text) for Aux_MTC_Base::Hardware_Init(unsigned char)
    main.o(.text) refers to aux_poweradj_200a_412206_base.o(.text) for Aux_PowerADJ_200A_412206_Base::Hardware_Init(unsigned char)
    main.o(.text) refers to controlpin.o(.text) for ControlPin::SetIObyCP(St_Port)
    main.o(.text) refers to auxdatamanager.o(.text) for Aux_DataManager::SettingCS_High()
    main.o(.text) refers to sspi.o(.text) for SSPIFunc::setPara(SSPI_Para*, unsigned char)
    main.o(.text) refers to rt_memclr_w.o(.text) for __aeabi_memclr4
    main.o(.text) refers to auxdatamanager.o(SRAM32) for Aux_DataManager::m_AllAuxBoards
    main.o(.text) refers to adc32bit_ltc2498.o(.data) for Adc32bit_LTC2498::IsExCrystalsFlag
    main.o(.text) refers to main.o(.data) for Be_SystemCtrlBoard
    main.o(.text) refers to main.o(.constdata) for AUX_Unit_Base::Pin_SCK0
    main.o(.text) refers to datatypes.o(.data) for CommonFunc::uc_Support_AUX
    main.o(.text) refers to auxdatamanager.o(SRAM32) for Aux_DataManager::Aux_ADC_TotalCnt
    main.o(.text) refers to auxsample_2ndv_lc.o(.data) for Aux_Sample_2ndV_LC::Sample_Wait_Count
    main.o(.text) refers to os_serveprocess.o(.text) for OS_ServeProcess::IsMounted(unsigned short)
    main.o(.text) refers to timers.o(.text) for TIMERSFunc::Init_Timer(unsigned long, unsigned char)
    main.o(.text) refers to os_serveprocess.o(.data) for OS_ServeProcess::AUX_ADC_Idx
    main.o(.text) refers to auxsampletask.o(.data) for AUX_Sample_4_task::TaskID
    main.o(.text) refers to auxreaddi.o(.data) for Aux_ReadDI::TaskID
    main.o(.text) refers to auxwritedo.o(.data) for Aux_WriteDO::TaskID
    main.o(.text) refers to mtci_ctrl.o(.data) for MTCI_CTRL::TaskID
    main.o(.text) refers to aux_uartparse.o(.data) for AuxUartParse::TaskID
    main.o(.text) refers to auxredundantsafetycheck.o(.data) for AuxRedundantSafetyCheck::TaskID
    main.o(.text) refers to aux_redundantsample.o(.data) for RedundantSample_Task::TaskID
    main.o(.text) refers to auxmetavariable.o(SRAM32) for MetaVariable_Task::C_E_Flag
    main.o(.text) refers to auxmetavariable.o(.data) for MetaVariable_Task::TaskID
[...]
    Aux_ACIMTest::IFFT                       0xa19117a4   Data        2048  auxacimtest.o(SRAM32)
    Aux_ACIMTest::VFFT                       0xa1911fa4   Data        2048  auxacimtest.o(SRAM32)
    Aux_ACIMTest::pVtemp                     0xa19127a4   Data          80  auxacimtest.o(SRAM32)
    AuxSysCtrl_task::SysErrorFlg             0xa19127f4   Data         128  aux_sysctrl.o(SRAM32)
    AuxSysCtrl_task::SysCtrl_RunFlg          0xa1912874   Data         128  aux_sysctrl.o(SRAM32)
    st_SendCMD                               0xa19128f4   Data         176  mtci_ctrl.o(SRAM32)
    MTCI_CTRL::str_Uart                      0xa19129a4   Data          80  mtci_ctrl.o(SRAM32)
    MTCI_CTRL::gW_CmdBuf                     0xa19129f4   Data         768  mtci_ctrl.o(SRAM32)
    MTCI_CTRL::gW_PreWrRepeatNum             0xa1912cf4   Data          16  mtci_ctrl.o(SRAM32)
    MTCI_CTRL::gW_WriteRepeatNum             0xa1912d04   Data          16  mtci_ctrl.o(SRAM32)
    MTCI_CTRL::gW_RunRepeatNum               0xa1912d14   Data          16  mtci_ctrl.o(SRAM32)
    MTCI_CTRL::gW_ReadRepeatNum              0xa1912d24   Data          16  mtci_ctrl.o(SRAM32)
    MTCI_CTRL::gW_StopRepeatNum              0xa1912d34   Data          16  mtci_ctrl.o(SRAM32)
    MTCI_CTRL::gR_CmdBuf                     0xa1912d44   Data         768  mtci_ctrl.o(SRAM32)
    MTCI_CTRL::gR_ReadStamp                  0xa1913044   Data          24  mtci_ctrl.o(SRAM32)
    MTCI_CTRL::gR_ReadStampForAll            0xa191305c   Data          24  mtci_ctrl.o(SRAM32)
    MTCI_CTRL::gW_WriteStamp                 0xa1913074   Data          24  mtci_ctrl.o(SRAM32)
    MTCI_CTRL::gC_TimeoutStamp               0xa191308c   Data          24  mtci_ctrl.o(SRAM32)
    MTCI_CTRL::gR_PresentValue_DO32          0xa19130a4   Data          16  mtci_ctrl.o(SRAM32)
    MTCI_CTRL::gR_PresentValue_DI32          0xa19130b4   Data          16  mtci_ctrl.o(SRAM32)
    MTCI_CTRL::gR_ReadCmd_Stamp              0xa19130c4   Data          24  mtci_ctrl.o(SRAM32)
    MTCI_CTRL::gW_HumiInterval               0xa19130dc   Data          24  mtci_ctrl.o(SRAM32)
    MTCI_CTRL::Wait_delay                    0xa19130f4   Data          24  mtci_ctrl.o(SRAM32)
    MTCI_CTRL::gR_PV_DO32                    0xa191310c   Data          16  mtci_ctrl.o(SRAM32)
    BatteryCells_Base::BC_ReadData           0xa191311c   Data         384  batterycells_base.o(SRAM32)
    BatteryCells_Base::config_data           0xa191329c   Data          24  batterycells_base.o(SRAM32)
    BatteryCells_Base::m_MapBattToDat        0xa19132b4   Data         512  batterycells_base.o(SRAM32)



==============================================================================

Memory Map of the image

  Image Entry point : 0x000000e5

  Load Region LR_IROM1 (Base: 0x00000000, Size: 0x0004688c, Max: 0x00080000, ABSOLUTE, COMPRESSED[0x000456ac])

    Execution Region ER_IROM1 (Exec base: 0x00000000, Load base: 0x00000000, Size: 0x0004545c, Max: 0x00080000, ABSOLUTE)

    Exec Addr    Load Addr    Size         Type   Attr      Idx    E Section Name        Object

    0x00000000   0x00000000   0x000000e4   Data   RO          607    RESET               startup_lpc407x_8x_177x_8x.o
    0x000000e4   0x000000e4   0x00000008   Code   RO         5700  * !!!main             c_w.l(__main.o)
    0x000000ec   0x000000ec   0x00000034   Code   RO         6161    !!!scatter          c_w.l(__scatter.o)
    0x00000120   0x00000120   0x0000005a   Code   RO         6159    !!dczerorl2         c_w.l(__dczerorl2.o)
    0x0000017a   0x0000017a   0x00000002   PAD
    0x0000017c   0x0000017c   0x0000001a   Code   RO         6163    !!handler_copy      c_w.l(__scatter_copy.o)
    0x00000196   0x00000196   0x00000002   PAD
    0x00000198   0x00000198   0x0000001c   Code   RO         6165    !!handler_zi        c_w.l(__scatter_zi.o)
    0x000001b4   0x000001b4   0x00000002   Code   RO         6099    .ARM.Collect$$libinit$$00000000  c_w.l(libinit.o)
    0x000001b6   0x000001b6   0x00000004   Code   RO         5910    .ARM.Collect$$libinit$$00000001  c_w.l(libinit2.o)
    0x000001ba   0x000001ba   0x00000000   Code   RO         5913    .ARM.Collect$$libinit$$00000004  c_w.l(libinit2.o)
    0x000001ba   0x000001ba   0x00000008   Code   RO         5914    .ARM.Collect$$libinit$$00000005  c_w.l(libinit2.o)
    0x000001c2   0x000001c2   0x00000000   Code   RO         5916    .ARM.Collect$$libinit$$0000000A  c_w.l(libinit2.o)
    0x000001c2   0x000001c2   0x00000000   Code   RO         5918    .ARM.Collect$$libinit$$0000000C  c_w.l(libinit2.o)
    0x000001c2   0x000001c2   0x00000000   Code   RO         5920    .ARM.Collect$$libinit$$0000000E  c_w.l(libinit2.o)
    0x000001c2   0x000001c2   0x00000000   Code   RO         5923    .ARM.Collect$$libinit$$00000011  c_w.l(libinit2.o)
    0x000001c2   0x000001c2   0x00000000   Code   RO         5925    .ARM.Collect$$libinit$$00000013  c_w.l(libinit2.o)
    0x000001c2   0x000001c2   0x00000000   Code   RO         5927    .ARM.Collect$$libinit$$00000015  c_w.l(libinit2.o)
    0x000001c2   0x000001c2   0x00000000   Code   RO         5929    .ARM.Collect$$libinit$$00000017  c_w.l(libinit2.o)
    0x000001c2   0x000001c2   0x00000000   Code   RO         5931    .ARM.Collect$$libinit$$00000019  c_w.l(libinit2.o)
    0x000001c2   0x000001c2   0x00000000   Code   RO         5933    .ARM.Collect$$libinit$$0000001B  c_w.l(libinit2.o)
    0x000001c2   0x000001c2   0x00000000   Code   RO         5935    .ARM.Collect$$libinit$$0000001D  c_w.l(libinit2.o)
    0x000001c2   0x000001c2   0x00000000   Code   RO         5937    .ARM.Collect$$libinit$$0000001F  c_w.l(libinit2.o)
    0x000001c2   0x000001c2   0x00000000   Code   RO         5939    .ARM.Collect$$libinit$$00000021  c_w.l(libinit2.o)
    0x000001c2   0x000001c2   0x00000000   Code   RO         5941    .ARM.Collect$$libinit$$00000023  c_w.l(libinit2.o)
    0x000001c2   0x000001c2   0x00000000   Code   RO         5943    .ARM.Collect$$libinit$$00000025  c_w.l(libinit2.o)
    0x000001c2   0x000001c2   0x00000000   Code   RO         5947    .ARM.Collect$$libinit$$0000002C  c_w.l(libinit2.o)
    0x000001c2   0x000001c2   0x00000000   Code   RO         5949    .ARM.Collect$$libinit$$0000002E  c_w.l(libinit2.o)
    0x000001c2   0x000001c2   0x00000000   Code   RO         5951    .ARM.Collect$$libinit$$00000030  c_w.l(libinit2.o)
    0x000001c2   0x000001c2   0x00000000   Code   RO         5953    .ARM.Collect$$libinit$$00000032  c_w.l(libinit2.o)
    0x000001c2   0x000001c2   0x00000002   Code   RO         5954    .ARM.Collect$$libinit$$00000033  c_w.l(libinit2.o)
    0x000001c4   0x000001c4   0x00000002   Code   RO         6157    .ARM.Collect$$libshutdown$$00000000  c_w.l(libshutdown.o)
    0x000001c6   0x000001c6   0x00000000   Code   RO         6115    .ARM.Collect$$libshutdown$$00000002  c_w.l(libshutdown2.o)
    0x000001c6   0x000001c6   0x00000000   Code   RO         6117    .ARM.Collect$$libshutdown$$00000004  c_w.l(libshutdown2.o)
    0x000001c6   0x000001c6   0x00000000   Code   RO         6120    .ARM.Collect$$libshutdown$$00000007  c_w.l(libshutdown2.o)
    0x000001c6   0x000001c6   0x00000000   Code   RO         6123    .ARM.Collect$$libshutdown$$0000000A  c_w.l(libshutdown2.o)
    0x000001c6   0x000001c6   0x00000000   Code   RO         6125    .ARM.Collect$$libshutdown$$0000000C  c_w.l(libshutdown2.o)
    0x000001c6   0x000001c6   0x00000000   Code   RO         6128    .ARM.Collect$$libshutdown$$0000000F  c_w.l(libshutdown2.o)
    0x000001c6   0x000001c6   0x00000002   Code   RO         6129    .ARM.Collect$$libshutdown$$00000010  c_w.l(libshutdown2.o)
    0x000001c8   0x000001c8   0x00000000   Code   RO         5876    .ARM.Collect$$rtentry$$00000000  c_w.l(__rtentry.o)
    0x000001c8   0x000001c8   0x00000000   Code   RO         6023    .ARM.Collect$$rtentry$$00000002  c_w.l(__rtentry2.o)
    0x000001c8   0x000001c8   0x00000006   Code   RO         6035    .ARM.Collect$$rtentry$$00000004  c_w.l(__rtentry4.o)
    0x000001ce   0x000001ce   0x00000000   Code   RO         6025    .ARM.Collect$$rtentry$$00000009  c_w.l(__rtentry2.o)
    0x000001ce   0x000001ce   0x00000004   Code   RO         6026    .ARM.Collect$$rtentry$$0000000A  c_w.l(__rtentry2.o)
    0x000001d2   0x000001d2   0x00000000   Code   RO         6028    .ARM.Collect$$rtentry$$0000000C  c_w.l(__rtentry2.o)
    0x000001d2   0x000001d2   0x00000008   Code   RO         6029    .ARM.Collect$$rtentry$$0000000D  c_w.l(__rtentry2.o)
    0x000001da   0x000001da   0x00000002   Code   RO         6102    .ARM.Collect$$rtexit$$00000000  c_w.l(rtexit.o)
    0x000001dc   0x000001dc   0x00000000   Code   RO         6133    .ARM.Collect$$rtexit$$00000002  c_w.l(rtexit2.o)
    0x000001dc   0x000001dc   0x00000004   Code   RO         6134    .ARM.Collect$$rtexit$$00000003  c_w.l(rtexit2.o)
    0x000001e0   0x000001e0   0x00000006   Code   RO         6135    .ARM.Collect$$rtexit$$00000004  c_w.l(rtexit2.o)
    0x000001e6   0x000001e6   0x00000002   PAD
    0x000001e8   0x000001e8   0x00000000   Code   RO         6046    .emb_text           c_w.l(maybetermalloc1.o)
    0x000001e8   0x000001e8   0x00000df8   Code   RO            3    .text               main.o
    0x00000fe0   0x00000fe0   0x00000d28   Code   RO          482    .text               os_serveprocess.o
    0x00001d08   0x00001d08   0x000002dc   Code   RO          511    .text               datatypes.o
    0x00001fe4   0x00001fe4   0x00000390   Code   RO          533    .text               circularqueue_lin.o
    0x00002374   0x00002374   0x00000040   Code   RO          556    .text               lib_mem.o
    0x000023b4   0x000023b4   0x00000040   Code   RO          608    .text               startup_lpc407x_8x_177x_8x.o
    0x000023f4   0x000023f4   0x0000040c   Code   RO          614    .text               system_lpc407x_8x_177x_8x.o
    0x00002800   0x00002800   0x00001008   Code   RO          660    .text               can.o
    0x00003808   0x00003808   0x00000128   Code   RO          712    .text               gpio.o
    0x00003930   0x00003930   0x00000120   Code   RO          735    .text               irq.o
    0x00003a50   0x00003a50   0x00000158   Code   RO          763    .text               rtc.o
    0x00003ba8   0x00003ba8   0x00000320   Code   RO          787    .text               sdram.o
    0x00003ec8   0x00003ec8   0x000004e4   Code   RO          810    .text               sspi.o
    0x000043ac   0x000043ac   0x000002a8   Code   RO          918    .text               timers.o
    0x00004654   0x00004654   0x000000f4   Code   RO          946    .text               wdt.o
    0x00004748   0x00004748   0x00001370   Code   RO          969    .text               i2cnew.o
    0x00005ab8   0x00005ab8   0x00000744   Code   RO          994    .text               uart.o
    0x000061fc   0x000061fc   0x00000108   Code   RO         1019    .text               adc.o
    0x00006304   0x00006304   0x00000470   Code   RO         1042    .text               pwm.o
    0x00006774   0x00006774   0x00000088   Code   RO         1064    .text               ledfunc.o
    0x000067fc   0x000067fc   0x00000110   Code   RO         1089    .text               adc24bit_ads1259.o
    0x0000690c   0x0000690c   0x000000d0   Code   RO         1112    .text               adc32bit_ltc2449.o
    0x000069dc   0x000069dc   0x000000cc   Code   RO         1134    .text               adc32bit_ltc2498.o
    0x00006aa8   0x00006aa8   0x00000cbc   Code   RO         1156    .text               adc16bit_ltc68042.o
    0x00007764   0x00007764   0x000001e0   Code   RO         1183    .text               fm25l256.o
    0x00007944   0x00007944   0x000001f0   Code   RO         1206    .text               eeprom_24lc128.o
    0x00007b34   0x00007b34   0x0000009c   Code   RO         1230    .text               controlpin.o
    0x00007bd0   0x00007bd0   0x0000018c   Code   RO         1253    .text               cpld.o
    0x00007d5c   0x00007d5c   0x00000190   Code   RO         1275    .text               dac16bit_ad5754.o
    0x00007eec   0x00007eec   0x000000f8   Code   RO         1297    .text               dds_ad9834.o
    0x00007fe4   0x00007fe4   0x000005e8   Code   RO         1319    .text               adc24bit_ad7175.o
    0x000085cc   0x000085cc   0x00000070   Code   RO         1339    .text               net_config.o
    0x0000863c   0x0000863c   0x00000444   Code   RO         1371    .text               tcptxrx.o
    0x00008a80   0x00008a80   0x0000093c   Code   RO         1401    .text               emac_lpc177x_8x.o
    0x000093bc   0x000093bc   0x00004204   Code   RO         1680    .text               ethernetparse.o
    0x0000d5c0   0x0000d5c0   0x00000568   Code   RO         2147    .text               eventsbuffering.o
    0x0000db28   0x0000db28   0x00002dec   Code   RO         2179    .text               multimcucommunication.o
    0x00010914   0x00010914   0x000001dc   Code   RO         2208    .text               aux_uartparse.o
    0x00010af0   0x00010af0   0x000009b4   Code   RO         2231    .text               dwin_uartparse.o
    0x000114a4   0x000114a4   0x00002f24   Code   RO         2255    .text               canbusparse.o
    0x000143c8   0x000143c8   0x0000006c   Code   RO         2284    .text               canbuswatchdog.o
    0x00014434   0x00014434   0x00000038   Code   RO         2308    .text               bsp.o
    0x0001446c   0x0001446c   0x000021f4   Code   RO         2331    .text               auxdatamanager.o
    0x00016660   0x00016660   0x000025d0   Code   RO         2787    .text               auxsampleprocess.o
    0x00018c30   0x00018c30   0x00001cd8   Code   RO         2843    .text               auxsdl.o
    0x0001a908   0x0001a908   0x00000554   Code   RO         2871    .text               auxchecklimit_4.o
    0x0001ae5c   0x0001ae5c   0x00000014   Code   RO         2893    .text               auxchecklimit_8.o
    0x0001ae70   0x0001ae70   0x00000cd0   Code   RO         2915    .text               auxcconfig.o
    0x0001bb40   0x0001bb40   0x00001888   Code   RO         2939    .text               aux_safecheck.o
    0x0001d3c8   0x0001d3c8   0x00001630   Code   RO         2990    .text               auxconfigrsn.o
    0x0001e9f8   0x0001e9f8   0x0000048c   Code   RO         3014    .text               aux_redundantsample.o
    0x0001ee84   0x0001ee84   0x0000001c   Code   RO         3039    .text               auxreaddi.o
    0x0001eea0   0x0001eea0   0x0000001c   Code   RO         3061    .text               auxwritedo.o
    0x0001eebc   0x0001eebc   0x00000044   Code   RO         3083    .text               auxsampletask.o
    0x0001ef00   0x0001ef00   0x000002f4   Code   RO         3105    .text               auxredundantsafetycheck.o
    0x0001f1f4   0x0001f1f4   0x00000448   Code   RO         3129    .text               auxsample_2ndv_lc.o
    0x0001f63c   0x0001f63c   0x00000c5c   Code   RO         3151    .text               auxmetavariable.o
    0x00020298   0x00020298   0x000002f4   Code   RO         3179    .text               aux_pid.o
    0x0002058c   0x0002058c   0x00002d9a   Code   RO         3203    .text               auxacimtest.o
    0x00023326   0x00023326   0x00000002   PAD
    0x00023328   0x00023328   0x000009a0   Code   RO         3271    .text               aux_sysctrl.o
    0x00023cc8   0x00023cc8   0x000004a0   Code   RO         3297    .text               poweradj.o
    0x00024168   0x00024168   0x0000124c   Code   RO         3321    .text               mtci_ctrl.o
    0x000253b4   0x000253b4   0x0000025c   Code   RO         3778    .text               tc_eurotherm_2204e.o
    0x00025610   0x00025610   0x0000027c   Code   RO         3802    .text               tc_eurotherm_3216.o
    0x0002588c   0x0002588c   0x000002f4   Code   RO         3826    .text               tc_future_fdcp91.o
    0x00025b80   0x00025b80   0x000003bc   Code   RO         3850    .text               tc_ksi_ths2005.o
    0x00025f3c   0x00025f3c   0x00000538   Code   RO         3874    .text               tc_samwontech_temp880.o
    0x00026474   0x00026474   0x000002e4   Code   RO         3898    .text               tc_tfs_pc200.o
    0x00026758   0x00026758   0x000002fc   Code   RO         3922    .text               tc_thermotron_8200.o
    0x00026a54   0x00026a54   0x000003fc   Code   RO         3946    .text               tc_watlow_f4.o
    0x00026e50   0x00026e50   0x000004e0   Code   RO         3970    .text               th_csz_ezt570i.o
    0x00027330   0x00027330   0x00000434   Code   RO         3994    .text               th_harding_tpc7062k.o
    0x00027764   0x00027764   0x0000046a   Code   RO         4018    .text               th_samwontech_temi2500.o
    0x00027bce   0x00027bce   0x00000002   PAD
    0x00027bd0   0x00027bd0   0x000008cc   Code   RO         4042    .text               th_siemens_s7_226cn.o
    0x0002849c   0x0002849c   0x00000578   Code   RO         4066    .text               th_voetsch.o
    0x00028a14   0x00028a14   0x00000570   Code   RO         4090    .text               mtci_datatypes.o
    0x00028f84   0x00028f84   0x00000538   Code   RO         4113    .text               tc_samwontech_temp2500.o
    0x000294bc   0x000294bc   0x0000054c   Code   RO         4137    .text               th_clcd_9700.o
    0x00029a08   0x00029a08   0x00000548   Code   RO         4161    .text               th_shanghai_pindun_temi880.o
    0x00029f50   0x00029f50   0x000004e0   Code   RO         4185    .text               th_csz_ezt430i.o
    0x0002a430   0x0002a430   0x0000049c   Code   RO         4209    .text               tc_binder_mb1.o
    0x0002a8cc   0x0002a8cc   0x0000042c   Code   RO         4233    .text               th_dongguan_huance_umc1200.o
    0x0002acf8   0x0002acf8   0x000004a0   Code   RO         4257    .text               th_guangzhou_wusuo.o
    0x0002b198   0x0002b198   0x000004c0   Code   RO         4281    .text               th_tt_5166.o
    0x0002b658   0x0002b658   0x00000544   Code   RO         4305    .text               th_voetsch_vc_l4006.o
    0x0002bb9c   0x0002bb9c   0x000004c4   Code   RO         4329    .text               th_hardings7_hlt504p.o
    0x0002c060   0x0002c060   0x00000760   Code   RO         4353    .text               th_chongqing_yinhe_modbustcp.o
    0x0002c7c0   0x0002c7c0   0x00000578   Code   RO         4377    .text               tc_hardings7_hlt403p-ii.o
    0x0002cd38   0x0002cd38   0x000002e0   Code   RO         4401    .text               tc_julabo_fp50ma_f4.o
    0x0002d018   0x0002d018   0x000004f4   Code   RO         4425    .text               th_chongqing_ataihe.o
    0x0002d50c   0x0002d50c   0x00000488   Code   RO         4449    .text               th_jufu_9700s.o
    0x0002d994   0x0002d994   0x000003c8   Code   RO         4473    .text               th_espec_scp220.o
    0x0002dd5c   0x0002dd5c   0x000002d4   Code   RO         4497    .text               tc_sun_ec1x.o
    0x0002e030   0x0002e030   0x000003e0   Code   RO         4522    .text               th_espec_gpl_4.o
    0x0002e410   0x0002e410   0x00000668   Code   RO         4546    .text               th_siemens_s7_saia.o
    0x0002ea78   0x0002ea78   0x0000035c   Code   RO         4570    .text               tc_julabo_jili.o
    0x0002edd4   0x0002edd4   0x0000047c   Code   RO         4594    .text               tc_tm221ce24t.o
    0x0002f250   0x0002f250   0x0000053c   Code   RO         4618    .text               th_us_9256p_accu3.o
    0x0002f78c   0x0002f78c   0x000002ec   Code   RO         4641    .text               aux_2ndv_tr_509146_base.o
    0x0002fa78   0x0002fa78   0x00000508   Code   RO         4663    .text               aux_2ndv_him_511898_wmadc602540_base.o
    0x0002ff80   0x0002ff80   0x000004a8   Code   RO         4686    .text               aux_p_tc_509138_base.o
    0x00030428   0x00030428   0x00000028   Code   RO         4708    .text               batterycells_adc5dac.o
    0x00030450   0x00030450   0x000003d8   Code   RO         4730    .text               batterycells_base.o
    0x00030828   0x00030828   0x000004f8   Code   RO         4771    .text               batterycells_samplemanage.o
    0x00030d20   0x00030d20   0x000007cc   Code   RO         4794    .text               aux_multifunc_514194_base.o
    0x000314ec   0x000314ec   0x000006cc   Code   RO         4818    .text               aux_redun_2ndv_tc_601082_base.o
    0x00031bb8   0x00031bb8   0x000007a0   Code   RO         4841    .text               aux_extcharge_601618_base.o
    0x00032358   0x00032358   0x00000574   Code   RO         4865    .text               aux_monitor_601618_base.o
    0x000328cc   0x000328cc   0x00000530   Code   RO         4889    .text               aux_2ndv_lc_601310_base.o
    0x00032dfc   0x00032dfc   0x000006b0   Code   RO         4912    .text               aux_tr_pt100_601314_base.o
    0x000334ac   0x000334ac   0x00000432   Code   RO         4934    .text               aux_dido_601196_wmadc602518_base.o
    0x000338de   0x000338de   0x00000002   PAD
    0x000338e0   0x000338e0   0x00000958   Code   RO         4956    .text               aux_onlinersm_602026_base.o
    0x00034238   0x00034238   0x00000c26   Code   RO         4981    .text               aux_tc_mad602280_wmadc602524_base.o
    0x00034e5e   0x00034e5e   0x00000002   PAD
    0x00034e60   0x00034e60   0x00000c7c   Code   RO         5003    .text               aux_aio_dio_602178_wmadc602548_base.o
    0x00035adc   0x00035adc   0x0000097c   Code   RO         5028    .text               aux_chamber_tec_base.o
    0x00036458   0x00036458   0x00000338   Code   RO         5052    .text               ht16k33.o
    0x00036790   0x00036790   0x0000015c   Code   RO         5075    .text               tmp_keyfun.o
    0x000368ec   0x000368ec   0x00000230   Code   RO         5097    .text               tmp75_tec.o
    0x00036b1c   0x00036b1c   0x00001414   Code   RO         5120    .text               aux_mtc_base.o
    0x00037f30   0x00037f30   0x00000528   Code   RO         5145    .text               aux_tc_hs_madc602176_wmadc602484_base.o
    0x00038458   0x00038458   0x00000b94   Code   RO         5167    .text               aux_wmadc_pt100_602532_base.o
    0x00038fec   0x00038fec   0x00000b74   Code   RO         5189    .text               aux_wmadc_2ndv_tr_602536_base.o
    0x00039b60   0x00039b60   0x00000a20   Code   RO         5211    .text               aux_wmadc_2ndv_lc_602528_wmadc_603072_wmadc_603130_base.o
    0x0003a580   0x0003a580   0x000008ec   Code   RO         5234    .text               aux_dds_acim_acr_408888_base.o
    0x0003ae6c   0x0003ae6c   0x00000214   Code   RO         5258    .text               aux_dds_acim_acr_408888_samplemanage.o
    0x0003b080   0x0003b080   0x00000088   Code   RO         5282    .text               aux_systemctrlboard_415016_base.o
    0x0003b108   0x0003b108   0x00000638   Code   RO         5304    .text               aux_poweradj_200a_412206_base.o
    0x0003b740   0x0003b740   0x0000005e   Code   RO         5614    .text               c_w.l(h1_alloc.o)
    0x0003b79e   0x0003b79e   0x0000004e   Code   RO         5616    .text               c_w.l(h1_free.o)
    0x0003b7ec   0x0003b7ec   0x000000ee   Code   RO         5672    .text               c_w.l(lludivv7m.o)
    0x0003b8da   0x0003b8da   0x00000026   Code   RO         5674    .text               c_w.l(llshl.o)
    0x0003b900   0x0003b900   0x00000026   Code   RO         5676    .text               c_w.l(llushr.o)
    0x0003b926   0x0003b926   0x00000048   Code   RO         5678    .text               c_w.l(llsdiv.o)
    0x0003b96e   0x0003b96e   0x00000058   Code   RO         5680    .text               c_w.l(memcmp.o)
    0x0003b9c6   0x0003b9c6   0x00000048   Code   RO         5682    .text               c_w.l(strcpy.o)
    0x0003ba0e   0x0003ba0e   0x0000003e   Code   RO         5684    .text               c_w.l(strlen.o)
    0x0003ba4c   0x0003ba4c   0x00000018   Code   RO         5686    .text               c_w.l(strcat.o)
    0x0003ba64   0x0003ba64   0x0000008a   Code   RO         5688    .text               c_w.l(rt_memcpy_v6.o)
    0x0003baee   0x0003baee   0x00000064   Code   RO         5690    .text               c_w.l(rt_memcpy_w.o)
    0x0003bb52   0x0003bb52   0x00000010   Code   RO         5692    .text               c_w.l(aeabi_memset.o)
    0x0003bb62   0x0003bb62   0x00000044   Code   RO         5694    .text               c_w.l(rt_memclr.o)
    0x0003bba6   0x0003bba6   0x0000004e   Code   RO         5696    .text               c_w.l(rt_memclr_w.o)
    0x0003bbf4   0x0003bbf4   0x00000006   Code   RO         5698    .text               c_w.l(heapauxi.o)
    0x0003bbfa   0x0003bbfa   0x00000002   PAD
    0x0003bbfc   0x0003bbfc   0x00000008   Code   RO         5884    .text               c_w.l(rt_heap_descriptor_intlibspace.o)
    0x0003bc04   0x0003bc04   0x00000004   Code   RO         5886    .text               c_w.l(hguard.o)
    0x0003bc08   0x0003bc08   0x0000008a   Code   RO         5888    .text               c_w.l(init_alloc.o)
    0x0003bc92   0x0003bc92   0x0000000e   Code   RO         5892    .text               c_w.l(h1_init.o)
    0x0003bca0   0x0003bca0   0x00000016   Code   RO         5906    .text               c_w.l(_rserrno.o)
    0x0003bcb6   0x0003bcb6   0x00000002   PAD
    0x0003bcb8   0x0003bcb8   0x00000008   Code   RO         6019    .text               c_w.l(libspace.o)
    0x0003bcc0   0x0003bcc0   0x00000008   Code   RO         6042    .text               c_w.l(rt_errno_addr_intlibspace.o)
    0x0003bcc8   0x0003bcc8   0x00000034   Code   RO         6048    .text               c_w.l(h1_extend.o)
    0x0003bcfc   0x0003bcfc   0x0000000e   Code   RO         6052    .text               c_w.l(defsig_rtmem_outer.o)
    0x0003bd0a   0x0003bd0a   0x00000002   Code   RO         6071    .text               c_w.l(use_no_semi.o)
    0x0003bd0c   0x0003bd0c   0x00000000   Code   RO         6073    .text               c_w.l(indicate_semi.o)
    0x0003bd0c   0x0003bd0c   0x0000004a   Code   RO         6074    .text               c_w.l(sys_stackheap_outer.o)
    0x0003bd56   0x0003bd56   0x00000012   Code   RO         6080    .text               c_w.l(exit.o)
    0x0003bd68   0x0003bd68   0x0000000a   Code   RO         6082    .text               c_w.l(defsig_exit.o)
    0x0003bd72   0x0003bd72   0x00000002   PAD
    0x0003bd74   0x0003bd74   0x00000050   Code   RO         6088    .text               c_w.l(defsig_rtmem_inner.o)
    0x0003bdc4   0x0003bdc4   0x0000000c   Code   RO         6100    .text               c_w.l(sys_exit.o)
    0x0003bdd0   0x0003bdd0   0x00000032   Code   RO         6110    .text               c_w.l(defsig_general.o)
    0x0003be02   0x0003be02   0x0000000e   Code   RO         6130    .text               c_w.l(sys_wrch.o)
    0x0003be10   0x0003be10   0x0000000a   Code   RO         1702    i._ZN13EthernetParse8Char2NumEh  ethernetparse.o
    0x0003be1a   0x0003be1a   0x00000020   Code   RO         2810    i._ZSt3absd         auxsampleprocess.o
    0x0003be3a   0x0003be3a   0x00000022   Code   RO         2804    i._ZSt3powfi        auxsampleprocess.o
    0x0003be5c   0x0003be5c   0x00000018   Code   RO         3235    i._ZSt4ceilf        auxacimtest.o
    0x0003be74   0x0003be74   0x00000018   Code   RO         3229    i._ZSt4sqrtf        auxacimtest.o
    0x0003be8c   0x0003be8c   0x00000020   Code   RO         3223    i._ZSt5atan2ff      auxacimtest.o
    0x0003beac   0x0003beac   0x00000018   Code   RO         3241    i._ZSt5floorf       auxacimtest.o
    0x0003bec4   0x0003bec4   0x00000030   Code   RO         6067    i.__ARM_fpclassify  m_wm.l(fpclassify.o)
    0x0003bef4   0x0003bef4   0x00000026   Code   RO         5987    i.__ARM_fpclassifyf  m_wm.l(fpclassifyf.o)
    0x0003bf1a   0x0003bf1a   0x00000010   Code   RO         5702    i.__cxa_guard_acquire  cpprt_w.l(cxa_guard_acquire.o)
    0x0003bf2a   0x0003bf2a   0x00000002   PAD
    0x0003bf2c   0x0003bf2c   0x00000250   Code   RO         5754    i.__hardfp_atan2f   m_wm.l(atan2f.o)
    0x0003c17c   0x0003c17c   0x0000006c   Code   RO         5766    i.__hardfp_ceilf    m_wm.l(ceilf.o)
    0x0003c1e8   0x0003c1e8   0x000001e8   Code   RO         5772    i.__hardfp_expf     m_wm.l(expf.o)
    0x0003c3d0   0x0003c3d0   0x00000014   Code   RO         5786    i.__hardfp_fabs     m_wm.l(fabs.o)
    0x0003c3e4   0x0003c3e4   0x00000070   Code   RO         5792    i.__hardfp_floorf   m_wm.l(floorf.o)
    0x0003c454   0x0003c454   0x0000016c   Code   RO         5798    i.__hardfp_logf     m_wm.l(logf.o)
    0x0003c5c0   0x0003c5c0   0x00000664   Code   RO         5812    i.__hardfp_powf     m_wm.l(powf.o)
    0x0003cc24   0x0003cc24   0x00000004   PAD
    0x0003cc28   0x0003cc28   0x000000c8   Code   RO         5826    i.__hardfp_sin      m_wm.l(sin.o)
    0x0003ccf0   0x0003ccf0   0x00000190   Code   RO         5838    i.__hardfp_sinf     m_wm.l(sinf.o)
    0x0003ce80   0x0003ce80   0x0000007a   Code   RO         5850    i.__hardfp_sqrt     m_wm.l(sqrt.o)
    0x0003cefa   0x0003cefa   0x0000003a   Code   RO         5862    i.__hardfp_sqrtf    m_wm.l(sqrtf.o)
    0x0003cf34   0x0003cf34   0x00000004   PAD
    0x0003cf38   0x0003cf38   0x00000438   Code   RO         6003    i.__ieee754_rem_pio2  m_wm.l(rred.o)
    0x0003d370   0x0003d370   0x00000170   Code   RO         5970    i.__kernel_cos      m_wm.l(cos_i.o)
    0x0003d4e0   0x0003d4e0   0x000000f8   Code   RO         6069    i.__kernel_poly     m_wm.l(poly.o)
    0x0003d5d8   0x0003d5d8   0x00000130   Code   RO         6011    i.__kernel_sin      m_wm.l(sin_i.o)
    0x0003d708   0x0003d708   0x00000014   Code   RO         5974    i.__mathlib_dbl_infnan  m_wm.l(dunder.o)
    0x0003d71c   0x0003d71c   0x00000004   PAD
    0x0003d720   0x0003d720   0x00000020   Code   RO         5976    i.__mathlib_dbl_invalid  m_wm.l(dunder.o)
    0x0003d740   0x0003d740   0x00000020   Code   RO         5979    i.__mathlib_dbl_underflow  m_wm.l(dunder.o)
    0x0003d760   0x0003d760   0x00000014   Code   RO         5989    i.__mathlib_flt_divzero  m_wm.l(funder.o)
    0x0003d774   0x0003d774   0x00000006   Code   RO         5990    i.__mathlib_flt_infnan  m_wm.l(funder.o)
    0x0003d77a   0x0003d77a   0x00000006   Code   RO         5991    i.__mathlib_flt_infnan2  m_wm.l(funder.o)
    0x0003d780   0x0003d780   0x00000010   Code   RO         5992    i.__mathlib_flt_invalid  m_wm.l(funder.o)
    0x0003d790   0x0003d790   0x00000010   Code   RO         5993    i.__mathlib_flt_overflow  m_wm.l(funder.o)
    0x0003d7a0   0x0003d7a0   0x00000010   Code   RO         5995    i.__mathlib_flt_underflow  m_wm.l(funder.o)
    0x0003d7b0   0x0003d7b0   0x00000154   Code   RO         6008    i.__mathlib_rredf2  m_wm.l(rredf.o)
    0x0003d904   0x0003d904   0x000000bc   Code   RO         5519    i.alloc_mem         TCP_CM3.lib(at_mem.o)
    0x0003d9c0   0x0003d9c0   0x000000b8   Code   RO         5329    i.arp_cache_add     TCP_CM3.lib(at_arp.o)
    0x0003da78   0x0003da78   0x00000088   Code   RO         5330    i.arp_cache_alloc   TCP_CM3.lib(at_arp.o)
    0x0003db00   0x0003db00   0x00000098   Code   RO         5331    i.arp_cache_early   TCP_CM3.lib(at_arp.o)
    0x0003db98   0x0003db98   0x000000b4   Code   RO         5332    i.arp_cache_find    TCP_CM3.lib(at_arp.o)
    0x0003dc4c   0x0003dc4c   0x000000f4   Code   RO         5335    i.arp_cache_update  TCP_CM3.lib(at_arp.o)
    0x0003dd40   0x0003dd40   0x0000003c   Code   RO         5336    i.arp_get_hwadr     TCP_CM3.lib(at_arp.o)
    0x0003dd7c   0x0003dd7c   0x00000068   Code   RO         5337    i.arp_get_info      TCP_CM3.lib(at_arp.o)
    0x0003dde4   0x0003dde4   0x0000002c   Code   RO         5338    i.arp_init          TCP_CM3.lib(at_arp.o)
    0x0003de10   0x0003de10   0x00000034   Code   RO         5339    i.arp_is_cacheable  TCP_CM3.lib(at_arp.o)
    0x0003de44   0x0003de44   0x00000028   Code   RO         5340    i.arp_notify        TCP_CM3.lib(at_arp.o)
    0x0003de6c   0x0003de6c   0x00000088   Code   RO         5342    i.arp_proc_response  TCP_CM3.lib(at_arp.o)
    0x0003def4   0x0003def4   0x00000138   Code   RO         5343    i.arp_process       TCP_CM3.lib(at_arp.o)
    0x0003e02c   0x0003e02c   0x000000a0   Code   RO         5344    i.arp_send_reply    TCP_CM3.lib(at_arp.o)
    0x0003e0cc   0x0003e0cc   0x000000b8   Code   RO         5345    i.arp_send_request  TCP_CM3.lib(at_arp.o)
    0x0003e184   0x0003e184   0x00000012   Code   RO         5555    i.calc_chksum16be   TCP_CM3.lib(at_lib.o)
    0x0003e196   0x0003e196   0x00000002   PAD
    0x0003e198   0x0003e198   0x00000028   Code   RO         5556    i.chksum16_buf      TCP_CM3.lib(at_lib.o)
    0x0003e1c0   0x0003e1c0   0x0000000a   Code   RO         5557    i.chksum16_val      TCP_CM3.lib(at_lib.o)
    0x0003e1ca   0x0003e1ca   0x00000002   PAD
    0x0003e1cc   0x0003e1cc   0x00000010   Code   RO         5499    i.eth_chk_adr       TCP_CM3.lib(at_ethernet.o)
    0x0003e1dc   0x0003e1dc   0x00000034   Code   RO         5501    i.eth_init_link     TCP_CM3.lib(at_ethernet.o)
    0x0003e210   0x0003e210   0x000000d4   Code   RO         5502    i.eth_run_link      TCP_CM3.lib(at_ethernet.o)
    0x0003e2e4   0x0003e2e4   0x000000a8   Code   RO         5503    i.eth_send_frame    TCP_CM3.lib(at_ethernet.o)
    0x0003e38c   0x0003e38c   0x00000018   Code   RO         5788    i.fabs              m_wm.l(fabs.o)
    0x0003e3a4   0x0003e3a4   0x00000084   Code   RO         5520    i.free_mem          TCP_CM3.lib(at_mem.o)
    0x0003e428   0x0003e428   0x00000028   Code   RO         5559    i.get_crc32         TCP_CM3.lib(at_lib.o)
    0x0003e450   0x0003e450   0x0000001c   Code   RO         5537    i.get_rnd32         TCP_CM3.lib(at_system.o)
    0x0003e46c   0x0003e46c   0x00000010   Code   RO         5392    i.icmp_init         TCP_CM3.lib(at_icmp.o)
    0x0003e47c   0x0003e47c   0x000000cc   Code   RO         5394    i.icmp_process      TCP_CM3.lib(at_icmp.o)
    0x0003e548   0x0003e548   0x00000048   Code   RO         5395    i.icmp_run_engine   TCP_CM3.lib(at_icmp.o)
    0x0003e590   0x0003e590   0x00000070   Code   RO         5396    i.icmp_send_message  TCP_CM3.lib(at_icmp.o)
    0x0003e600   0x0003e600   0x00000038   Code   RO         5521    i.ifree_mem         TCP_CM3.lib(at_mem.o)
    0x0003e638   0x0003e638   0x0000002c   Code   RO         5538    i.init_TcpNet       TCP_CM3.lib(at_system.o)
    0x0003e664   0x0003e664   0x0000002c   Code   RO         5522    i.init_mem          TCP_CM3.lib(at_mem.o)
    0x0003e690   0x0003e690   0x000000c8   Code   RO         5371    i.ip_chk_frame      TCP_CM3.lib(at_ip.o)
    0x0003e758   0x0003e758   0x0000000a   Code   RO         5372    i.ip_get_chksum     TCP_CM3.lib(at_ip.o)
    0x0003e762   0x0003e762   0x00000002   PAD
    0x0003e764   0x0003e764   0x000000b8   Code   RO         5373    i.ip_get_locadr     TCP_CM3.lib(at_ip.o)
    0x0003e81c   0x0003e81c   0x0000000c   Code   RO         5374    i.ip_init           TCP_CM3.lib(at_ip.o)
    0x0003e828   0x0003e828   0x0000005c   Code   RO         5375    i.ip_run_local      TCP_CM3.lib(at_ip.o)
    0x0003e884   0x0003e884   0x00000150   Code   RO         5376    i.ip_send_frame     TCP_CM3.lib(at_ip.o)
    0x0003e9d4   0x0003e9d4   0x00000014   Code   RO         5560    i.is_subnet         TCP_CM3.lib(at_lib.o)
    0x0003e9e8   0x0003e9e8   0x00000064   Code   RO         5539    i.main_TcpNet       TCP_CM3.lib(at_system.o)
    0x0003ea4c   0x0003ea4c   0x0000001a   Code   RO         5561    i.mem_comp          TCP_CM3.lib(at_lib.o)
    0x0003ea66   0x0003ea66   0x00000016   Code   RO         5562    i.mem_copy          TCP_CM3.lib(at_lib.o)
    0x0003ea7c   0x0003ea7c   0x00000020   Code   RO         5563    i.mem_crc32         TCP_CM3.lib(at_lib.o)
    0x0003ea9c   0x0003ea9c   0x0000000c   Code   RO         5565    i.mem_set           TCP_CM3.lib(at_lib.o)
    0x0003eaa8   0x0003eaa8   0x00000016   Code   RO         5566    i.mem_test          TCP_CM3.lib(at_lib.o)
    0x0003eabe   0x0003eabe   0x00000016   Code   RO         5568    i.nrd_u32be         TCP_CM3.lib(at_lib.o)
    0x0003ead4   0x0003ead4   0x00000010   Code   RO         5570    i.nwr_u32be         TCP_CM3.lib(at_lib.o)
    0x0003eae4   0x0003eae4   0x00000028   Code   RO         5504    i.put_in_queue      TCP_CM3.lib(at_ethernet.o)
    0x0003eb0c   0x0003eb0c   0x00000048   Code   RO         5523    i.resize_mem        TCP_CM3.lib(at_mem.o)
    0x0003eb54   0x0003eb54   0x00000040   Code   RO         5410    i.tcp_check_send    TCP_CM3.lib(at_tcp.o)
    0x0003eb94   0x0003eb94   0x00000020   Code   RO         5414    i.tcp_get_buf       TCP_CM3.lib(at_tcp.o)
    0x0003ebb4   0x0003ebb4   0x00000048   Code   RO         5416    i.tcp_get_socket    TCP_CM3.lib(at_tcp.o)
    0x0003ebfc   0x0003ebfc   0x00000028   Code   RO         5417    i.tcp_get_state     TCP_CM3.lib(at_tcp.o)
    0x0003ec24   0x0003ec24   0x00000014   Code   RO         5418    i.tcp_init          TCP_CM3.lib(at_tcp.o)
    0x0003ec38   0x0003ec38   0x00000074   Code   RO         5420    i.tcp_listen        TCP_CM3.lib(at_tcp.o)
    0x0003ecac   0x0003ecac   0x0000009c   Code   RO         5421    i.tcp_map_socket    TCP_CM3.lib(at_tcp.o)
    0x0003ed48   0x0003ed48   0x00000028   Code   RO         5422    i.tcp_max_dsize     TCP_CM3.lib(at_tcp.o)
    0x0003ed70   0x0003ed70   0x00000214   Code   RO         5423    i.tcp_poll_sockets  TCP_CM3.lib(at_tcp.o)
    0x0003ef84   0x0003ef84   0x0000046e   Code   RO         5424    i.tcp_process       TCP_CM3.lib(at_tcp.o)
    0x0003f3f2   0x0003f3f2   0x00000002   PAD
    0x0003f3f4   0x0003f3f4   0x00000078   Code   RO         5425    i.tcp_process_opt   TCP_CM3.lib(at_tcp.o)
    0x0003f46c   0x0003f46c   0x00000110   Code   RO         5429    i.tcp_send          TCP_CM3.lib(at_tcp.o)
    0x0003f57c   0x0003f57c   0x00000022   Code   RO         5430    i.tcp_send_ctrl     TCP_CM3.lib(at_tcp.o)
    0x0003f59e   0x0003f59e   0x00000002   PAD
    0x0003f5a0   0x0003f5a0   0x00000108   Code   RO         5431    i.tcp_send_frame    TCP_CM3.lib(at_tcp.o)
    0x0003f6a8   0x0003f6a8   0x00000080   Code   RO         5432    i.tcp_send_reset    TCP_CM3.lib(at_tcp.o)
    0x0003f728   0x0003f728   0x00000012   Code   RO         5433    i.tcp_set_retransmit  TCP_CM3.lib(at_tcp.o)
    0x0003f73a   0x0003f73a   0x00000002   PAD
    0x0003f73c   0x0003f73c   0x00000070   Code   RO         5434    i.tcp_transit       TCP_CM3.lib(at_tcp.o)
    0x0003f7ac   0x0003f7ac   0x0000000c   Code   RO         5540    i.timer_tick        TCP_CM3.lib(at_system.o)
    0x0003f7b8   0x0003f7b8   0x00000020   Code   RO         5470    i.udp_get_buf       TCP_CM3.lib(at_udp.o)
    0x0003f7d8   0x0003f7d8   0x00000044   Code   RO         5471    i.udp_get_socket    TCP_CM3.lib(at_udp.o)
    0x0003f81c   0x0003f81c   0x00000018   Code   RO         5472    i.udp_init          TCP_CM3.lib(at_udp.o)
    0x0003f834   0x0003f834   0x00000068   Code   RO         5475    i.udp_open          TCP_CM3.lib(at_udp.o)
    0x0003f89c   0x0003f89c   0x0000002c   Code   RO         5476    i.udp_port_in_use   TCP_CM3.lib(at_udp.o)
    0x0003f8c8   0x0003f8c8   0x000000b8   Code   RO         5477    i.udp_process       TCP_CM3.lib(at_udp.o)
    0x0003f980   0x0003f980   0x0000011c   Code   RO         5479    i.udp_send          TCP_CM3.lib(at_udp.o)
    0x0003fa9c   0x0003fa9c   0x00000018   Code   RO         5708    x$fpl$basic         fz_wm.l(basic.o)
    0x0003fab4   0x0003fab4   0x00000062   Code   RO         5710    x$fpl$d2f           fz_wm.l(d2f.o)
    0x0003fb16   0x0003fb16   0x00000002   PAD
    0x0003fb18   0x0003fb18   0x00000150   Code   RO         5712    x$fpl$dadd          fz_wm.l(daddsub_clz.o)
    0x0003fc68   0x0003fc68   0x00000018   Code   RO         5955    x$fpl$dcmpinf       fz_wm.l(dcmpi.o)
    0x0003fc80   0x0003fc80   0x000002b0   Code   RO         5719    x$fpl$ddiv          fz_wm.l(ddiv.o)
    0x0003ff30   0x0003ff30   0x0000005e   Code   RO         6061    x$fpl$dfix          fz_wm.l(dfix.o)
    0x0003ff8e   0x0003ff8e   0x00000002   PAD
    0x0003ff90   0x0003ff90   0x0000005a   Code   RO         5722    x$fpl$dfixu         fz_wm.l(dfixu.o)
    0x0003ffea   0x0003ffea   0x0000002e   Code   RO         5727    x$fpl$dflt          fz_wm.l(dflt_clz.o)
    0x00040018   0x00040018   0x000000a2   Code   RO         5732    x$fpl$dfltll        fz_wm.l(dfltll_clz.o)
    0x000400ba   0x000400ba   0x00000026   Code   RO         5726    x$fpl$dfltu         fz_wm.l(dflt_clz.o)
    0x000400e0   0x000400e0   0x0000008a   Code   RO         5733    x$fpl$dfltull       fz_wm.l(dfltll_clz.o)
    0x0004016a   0x0004016a   0x00000002   PAD
    0x0004016c   0x0004016c   0x00000078   Code   RO         5736    x$fpl$dleqf         fz_wm.l(dleqf.o)
    0x000401e4   0x000401e4   0x00000154   Code   RO         5738    x$fpl$dmul          fz_wm.l(dmul.o)
    0x00040338   0x00040338   0x0000009c   Code   RO         5957    x$fpl$dnaninf       fz_wm.l(dnaninf.o)
    0x000403d4   0x000403d4   0x0000000c   Code   RO         5959    x$fpl$dretinf       fz_wm.l(dretinf.o)
    0x000403e0   0x000403e0   0x0000006c   Code   RO         5740    x$fpl$drleqf        fz_wm.l(drleqf.o)
    0x0004044c   0x0004044c   0x00000016   Code   RO         5713    x$fpl$drsb          fz_wm.l(daddsub_clz.o)
    0x00040462   0x00040462   0x00000002   PAD
    0x00040464   0x00040464   0x00000198   Code   RO         5961    x$fpl$dsqrt         fz_wm.l(dsqrt_umaal.o)
    0x000405fc   0x000405fc   0x000001d4   Code   RO         5714    x$fpl$dsub          fz_wm.l(daddsub_clz.o)
    0x000407d0   0x000407d0   0x00000056   Code   RO         5742    x$fpl$f2d           fz_wm.l(f2d.o)
    0x00040826   0x00040826   0x00000060   Code   RO         5752    x$fpl$ffltll        fz_wm.l(ffltll_clz.o)
    0x00040886   0x00040886   0x0000008c   Code   RO         5963    x$fpl$fnaninf       fz_wm.l(fnaninf.o)
    0x00040912   0x00040912   0x0000000a   Code   RO         6065    x$fpl$fpinit        fz_wm.l(fpinit.o)
    0x0004091c   0x0004091c   0x0000000a   Code   RO         5965    x$fpl$fretinf       fz_wm.l(fretinf.o)
    0x00040926   0x00040926   0x00000002   PAD
    0x00040928   0x00040928   0x00000086   Code   RO         5744    x$fpl$llsfromf      fz_wm.l(ffixll.o)
    0x000409ae   0x000409ae   0x00000002   PAD
    0x000409b0   0x000409b0   0x0000005c   Code   RO         5748    x$fpl$llufromf      fz_wm.l(ffixull.o)
    0x00040a0c   0x00040a0c   0x00000000   Code   RO         5969    x$fpl$usenofp       fz_wm.l(usenofp.o)
    0x00040a0c   0x00040a0c   0x00000058   Data   RO            5    .constdata          main.o
    0x00040a64   0x00040a64   0x00000540   Data   RO          714    .constdata          gpio.o
    0x00040fa4   0x00040fa4   0x00000104   Data   RO          789    .constdata          sdram.o
    0x000410a8   0x000410a8   0x00000030   Data   RO          920    .constdata          timers.o
    0x000410d8   0x000410d8   0x00000018   Data   RO          971    .constdata          i2cnew.o
    0x000410f0   0x000410f0   0x00000028   Data   RO          996    .constdata          uart.o
    0x00041118   0x00041118   0x00000008   Data   RO         1066    .constdata          ledfunc.o
    0x00041120   0x00041120   0x00000400   Data   RO         1159    .constdata          adc16bit_ltc68042.o
    0x00041520   0x00041520   0x00000020   Data   RO         1185    .constdata          fm25l256.o
    0x00041540   0x00041540   0x00000038   Data   RO         1341    .constdata          net_config.o
    0x00041578   0x00041578   0x00000200   Data   RO         2233    .constdata          dwin_uartparse.o
    0x00041778   0x00041778   0x0000114c   Data   RO         2333    .constdata          auxdatamanager.o
    0x000428c4   0x000428c4   0x00000004   Data   RO         2918    .constdata          auxcconfig.o
    0x000428c8   0x000428c8   0x00000018   Data   RO         3016    .constdata          aux_redundantsample.o
    0x000428e0   0x000428e0   0x0000002c   Data   RO         3205    .constdata          auxacimtest.o
    0x0004290c   0x0004290c   0x00000008   Data   RO         3273    .constdata          aux_sysctrl.o
    0x00042914   0x00042914   0x00000010   Data   RO         3300    .constdata          poweradj.o
    0x00042924   0x00042924   0x00000017   Data   RO         3780    .constdata          tc_eurotherm_2204e.o
    0x0004293b   0x0004293b   0x0000001c   Data   RO         3804    .constdata          tc_eurotherm_3216.o
    0x00042957   0x00042957   0x00000027   Data   RO         3828    .constdata          tc_future_fdcp91.o
    0x0004297e   0x0004297e   0x00000002   PAD
    0x00042980   0x00042980   0x00000384   Data   RO         3852    .constdata          tc_ksi_ths2005.o
    0x00042d04   0x00042d04   0x0000007d   Data   RO         3876    .constdata          tc_samwontech_temp880.o
    0x00042d81   0x00042d81   0x00000025   Data   RO         3900    .constdata          tc_tfs_pc200.o
    0x00042da6   0x00042da6   0x0000001e   Data   RO         3924    .constdata          tc_thermotron_8200.o
    0x00042dc4   0x00042dc4   0x0000012c   Data   RO         3948    .constdata          tc_watlow_f4.o
    0x00042ef0   0x00042ef0   0x00000027   Data   RO         3972    .constdata          th_csz_ezt570i.o
    0x00042f17   0x00042f17   0x0000007c   Data   RO         3996    .constdata          th_harding_tpc7062k.o
    0x00042f93   0x00042f93   0x00000091   Data   RO         4020    .constdata          th_samwontech_temi2500.o
    0x00043024   0x00043024   0x00000102   Data   RO         4044    .constdata          th_siemens_s7_226cn.o
    0x00043126   0x00043126   0x000000b8   Data   RO         4068    .constdata          th_voetsch.o
    0x000431de   0x000431de   0x00000200   Data   RO         4092    .constdata          mtci_datatypes.o
    0x000433de   0x000433de   0x0000007d   Data   RO         4115    .constdata          tc_samwontech_temp2500.o
    0x0004345b   0x0004345b   0x000000a1   Data   RO         4139    .constdata          th_clcd_9700.o
    0x000434fc   0x000434fc   0x00000057   Data   RO         4163    .constdata          th_shanghai_pindun_temi880.o
    0x00043553   0x00043553   0x00000027   Data   RO         4187    .constdata          th_csz_ezt430i.o
    0x0004357a   0x0004357a   0x0000001e   Data   RO         4211    .constdata          tc_binder_mb1.o
    0x00043598   0x00043598   0x00000048   Data   RO         4235    .constdata          th_dongguan_huance_umc1200.o
    0x000435e0   0x000435e0   0x0000004c   Data   RO         4259    .constdata          th_guangzhou_wusuo.o
    0x0004362c   0x0004362c   0x00000037   Data   RO         4283    .constdata          th_tt_5166.o
    0x00043663   0x00043663   0x00000072   Data   RO         4307    .constdata          th_voetsch_vc_l4006.o
    0x000436d5   0x000436d5   0x00000046   Data   RO         4331    .constdata          th_hardings7_hlt504p.o
    0x0004371b   0x0004371b   0x00000071   Data   RO         4355    .constdata          th_chongqing_yinhe_modbustcp.o
    0x0004378c   0x0004378c   0x00000066   Data   RO         4379    .constdata          tc_hardings7_hlt403p-ii.o
    0x000437f2   0x000437f2   0x00000044   Data   RO         4403    .constdata          tc_julabo_fp50ma_f4.o
    0x00043836   0x00043836   0x0000007a   Data   RO         4427    .constdata          th_chongqing_ataihe.o
    0x000438b0   0x000438b0   0x0000003c   Data   RO         4451    .constdata          th_jufu_9700s.o
    0x000438ec   0x000438ec   0x00000708   Data   RO         4475    .constdata          th_espec_scp220.o
    0x00043ff4   0x00043ff4   0x00000384   Data   RO         4499    .constdata          tc_sun_ec1x.o
    0x00044378   0x00044378   0x00000708   Data   RO         4524    .constdata          th_espec_gpl_4.o
    0x00044a80   0x00044a80   0x0000007b   Data   RO         4548    .constdata          th_siemens_s7_saia.o
    0x00044afb   0x00044afb   0x0000004c   Data   RO         4572    .constdata          tc_julabo_jili.o
    0x00044b47   0x00044b47   0x0000003f   Data   RO         4596    .constdata          tc_tm221ce24t.o
    0x00044b86   0x00044b86   0x00000002   PAD
    0x00044b88   0x00044b88   0x00000008   Data   RO         4665    .constdata          aux_2ndv_him_511898_wmadc602540_base.o
    0x00044b90   0x00044b90   0x00000038   Data   RO         4732    .constdata          batterycells_base.o
    0x00044bc8   0x00044bc8   0x00000040   Data   RO         4797    .constdata          aux_multifunc_514194_base.o
    0x00044c08   0x00044c08   0x00000008   Data   RO         4820    .constdata          aux_redun_2ndv_tc_601082_base.o
    0x00044c10   0x00044c10   0x00000058   Data   RO         4844    .constdata          aux_extcharge_601618_base.o
    0x00044c68   0x00044c68   0x00000048   Data   RO         4868    .constdata          aux_monitor_601618_base.o
    0x00044cb0   0x00044cb0   0x00000030   Data   RO         4891    .constdata          aux_2ndv_lc_601310_base.o
    0x00044ce0   0x00044ce0   0x000000e8   Data   RO         4959    .constdata          aux_onlinersm_602026_base.o
    0x00044dc8   0x00044dc8   0x000000a8   Data   RO         5006    .constdata          aux_aio_dio_602178_wmadc602548_base.o
    0x00044e70   0x00044e70   0x00000040   Data   RO         5031    .constdata          aux_chamber_tec_base.o
    0x00044eb0   0x00044eb0   0x00000108   Data   RO         5123    .constdata          aux_mtc_base.o
    0x00044fb8   0x00044fb8   0x00000030   Data   RO         5213    .constdata          aux_wmadc_2ndv_lc_602528_wmadc_603072_wmadc_603130_base.o
    0x00044fe8   0x00044fe8   0x000000b8   Data   RO         5236    .constdata          aux_dds_acim_acr_408888_base.o
    0x000450a0   0x000450a0   0x00000008   Data   RO         5306    .constdata          aux_poweradj_200a_412206_base.o
    0x000450a8   0x000450a8   0x00000006   Data   RO         5346    .constdata          TCP_CM3.lib(at_arp.o)
    0x000450ae   0x000450ae   0x00000008   Data   RO         5377    .constdata          TCP_CM3.lib(at_ip.o)
    0x000450b6   0x000450b6   0x00000006   Data   RO         5506    .constdata          TCP_CM3.lib(at_ethernet.o)
    0x000450bc   0x000450bc   0x00000030   Data   RO         5775    .constdata          m_wm.l(expf.o)
    0x000450ec   0x000450ec   0x00000040   Data   RO         5801    .constdata          m_wm.l(logf.o)
    0x0004512c   0x0004512c   0x00000140   Data   RO         5815    .constdata          m_wm.l(powf.o)
    0x0004526c   0x0004526c   0x00000004   PAD
    0x00045270   0x00045270   0x00000030   Data   RO         5971    .constdata          m_wm.l(cos_i.o)
    0x000452a0   0x000452a0   0x000000c8   Data   RO         6005    .constdata          m_wm.l(rred.o)
    0x00045368   0x00045368   0x00000020   Data   RO         6009    .constdata          m_wm.l(rredf.o)
    0x00045388   0x00045388   0x00000028   Data   RO         6012    .constdata          m_wm.l(sin_i.o)
    0x000453b0   0x000453b0   0x0000004b   Data   RO         3323    .conststring        mtci_ctrl.o
    0x000453fb   0x000453fb   0x00000001   PAD
    0x000453fc   0x000453fc   0x00000060   Data   RO         6158    Region$$Table       anon$$obj.o


    Execution Region RW_IRAM1 (Exec base: 0x10000000, Load base: 0x0004546c, Size: 0x0000c478, Max: 0x00010000, ABSOLUTE, COMPRESSED[0x0000020c])

    Exec Addr    Load Addr    Size         Type   Attr      Idx    E Section Name        Object

    0x10000000   COMPRESSED   0x00000021   Data   RW            6    .data               main.o
    0x10000021   COMPRESSED   0x00000007   PAD
    0x10000028   COMPRESSED   0x0000008e   Data   RW          485    .data               os_serveprocess.o
    0x100000b6   COMPRESSED   0x00000002   PAD
    0x100000b8   COMPRESSED   0x00000019   Data   RW          513    .data               datatypes.o
    0x100000d1   COMPRESSED   0x00000007   PAD
    0x100000d8   COMPRESSED   0x0000001c   Data   RW          535    .data               circularqueue_lin.o
    0x100000f4   COMPRESSED   0x00000010   Data   RW          615    .data               system_lpc407x_8x_177x_8x.o
    0x10000104   COMPRESSED   0x00000004   PAD
    0x10000108   COMPRESSED   0x00000040   Data   RW          662    .data               can.o
    0x10000148   COMPRESSED   0x00000020   Data   RW          738    .data               irq.o
    0x10000168   COMPRESSED   0x0000001e   Data   RW          766    .data               rtc.o
    0x10000186   COMPRESSED   0x00000002   PAD
    0x10000188   COMPRESSED   0x00000024   Data   RW          921    .data               timers.o
    0x100001ac   COMPRESSED   0x00000004   PAD
    0x100001b0   COMPRESSED   0x00000023   Data   RW          972    .data               i2cnew.o
    0x100001d3   COMPRESSED   0x00000005   PAD
    0x100001d8   COMPRESSED   0x00000028   Data   RW         1067    .data               ledfunc.o
    0x10000200   COMPRESSED   0x0000003d   Data   RW         1092    .data               adc24bit_ads1259.o
    0x1000023d   COMPRESSED   0x00000003   PAD
    0x10000240   COMPRESSED   0x00000029   Data   RW         1114    .data               adc32bit_ltc2449.o
    0x10000269   COMPRESSED   0x00000007   PAD
    0x10000270   COMPRESSED   0x00000029   Data   RW         1136    .data               adc32bit_ltc2498.o
    0x10000299   COMPRESSED   0x00000007   PAD
    0x100002a0   COMPRESSED   0x00000028   Data   RW         1160    .data               adc16bit_ltc68042.o
    0x100002c8   COMPRESSED   0x0000001f   Data   RW         1186    .data               fm25l256.o
    0x100002e7   COMPRESSED   0x00000001   PAD
    0x100002e8   COMPRESSED   0x00000019   Data   RW         1255    .data               cpld.o
    0x10000301   COMPRESSED   0x00000007   PAD
    0x10000308   COMPRESSED   0x0000003c   Data   RW         1277    .data               dac16bit_ad5754.o
    0x10000344   COMPRESSED   0x00000004   PAD
    0x10000348   COMPRESSED   0x00000020   Data   RW         1299    .data               dds_ad9834.o
    0x10000368   COMPRESSED   0x00000039   Data   RW         1321    .data               adc24bit_ad7175.o
    0x100003a1   COMPRESSED   0x00000052   Data   RW         1342    .data               net_config.o
    0x100003f3   COMPRESSED   0x00000005   PAD
    0x100003f8   COMPRESSED   0x0000002d   Data   RW         1374    .data               tcptxrx.o
    0x10000425   COMPRESSED   0x00000003   PAD
    0x10000428   COMPRESSED   0x00000038   Data   RW         1684    .data               ethernetparse.o
    0x10000460   COMPRESSED   0x00000020   Data   RW         2149    .data               eventsbuffering.o
    0x10000480   COMPRESSED   0x00000024   Data   RW         2181    .data               multimcucommunication.o
    0x100004a4   COMPRESSED   0x00000004   PAD
    0x100004a8   COMPRESSED   0x00000020   Data   RW         2211    .data               aux_uartparse.o
    0x100004c8   COMPRESSED   0x00000020   Data   RW         2234    .data               dwin_uartparse.o
    0x100004e8   COMPRESSED   0x0000002a   Data   RW         2258    .data               canbusparse.o
    0x10000512   COMPRESSED   0x00000006   PAD
    0x10000518   COMPRESSED   0x00000020   Data   RW         2286    .data               canbuswatchdog.o
    0x10000538   COMPRESSED   0x00000024   Data   RW         2311    .data               bsp.o
    0x1000055c   COMPRESSED   0x00000004   PAD
    0x10000560   COMPRESSED   0x00000024   Data   RW         2789    .data               auxsampleprocess.o
    0x10000584   COMPRESSED   0x00000004   PAD
    0x10000588   COMPRESSED   0x0000001c   Data   RW         2845    .data               auxsdl.o
    0x100005a4   COMPRESSED   0x00000004   PAD
    0x100005a8   COMPRESSED   0x0000002e   Data   RW         2873    .data               auxchecklimit_4.o
    0x100005d6   COMPRESSED   0x00000002   PAD
    0x100005d8   COMPRESSED   0x00000020   Data   RW         2895    .data               auxchecklimit_8.o
    0x100005f8   COMPRESSED   0x00000042   Data   RW         2919    .data               auxcconfig.o
    0x1000063a   COMPRESSED   0x00000006   PAD
    0x10000640   COMPRESSED   0x00000020   Data   RW         2941    .data               aux_safecheck.o
    0x10000660   COMPRESSED   0x00000024   Data   RW         2992    .data               auxconfigrsn.o
    0x10000684   COMPRESSED   0x00000004   PAD
    0x10000688   COMPRESSED   0x00000022   Data   RW         3017    .data               aux_redundantsample.o
    0x100006aa   COMPRESSED   0x00000006   PAD
    0x100006b0   COMPRESSED   0x00000024   Data   RW         3041    .data               auxreaddi.o
    0x100006d4   COMPRESSED   0x00000004   PAD
    0x100006d8   COMPRESSED   0x00000024   Data   RW         3063    .data               auxwritedo.o
    0x100006fc   COMPRESSED   0x00000004   PAD
    0x10000700   COMPRESSED   0x00000020   Data   RW         3085    .data               auxsampletask.o
    0x10000720   COMPRESSED   0x00000024   Data   RW         3108    .data               auxredundantsafetycheck.o
    0x10000744   COMPRESSED   0x00000004   PAD
    0x10000748   COMPRESSED   0x00000088   Data   RW         3131    .data               auxsample_2ndv_lc.o
    0x100007d0   COMPRESSED   0x00000020   Data   RW         3153    .data               auxmetavariable.o
    0x100007f0   COMPRESSED   0x0000001d   Data   RW         3181    .data               aux_pid.o
    0x1000080d   COMPRESSED   0x00000003   PAD
    0x10000810   COMPRESSED   0x00000034   Data   RW         3206    .data               auxacimtest.o
    0x10000844   COMPRESSED   0x00000004   PAD
    0x10000848   COMPRESSED   0x0000001c   Data   RW         3274    .data               aux_sysctrl.o
    0x10000864   COMPRESSED   0x00000004   PAD
    0x10000868   COMPRESSED   0x00000070   Data   RW         3301    .data               poweradj.o
    0x100008d8   COMPRESSED   0x00000024   Data   RW         3324    .data               mtci_ctrl.o
    0x100008fc   COMPRESSED   0x00000004   PAD
    0x10000900   COMPRESSED   0x00000019   Data   RW         4045    .data               th_siemens_s7_226cn.o
    0x10000919   COMPRESSED   0x00000007   PAD
    0x10000920   COMPRESSED   0x00000024   Data   RW         4356    .data               th_chongqing_yinhe_modbustcp.o
    0x10000944   COMPRESSED   0x00000004   PAD
    0x10000948   COMPRESSED   0x0000001a   Data   RW         4380    .data               tc_hardings7_hlt403p-ii.o
    0x10000962   COMPRESSED   0x00000006   PAD
    0x10000968   COMPRESSED   0x0000001c   Data   RW         4500    .data               tc_sun_ec1x.o
    0x10000984   COMPRESSED   0x00000004   PAD
    0x10000988   COMPRESSED   0x0000001a   Data   RW         4549    .data               th_siemens_s7_saia.o
    0x100009a2   COMPRESSED   0x00000006   PAD
    0x100009a8   COMPRESSED   0x00000019   Data   RW         4620    .data               th_us_9256p_accu3.o
    0x100009c1   COMPRESSED   0x00000007   PAD
    0x100009c8   COMPRESSED   0x0000001f   Data   RW         4643    .data               aux_2ndv_tr_509146_base.o
    0x100009e7   COMPRESSED   0x00000001   PAD
    0x100009e8   COMPRESSED   0x00000022   Data   RW         4666    .data               aux_2ndv_him_511898_wmadc602540_base.o
    0x10000a0a   COMPRESSED   0x00000006   PAD
    0x10000a10   COMPRESSED   0x00000028   Data   RW         4688    .data               aux_p_tc_509138_base.o
    0x10000a38   COMPRESSED   0x00000032   Data   RW         4774    .data               batterycells_samplemanage.o
    0x10000a6a   COMPRESSED   0x00000006   PAD
    0x10000a70   COMPRESSED   0x00000051   Data   RW         4798    .data               aux_multifunc_514194_base.o
    0x10000ac1   COMPRESSED   0x00000007   PAD
    0x10000ac8   COMPRESSED   0x00000030   Data   RW         4821    .data               aux_redun_2ndv_tc_601082_base.o
    0x10000af8   COMPRESSED   0x00000076   Data   RW         4845    .data               aux_extcharge_601618_base.o
    0x10000b6e   COMPRESSED   0x00000002   PAD
    0x10000b70   COMPRESSED   0x0000006e   Data   RW         4869    .data               aux_monitor_601618_base.o
    0x10000bde   COMPRESSED   0x00000002   PAD
    0x10000be0   COMPRESSED   0x00000022   Data   RW         4892    .data               aux_2ndv_lc_601310_base.o
    0x10000c02   COMPRESSED   0x00000006   PAD
    0x10000c08   COMPRESSED   0x0000001f   Data   RW         4914    .data               aux_tr_pt100_601314_base.o
    0x10000c27   COMPRESSED   0x00000001   PAD
    0x10000c28   COMPRESSED   0x0000001c   Data   RW         4936    .data               aux_dido_601196_wmadc602518_base.o
    0x10000c44   COMPRESSED   0x00000004   PAD
    0x10000c48   COMPRESSED   0x000000c2   Data   RW         4960    .data               aux_onlinersm_602026_base.o
    0x10000d0a   COMPRESSED   0x00000006   PAD
    0x10000d10   COMPRESSED   0x00000028   Data   RW         4983    .data               aux_tc_mad602280_wmadc602524_base.o
    0x10000d38   COMPRESSED   0x00000079   Data   RW         5007    .data               aux_aio_dio_602178_wmadc602548_base.o
    0x10000db1   COMPRESSED   0x00000007   PAD
    0x10000db8   COMPRESSED   0x00000050   Data   RW         5032    .data               aux_chamber_tec_base.o
    0x10000e08   COMPRESSED   0x00000020   Data   RW         5055    .data               ht16k33.o
    0x10000e28   COMPRESSED   0x00000026   Data   RW         5077    .data               tmp_keyfun.o
    0x10000e4e   COMPRESSED   0x00000002   PAD
    0x10000e50   COMPRESSED   0x00000026   Data   RW         5100    .data               tmp75_tec.o
    0x10000e76   COMPRESSED   0x00000002   PAD
    0x10000e78   COMPRESSED   0x000000f4   Data   RW         5124    .data               aux_mtc_base.o
    0x10000f6c   COMPRESSED   0x00000004   PAD
    0x10000f70   COMPRESSED   0x00000028   Data   RW         5147    .data               aux_tc_hs_madc602176_wmadc602484_base.o
    0x10000f98   COMPRESSED   0x0000001f   Data   RW         5169    .data               aux_wmadc_pt100_602532_base.o
    0x10000fb7   COMPRESSED   0x00000001   PAD
    0x10000fb8   COMPRESSED   0x0000001f   Data   RW         5191    .data               aux_wmadc_2ndv_tr_602536_base.o
    0x10000fd7   COMPRESSED   0x00000001   PAD
    0x10000fd8   COMPRESSED   0x00000022   Data   RW         5214    .data               aux_wmadc_2ndv_lc_602528_wmadc_603072_wmadc_603130_base.o
    0x10000ffa   COMPRESSED   0x00000006   PAD
    0x10001000   COMPRESSED   0x0000001e   Data   RW         5237    .data               aux_dds_acim_acr_408888_base.o
    0x1000101e   COMPRESSED   0x00000002   PAD
    0x10001020   COMPRESSED   0x0000003c   Data   RW         5262    .data               aux_dds_acim_acr_408888_samplemanage.o
    0x1000105c   COMPRESSED   0x00000004   PAD
    0x10001060   COMPRESSED   0x00000020   Data   RW         5284    .data               aux_systemctrlboard_415016_base.o
    0x10001080   COMPRESSED   0x00000021   Data   RW         5307    .data               aux_poweradj_200a_412206_base.o
    0x100010a1   COMPRESSED   0x00000003   PAD
    0x100010a4   COMPRESSED   0x00000008   Data   RW         5347    .data               TCP_CM3.lib(at_arp.o)
    0x100010ac   COMPRESSED   0x0000000c   Data   RW         5378    .data               TCP_CM3.lib(at_ip.o)
    0x100010b8   COMPRESSED   0x00000004   Data   RW         5435    .data               TCP_CM3.lib(at_tcp.o)
    0x100010bc   COMPRESSED   0x00000002   Data   RW         5480    .data               TCP_CM3.lib(at_udp.o)
    0x100010be   COMPRESSED   0x00000002   PAD
    0x100010c0   COMPRESSED   0x00000008   Data   RW         5524    .data               TCP_CM3.lib(at_mem.o)
    0x100010c8   COMPRESSED   0x00000004   Data   RW         1068    SRAMSPECIAL         ledfunc.o
    0x100010cc        -       0x00000add   Zero   RW          484    .bss                os_serveprocess.o
    0x10001ba9   COMPRESSED   0x00000003   PAD
    0x10001bac        -       0x0000000c   Zero   RW          737    .bss                irq.o
    0x10001bb8        -       0x00000040   Zero   RW          765    .bss                rtc.o
    0x10001bf8        -       0x0000026e   Zero   RW          812    .bss                sspi.o
    0x10001e66   COMPRESSED   0x00000002   PAD
    0x10001e68        -       0x00000020   Zero   RW         1021    .bss                adc.o
    0x10001e88        -       0x0000002e   Zero   RW         1091    .bss                adc24bit_ads1259.o
    0x10001eb6        -       0x00000064   Zero   RW         1158    .bss                adc16bit_ltc68042.o
    0x10001f1a   COMPRESSED   0x00000002   PAD
    0x10001f1c        -       0x00002504   Zero   RW         1340    .bss                net_config.o
    0x10004420        -       0x00000af0   Zero   RW         1373    .bss                tcptxrx.o
    0x10004f10        -       0x000020ac   Zero   RW         1682    .bss                ethernetparse.o
    0x10006fbc        -       0x00000517   Zero   RW         2210    .bss                aux_uartparse.o
    0x100074d3   COMPRESSED   0x00000001   PAD
    0x100074d4        -       0x0000002c   Zero   RW         2257    .bss                canbusparse.o
    0x10007500        -       0x00001800   Zero   RW         2310    .bss                bsp.o
    0x10008d00        -       0x00000280   Zero   RW         2917    .bss                auxcconfig.o
    0x10008f80        -       0x00000180   Zero   RW         3107    .bss                auxredundantsafetycheck.o
    0x10009100        -       0x000003a0   Zero   RW         3299    .bss                poweradj.o
    0x100094a0        -       0x00000568   Zero   RW         4773    .bss                batterycells_samplemanage.o
    0x10009a08        -       0x00000038   Zero   RW         4796    .bss                aux_multifunc_514194_base.o
    0x10009a40        -       0x00000038   Zero   RW         4843    .bss                aux_extcharge_601618_base.o
    0x10009a78        -       0x00000038   Zero   RW         4867    .bss                aux_monitor_601618_base.o
    0x10009ab0        -       0x00000060   Zero   RW         4958    .bss                aux_onlinersm_602026_base.o
    0x10009b10        -       0x00000048   Zero   RW         5030    .bss                aux_chamber_tec_base.o
    0x10009b58        -       0x00000010   Zero   RW         5054    .bss                ht16k33.o
    0x10009b68        -       0x00000020   Zero   RW         5099    .bss                tmp75_tec.o
    0x10009b88        -       0x00000340   Zero   RW         5122    .bss                aux_mtc_base.o
    0x10009ec8        -       0x00000030   Zero   RW         5260    .bss                aux_dds_acim_acr_408888_samplemanage.o
    0x10009ef8        -       0x00000010   Zero   RW         5397    .bss                TCP_CM3.lib(at_icmp.o)
    0x10009f08        -       0x00000084   Zero   RW         5505    .bss                TCP_CM3.lib(at_ethernet.o)
    0x10009f8c        -       0x00000048   Zero   RW         5541    .bss                TCP_CM3.lib(at_system.o)
    0x10009fd4        -       0x00000060   Zero   RW         6020    .bss                c_w.l(libspace.o)
    0x1000a034   COMPRESSED   0x00000004   PAD
    0x1000a038        -       0x00000400   Zero   RW          606    HEAP                startup_lpc407x_8x_177x_8x.o
    0x1000a438        -       0x0000003c   Zero   RW         1069    SRAMSPECIAL         ledfunc.o
    0x1000a474   COMPRESSED   0x00000004   PAD
    0x1000a478        -       0x00002000   Zero   RW          605    STACK               startup_lpc407x_8x_177x_8x.o


    Execution Region RW_IRAM2 (Exec base: 0x20000000, Load base: 0x00045678, Size: 0x00007f74, Max: 0x00008000, ABSOLUTE)

    Exec Addr    Load Addr    Size         Type   Attr      Idx    E Section Name        Object

    0x20000000   0x00045678   0x00000031   Data   RW         1404    .data               emac_lpc177x_8x.o
    0x20000031   0x000456a9   0x00000007   PAD
    0x20000038        -       0x00007f3a   Zero   RW         1403    .bss                emac_lpc177x_8x.o


    Execution Region RW_RAM1 (Exec base: 0xa0000000, Load base: 0x0004545c, Size: 0x019134b4, Max: 0x01f40000, ABSOLUTE, COMPRESSED[0x00000010])

    Exec Addr    Load Addr    Size         Type   Attr      Idx    E Section Name        Object

    0xa0000000   COMPRESSED   0x00000019   Data   RW          663    SRAM32              can.o
    0xa0000019   COMPRESSED   0x00000003   Data   RW         1209    SRAM32              eeprom_24lc128.o
    0xa000001c   COMPRESSED   0x00000067   Data   RW         1685    SRAM32              ethernetparse.o
    0xa0000083   COMPRESSED   0x00000001   PAD
    0xa0000084   COMPRESSED   0x00000018   Data   RW         2150    SRAM32              eventsbuffering.o
    0xa000009c   COMPRESSED   0x00000010   Data   RW         2182    SRAM32              multimcucommunication.o
    0xa00000ac   COMPRESSED   0x00000002   Data   RW         2259    SRAM32              canbusparse.o
    0xa00000ae   COMPRESSED   0x0000000c   Data   RW         2287    SRAM32              canbuswatchdog.o
    0xa00000ba   COMPRESSED   0x0000000c   Data   RW         2336    SRAM32              auxdatamanager.o
    0xa00000c6   COMPRESSED   0x00000002   Data   RW         2846    SRAM32              auxsdl.o
    0xa00000c8   COMPRESSED   0x0000000f   Data   RW         2943    SRAM32              aux_safecheck.o
    0xa00000d7   COMPRESSED   0x00000001   PAD
    0xa00000d8   COMPRESSED   0x00000046   Data   RW         2994    SRAM32              auxconfigrsn.o
    0xa000011e   COMPRESSED   0x0000000d   Data   RW         3018    SRAM32              aux_redundantsample.o
    0xa000012b   COMPRESSED   0x00000001   PAD
    0xa000012c   COMPRESSED   0x0000002e   Data   RW         3155    SRAM32              auxmetavariable.o
    0xa000015a   COMPRESSED   0x00000008   Data   RW         3183    SRAM32              aux_pid.o
    0xa0000162   COMPRESSED   0x00000002   PAD
    0xa0000164   COMPRESSED   0x00000078   Data   RW         3207    SRAM32              auxacimtest.o
    0xa00001dc   COMPRESSED   0x0000005c   Data   RW         3275    SRAM32              aux_sysctrl.o
    0xa0000238   COMPRESSED   0x000000bc   Data   RW         3325    SRAM32              mtci_ctrl.o
    0xa00002f4   COMPRESSED   0x0000001c   Data   RW         4734    SRAM32              batterycells_base.o
    0xa0000310   COMPRESSED   0x0000000e   Data   RW         5008    SRAM32              aux_aio_dio_602178_wmadc602548_base.o
    0xa000031e   COMPRESSED   0x0000000f   Data   RW         5238    SRAM32              aux_dds_acim_acr_408888_base.o
    0xa000032d   COMPRESSED   0x00000003   PAD
    0xa0000330        -       0x000012c0   Zero   RW          536    SRAM32              circularqueue_lin.o
    0xa00015f0        -       0x0019e6f8   Zero   RW          664    SRAM32              can.o
    0xa019fce8        -       0x00020260   Zero   RW          973    SRAM32              i2cnew.o
    0xa01bff48        -       0x00001850   Zero   RW          998    SRAM32              uart.o
    0xa01c1798        -       0x00000800   Zero   RW         1210    SRAM32              eeprom_24lc128.o
    0xa01c1f98        -       0x0039917c   Zero   RW         1686    SRAM32              ethernetparse.o
    0xa055b114        -       0x000972c0   Zero   RW         2151    SRAM32              eventsbuffering.o
    0xa05f23d4        -       0x001394ec   Zero   RW         2183    SRAM32              multimcucommunication.o
    0xa072b8c0        -       0x00000543   Zero   RW         2235    SRAM32              dwin_uartparse.o
    0xa072be03   COMPRESSED   0x00000005   PAD
    0xa072be08        -       0x00002cc4   Zero   RW         2260    SRAM32              canbusparse.o
    0xa072eacc   COMPRESSED   0x00000004   PAD
    0xa072ead0        -       0x0036751c   Zero   RW         2335    SRAM32              auxdatamanager.o
    0xa0a95fec   COMPRESSED   0x00000004   PAD
    0xa0a95ff0        -       0x009c40a0   Zero   RW         2847    SRAM32              auxsdl.o
    0xa145a090        -       0x0049abe0   Zero   RW         2942    SRAM32              aux_safecheck.o
    0xa18f4c70        -       0x00015328   Zero   RW         2993    SRAM32              auxconfigrsn.o
    0xa1909f98        -       0x00000560   Zero   RW         3019    SRAM32              aux_redundantsample.o
    0xa190a4f8        -       0x000055cc   Zero   RW         3154    SRAM32              auxmetavariable.o
    0xa190fac4        -       0x000001a0   Zero   RW         3182    SRAM32              aux_pid.o
    0xa190fc64        -       0x00002b90   Zero   RW         3208    SRAM32              auxacimtest.o
    0xa19127f4        -       0x00000100   Zero   RW         3276    SRAM32              aux_sysctrl.o
    0xa19128f4        -       0x00000828   Zero   RW         3326    SRAM32              mtci_ctrl.o
    0xa191311c        -       0x00000398   Zero   RW         4735    SRAM32              batterycells_base.o


    Execution Region RW_RAM2 (Exec base: 0xa0000000, Load base: 0x0004546c, Size: 0x00000000, Max: 0x03e80000, ABSOLUTE)

    **** No section assigned to this execution region ****


==============================================================================

Image component sizes


      Code (inc. data)   RO Data    RW Data    ZI Data      Debug   Object Name

       264         20          0          0         32       2128   adc.o
      3260         52       1024         40        100      14220   adc16bit_ltc68042.o
      1512         18          0         57          0       4012   adc24bit_ad7175.o
       272         18          0         61         46       1984   adc24bit_ads1259.o
       208          8          0         41          0       2200   adc32bit_ltc2449.o
       204          6          0         41          0       1436   adc32bit_ltc2498.o
      1288         66          8         34          0       2604   aux_2ndv_him_511898_wmadc602540_base.o
      1328        140         48         34          0       2392   aux_2ndv_lc_601310_base.o
       748         28          0         31          0       2468   aux_2ndv_tr_509146_base.o
      3196        238        168        135          0       4380   aux_aio_dio_602178_wmadc602548_base.o
      2428        272         64         80         72       4120   aux_chamber_tec_base.o
      2284        232        184         45          0       5004   aux_dds_acim_acr_408888_base.o
       532         78          0         60         48       1876   aux_dds_acim_acr_408888_samplemanage.o
      1074         58          0         28          0       2324   aux_dido_601196_wmadc602518_base.o
      1952        154         88        118         56       4136   aux_extcharge_601618_base.o
      1396        124         72        110         56       3328   aux_monitor_601618_base.o
      5140        448        264        244        832       8647   aux_mtc_base.o
      1996        114         64         81         56       3564   aux_multifunc_514194_base.o
      2392        222        232        194         96       4559   aux_onlinersm_602026_base.o
      1192         44          0         40          0       2356   aux_p_tc_509138_base.o
       756         24          0         37        416       2312   aux_pid.o
      1592         76          8         33          0       3224   aux_poweradj_200a_412206_base.o
      1740         70          8         48          0       3132   aux_redun_2ndv_tc_601082_base.o
      1164         76         24         47       1376       3840   aux_redundantsample.o
      6280        224          0         47    4828128       8397   aux_safecheck.o
      2464        206          8        120        256       4914   aux_sysctrl.o
       136         30          0         32          0       1572   aux_systemctrlboard_415016_base.o
      1320         44          0         40          0       2780   aux_tc_hs_madc602176_wmadc602484_base.o
      3110         48          0         40          0       3104   aux_tc_mad602280_wmadc602524_base.o
      1712         40          0         31          0       2564   aux_tr_pt100_601314_base.o
       476         12          0         32       1303       2700   aux_uartparse.o
      2592        152         48         34          0       3012   aux_wmadc_2ndv_lc_602528_wmadc_603072_wmadc_603130_base.o
      2932         46          0         31          0       3372   aux_wmadc_2ndv_tr_602536_base.o
      2964         50          0         31          0       3320   aux_wmadc_pt100_602532_base.o
     11778       1278         44        172      11152      16672   auxacimtest.o
      3280        202          4         66        640       9492   auxcconfig.o
      1364         82          0         46          0       3792   auxchecklimit_4.o
        20          0          0         32          0        992   auxchecklimit_8.o
      5680        386          0        106      86824       7512   auxconfigrsn.o
      8692        456       4428         12    3568924     170048   auxdatamanager.o
      3164        248          0         78      21964       6064   auxmetavariable.o
        28          8          0         36          0        868   auxreaddi.o
       756         18          0         36        384       2139   auxredundantsafetycheck.o
      1096         88          0        136          0       2016   auxsample_2ndv_lc.o
      9746        582          0         36          0      15914   auxsampleprocess.o
        68          4          0         32          0       1148   auxsampletask.o
      7384        256          0         30   10240160      10228   auxsdl.o
        28          8          0         36          0        872   auxwritedo.o
        40          4          0          0          0        844   batterycells_adc5dac.o
       984         88         56         28        920       3396   batterycells_base.o
      1272        112          0         50       1384       2884   batterycells_samplemanage.o
        56          6          0         36       6144        964   bsp.o
      4104        254          0         89    1697528      35844   can.o
     12068        510          0         44      11504      23740   canbusparse.o
       108         18          0         44          0       1698   canbuswatchdog.o
       912         10          0         28       4800       4576   circularqueue_lin.o
       156          4          0          0          0       1532   controlpin.o
       396         10          0         25          0       2592   cpld.o
       400         26          0         60          0       1856   dac16bit_ad5754.o
       732         34          0         25          0       4432   datatypes.o
       248         10          0         32          0       1552   dds_ad9834.o
      2484        140        512         32       1347       6620   dwin_uartparse.o
       496         24          0          3       2048       3156   eeprom_24lc128.o
      2364        190          0         49      32570     166209   emac_lpc177x_8x.o
     16910       1066          0        159    3781160     262442   ethernetparse.o
      1384         54          0         56     619200      10512   eventsbuffering.o
       480         20         32         31          0       2864   fm25l256.o
       296         12       1344          0          0       2156   gpio.o
       824         46          0         32         16       1936   ht16k33.o
      4976        208         24         35     131680       7342   i2cnew.o
       288         28          0         32         12      28640   irq.o
       136         24          8         44         60       1084   ledfunc.o
        64          0          0          0          0       1082   lib_mem.o
      3576        820         88         33          0     220229   main.o
      4684        496         75        224       2088     147904   mtci_ctrl.o
      1392         18        512          0          0       6004   mtci_datatypes.o
     11756        380          0         52    1283308      46185   multimcucommunication.o
       112         14         56         82       9476      16283   net_config.o
      3368        332          0        142       2781      33833   os_serveprocess.o
      1184        130         16        112        928       2364   poweradj.o
      1136         38          0          0          0       4852   pwm.o
       344         16          0         30         64       1393   rtc.o
       800         54        260          0          0       2372   sdram.o
      1252         42          0          0        622       6732   sspi.o
        64         26        228          0       9216        840   startup_lpc407x_8x_177x_8x.o
      1036         50          0         16          0       8288   system_lpc407x_8x_177x_8x.o
      1180         50         30          0          0       4913   tc_binder_mb1.o
       604         30         23          0          0       3385   tc_eurotherm_2204e.o
       636         30         28          0          0       3473   tc_eurotherm_3216.o
       756         50         39          0          0       3877   tc_future_fdcp91.o
      1400         98        102         26          0       5685   tc_hardings7_hlt403p-ii.o
       736         50         68          0          0       3717   tc_julabo_fp50ma_f4.o
       860         56         76          0          0       3817   tc_julabo_jili.o
       956        120        900          0          0       3280   tc_ksi_ths2005.o
      1336         58        125          0          0       4769   tc_samwontech_temp2500.o
      1336         56        125          0          0       4829   tc_samwontech_temp880.o
       724         46        900         28          0       3216   tc_sun_ec1x.o
       740         50         37          0          0       3813   tc_tfs_pc200.o
       764         46         30          0          0       4117   tc_thermotron_8200.o
      1148         68         63          0          0       5001   tc_tm221ce24t.o
      1020         32        300          0          0       3320   tc_watlow_f4.o
      1092         60          0         45       2800       8536   tcptxrx.o
      1268         62        122          0          0       4853   th_chongqing_ataihe.o
      1888        134        113         36          0       6433   th_chongqing_yinhe_modbustcp.o
      1356         64        161          0          0       5525   th_clcd_9700.o
      1248         62         39          0          0       5189   th_csz_ezt430i.o
      1248         62         39          0          0       5189   th_csz_ezt570i.o
      1068         62         72          0          0       4917   th_dongguan_huance_umc1200.o
       992         66       1800          0          0       3440   th_espec_gpl_4.o
       968         56       1800          0          0       3440   th_espec_scp220.o
      1184         98         76          0          0       5477   th_guangzhou_wusuo.o
      1076         64        124          0          0       5013   th_harding_tpc7062k.o
      1220         72         70          0          0       5269   th_hardings7_hlt504p.o
      1160         86         60          0          0       5133   th_jufu_9700s.o
      1130         62        145          0          0       4365   th_samwontech_temi2500.o
      1352         92         87          0          0       5393   th_shanghai_pindun_temi880.o
      2252        190        258         25          0       5897   th_siemens_s7_226cn.o
      1640        108        123         26          0       5949   th_siemens_s7_saia.o
      1216         72         55          0          0       5105   th_tt_5166.o
      1340         62          0         25          0       4036   th_us_9256p_accu3.o
      1400         86        184          0          0       4869   th_voetsch.o
      1348         76        114          0          0       4825   th_voetsch_vc_l4006.o
       680         56         48         36          0       4145   timers.o
       560         48          0         38         32       1792   tmp75_tec.o
       348         34          0         38          0       1128   tmp_keyfun.o
      1860        114         40          0       6224       6002   uart.o
       244          6          0          0          0        965   wdt.o

    ----------------------------------------------------------------------
    243212      15162      18476       5132   26370864    1635067   Object Totals
         0          0         96          0          0          0   (incl. Generated)
         8          0          5        253         31          0   (incl. Padding)

    ----------------------------------------------------------------------

      Code (inc. data)   RO Data    RW Data    ZI Data      Debug   Library Member Name

      1988        148          6          8          0       1208   at_arp.o
       488         58          6          0        132        404   at_ethernet.o
       404         30          0          0         16        308   at_icmp.o
       834         56          8         12          0        520   at_ip.o
       280          6          0          0          0        860   at_lib.o
       492         36          0          8          0        452   at_mem.o
       184         38          0          0         72        292   at_system.o
      3154        104          0          4          0       1456   at_tcp.o
       740         34          0          2          0        556   at_udp.o
        90          0          0          0          0          0   __dczerorl2.o
         8          0          0          0          0         68   __main.o
         0          0          0          0          0          0   __rtentry.o
        12          0          0          0          0          0   __rtentry2.o
         6          0          0          0          0          0   __rtentry4.o
        52          8          0          0          0          0   __scatter.o
        26          0          0          0          0          0   __scatter_copy.o
        28          0          0          0          0          0   __scatter_zi.o
        22          0          0          0          0        100   _rserrno.o
        16          0          0          0          0         68   aeabi_memset.o
        10          0          0          0          0         68   defsig_exit.o
        50          0          0          0          0         88   defsig_general.o
        80         58          0          0          0         76   defsig_rtmem_inner.o
        14          0          0          0          0         80   defsig_rtmem_outer.o
        18          0          0          0          0         80   exit.o
        94          0          0          0          0         80   h1_alloc.o
        52          0          0          0          0         68   h1_extend.o
        78          0          0          0          0         80   h1_free.o
        14          0          0          0          0         84   h1_init.o
         6          0          0          0          0        152   heapauxi.o
         4          0          0          0          0        136   hguard.o
         0          0          0          0          0          0   indicate_semi.o
       138          0          0          0          0        168   init_alloc.o
         2          0          0          0          0          0   libinit.o
        14          0          0          0          0          0   libinit2.o
         2          0          0          0          0          0   libshutdown.o
         2          0          0          0          0          0   libshutdown2.o
         8          4          0          0         96         68   libspace.o
        72          0          0          0          0         76   llsdiv.o
        38          0          0          0          0         68   llshl.o
       238          0          0          0          0        100   lludivv7m.o
        38          0          0          0          0         68   llushr.o
         0          0          0          0          0          0   maybetermalloc1.o
        88          0          0          0          0         76   memcmp.o
         8          4          0          0          0         68   rt_errno_addr_intlibspace.o
         8          4          0          0          0         68   rt_heap_descriptor_intlibspace.o
        68          0          0          0          0         68   rt_memclr.o
        78          0          0          0          0         80   rt_memclr_w.o
       138          0          0          0          0         68   rt_memcpy_v6.o
       100          0          0          0          0         80   rt_memcpy_w.o
         2          0          0          0          0          0   rtexit.o
        10          0          0          0          0          0   rtexit2.o
        24          0          0          0          0         68   strcat.o
        72          0          0          0          0         80   strcpy.o
        62          0          0          0          0         76   strlen.o
        12          4          0          0          0         68   sys_exit.o
        74          0          0          0          0         80   sys_stackheap_outer.o
        14          0          0          0          0         76   sys_wrch.o
         2          0          0          0          0         68   use_no_semi.o
        16          0          0          0          0         68   cxa_guard_acquire.o
        24          0          0          0          0        164   basic.o
        98          4          0          0          0        140   d2f.o
       826         16          0          0          0        492   daddsub_clz.o
        24          0          0          0          0        116   dcmpi.o
       688        140          0          0          0        256   ddiv.o
        94          4          0          0          0        140   dfix.o
        90          4          0          0          0        140   dfixu.o
        84          0          0          0          0        232   dflt_clz.o
       300          0          0          0          0        264   dfltll_clz.o
       120          4          0          0          0        140   dleqf.o
       340         12          0          0          0        152   dmul.o
       156          4          0          0          0        140   dnaninf.o
        12          0          0          0          0        116   dretinf.o
       108          0          0          0          0        128   drleqf.o
       408         56          0          0          0        168   dsqrt_umaal.o
        86          4          0          0          0        132   f2d.o
       134          4          0          0          0        132   ffixll.o
        92          4          0          0          0        132   ffixull.o
        96          0          0          0          0        132   ffltll_clz.o
       140          4          0          0          0        132   fnaninf.o
        10          0          0          0          0        116   fpinit.o
        10          0          0          0          0        116   fretinf.o
         0          0          0          0          0          0   usenofp.o
       592         90          0          0          0        184   atan2f.o
       108         10          0          0          0        116   ceilf.o
       368         46         48          0          0        200   cos_i.o
        84         16          0          0          0        372   dunder.o
       488         62         48          0          0        236   expf.o
        44          0          0          0          0        248   fabs.o
       112         14          0          0          0        116   floorf.o
        48          0          0          0          0        124   fpclassify.o
        38          0          0          0          0        116   fpclassifyf.o
        80         24          0          0          0        696   funder.o
       364         44         64          0          0        140   logf.o
       248          0          0          0          0        152   poly.o
      1636        110        320          0          0        372   powf.o
      1080        142        200          0          0        188   rred.o
       340         24         32          0          0        160   rredf.o
       200         20          0          0          0        164   sin.o
       304         24         40          0          0        208   sin_i.o
       400         56          0          0          0        212   sinf.o
       122          0          0          0          0        148   sqrt.o
        58          0          0          0          0        136   sqrtf.o

    ----------------------------------------------------------------------
     21276       1538        776         36        320      16892   Library Totals
        50          4          4          2          4          0   (incl. Padding)

    ----------------------------------------------------------------------

      Code (inc. data)   RO Data    RW Data    ZI Data      Debug   Library Name

      8564        510         20         34        220       6056   TCP_CM3.lib
      1992         82          0          0         96       2800   c_w.l
        16          0          0          0          0         68   cpprt_w.l
      3940        260          0          0          0       3680   fz_wm.l
      6714        682        752          0          0       4288   m_wm.l

    ----------------------------------------------------------------------
     21276       1538        776         36        320      16892   Library Totals

    ----------------------------------------------------------------------

==============================================================================


      Code (inc. data)   RO Data    RW Data    ZI Data      Debug   

    264488      16700      19252       5168   26371184    1610271   Grand Totals
    264488      16700      19252        592   26371184    1610271   ELF Image Totals (compressed)
    264488      16700      19252        592          0          0   ROM Totals

==============================================================================

    Total RO  Size (Code + RO Data)               283740 ( 277.09kB)
    Total RW  Size (RW Data + ZI Data)          26376352 (25758.16kB)
    Total ROM Size (Code + RO Data + RW Data)     284332 ( 277.67kB)

==============================================================================

