ARM Linker, 5.03 [Build 69] [MDK-ARM Standard][RL-ARM]

==============================================================================

Section Cross References

    main.o(.text) refers to aux_2ndv_tr_509146_base.o(.text) for Aux_2ndV_TR_509146_Base::Hardware_Init(unsigned char)
    main.o(.text) refers to aux_p_tc_509138_base.o(.text) for Aux_P_TC_509138_Base::Hardware_Init(unsigned char)
    main.o(.text) refers to aux_2ndv_him_511898_wmadc602540_base.o(.text) for Aux_2ndV_HIR_511898_WMADC602540_Base::Hardware_Init(unsigned char)
    main.o(.text) refers to aux_2ndv_lc_601310_base.o(.text) for Aux_2ndV_LC_601310_Base::Hardware_Init(unsigned char)
    main.o(.text) refers to aux_multifunc_514194_base.o(.text) for Aux_MultiFunc_514194_Base::Hardware_Init(unsigned char)
    main.o(.text) refers to aux_redun_2ndv_tc_601082_base.o(.text) for Aux_Redun_2ndV_TC_601082_Base::Hardware_Init(unsigned char)
    main.o(.text) refers to batterycells_base.o(.text) for BatteryCells_Base::Hardware_Init(unsigned char)
    main.o(.text) refers to aux_extcharge_601618_base.o(.text) for Aux_ExtCharge_601618_Base::Hardware_Init(unsigned char)
    main.o(.text) refers to aux_monitor_601618_base.o(.text) for Aux_Monitor_601618_Base::Hardware_Init(unsigned char)
    main.o(.text) refers to aux_tr_pt100_601314_base.o(.text) for Aux_TR_PT100_601314_Base::Hardware_Init(unsigned char)
    main.o(.text) refers to aux_dido_601196_wmadc602518_base.o(.text) for Aux_DIDO_601196_WMADC602518_Base::Hardware_Init(unsigned char)
    main.o(.text) refers to aux_onlinersm_602026_base.o(.text) for Aux_OnlineRSM_602026_Base::Hardware_Init(unsigned char)
    main.o(.text) refers to aux_aio_dio_602178_wmadc602548_base.o(.text) for Aux_AIO_DIO_602178_WMADC602548_Base::Hardware_Init(unsigned char)
    main.o(.text) refers to aux_tc_mad602280_wmadc602524_base.o(.text) for Aux_TC_MADC602280_WMADC602524_Base::Hardware_Init(unsigned char)
    main.o(.text) refers to aux_tc_hs_madc602176_wmadc602484_base.o(.text) for Aux_TC_HS_MADC602176_WMADC602484_Base::Hardware_Init(unsigned char)
    main.o(.text) refers to aux_wmadc_pt100_602532_base.o(.text) for Aux_WMADC_PT100_602532_Base::Hardware_Init(unsigned char)
    main.o(.text) refers to aux_wmadc_2ndv_tr_602536_base.o(.text) for Aux_WMADC_2ndV_TR_602536_Base::Hardware_Init(unsigned char)
    main.o(.text) refers to aux_wmadc_2ndv_lc_602528_wmadc_603072_wmadc_603130_base.o(.text) for Aux_WMADC_2ndV_LC_602528_WMADC_603072_WMADC_603130_Base::Hardware_Init(unsigned char)
    main.o(.text) refers to aux_dds_acim_acr_408888_base.o(.text) for Aux_DDS_ACIM_ACR_408888_Base::Hardware_Init(unsigned char)
    main.o(.text) refers to aux_systemctrlboard_415016_base.o(.text) for Aux_SystemCtrlBoard_415016_Base::Hardware_Init(unsigned char)
    main.o(.text) refers to aux_mtc_base.o(.text) for Aux_MTC_Base::Hardware_Init(unsigned char)
    main.o(.text) refers to aux_poweradj_200a_412206_base.o(.text) for Aux_PowerADJ_200A_412206_Base::Hardware_Init(unsigned char)
    main.o(.text) refers to aux_poweradj_2us6k_422108_base.o(.text) for Aux_PowerADJ_2US6K_422108_Base::Hardware_Init(unsigned char)
    main.o(.text) refers to controlpin.o(.text) for ControlPin::SetIObyCP(St_Port)
    main.o(.text) refers to auxdatamanager.o(.text) for Aux_DataManager::SettingCS_High()
    main.o(.text) refers to sspi.o(.text) for SSPIFunc::setPara(SSPI_Para*, unsigned char)
    main.o(.text) refers to rt_memclr_w.o(.text) for __aeabi_memclr4
    main.o(.text) refers to auxdatamanager.o(SRAM32) for Aux_DataManager::m_AllAuxBoards
    main.o(.text) refers to adc32bit_ltc2498.o(.data) for Adc32bit_LTC2498::IsExCrystalsFlag
    main.o(.text) refers to main.o(.data) for Be_SystemCtrlBoard
    main.o(.text) refers to aux_mtc_base.o(.data) for Aux_MTC_Base::Aux_MTC_Version
    main.o(.text) refers to main.o(.constdata) for AUX_Unit_Base::Pin_SCK0
    main.o(.text) refers to datatypes.o(.data) for CommonFunc::uc_Support_AUX
    main.o(.text) refers to auxdatamanager.o(SRAM32) for Aux_DataManager::Aux_ADC_TotalCnt
    main.o(.text) refers to os_serveprocess.o(.text) for OS_ServeProcess::IsMounted(unsigned short)
    main.o(.text) refers to timers.o(.text) for TIMERSFunc::Init_Timer(unsigned long, unsigned char)
    main.o(.text) refers to auxsample_2ndv_lc.o(.data) for Aux_Sample_2ndV_LC::Sample_Wait_Count
    main.o(.text) refers to os_serveprocess.o(.data) for OS_ServeProcess::AUX_ADC_Idx
    main.o(.text) refers to auxsampletask.o(.data) for AUX_Sample_4_task::TaskID
    main.o(.text) refers to auxreaddi.o(.data) for Aux_ReadDI::TaskID
    main.o(.text) refers to auxwritedo.o(.data) for Aux_WriteDO::TaskID
    main.o(.text) refers to mtci_ctrl.o(.data) for MTCI_CTRL::TaskID
    main.o(.text) refers to aux_uartparse.o(.data) for AuxUartParse::TaskID
    main.o(.text) refers to auxredundantsafetycheck.o(.data) for AuxRedundantSafetyCheck::TaskID
    main.o(.text) refers to aux_redundantsample.o(.data) for RedundantSample_Task::TaskID
[...]
    0x00026e60   0x000000d0   Code   RO         1218    .text               adc32bit_ltc2449.o
    0x00026f30   0x000000cc   Code   RO         1240    .text               adc32bit_ltc2498.o
    0x00026ffc   0x00000cbc   Code   RO         1262    .text               adc16bit_ltc68042.o
    0x00027cb8   0x000001e0   Code   RO         1289    .text               fm25l256.o
    0x00027e98   0x000001f0   Code   RO         1312    .text               eeprom_24lc128.o
    0x00028088   0x0000009c   Code   RO         1336    .text               controlpin.o
    0x00028124   0x0000018c   Code   RO         1359    .text               cpld.o
    0x000282b0   0x000001c4   Code   RO         1381    .text               dac16bit_ad5754.o
    0x00028474   0x000000f8   Code   RO         1403    .text               dds_ad9834.o
    0x0002856c   0x000005e8   Code   RO         1425    .text               adc24bit_ad7175.o
    0x00028b54   0x00000270   Code   RO         1447    .text               adc101c027.o
    0x00028dc4   0x00000080   Code   RO         1469    .text               dac6571.o
    0x00028e44   0x00000070   Code   RO         1489    .text               net_config.o
    0x00028eb4   0x00000444   Code   RO         1521    .text               tcptxrx.o
    0x000292f8   0x0000092c   Code   RO         1551    .text               emac_lpc177x_8x.o
    0x00029c24   0x000048e8   Code   RO         1837    .text               ethernetparse.o
    0x0002e50c   0x00000568   Code   RO         2421    .text               eventsbuffering.o
    0x0002ea74   0x00002e0c   Code   RO         2453    .text               multimcucommunication.o
    0x00031880   0x0000014c   Code   RO         2482    .text               debugreadmemory.o
    0x000319cc   0x000001dc   Code   RO         2505    .text               aux_uartparse.o
    0x00031ba8   0x000009b0   Code   RO         2528    .text               dwin_uartparse.o
    0x00032558   0x000031cc   Code   RO         2552    .text               canbusparse.o
    0x00035724   0x0000006c   Code   RO         2585    .text               canbuswatchdog.o
    0x00035790   0x00000038   Code   RO         2609    .text               bsp.o
    0x000357c8   0x0000279c   Code   RO         2632    .text               auxdatamanager.o
    0x00037f64   0x00002a34   Code   RO         3202    .text               auxsampleprocess.o
    0x0003a998   0x000018b0   Code   RO         3260    .text               auxsdl.o
    0x0003c248   0x00000558   Code   RO         3284    .text               auxchecklimit_4.o
    0x0003c7a0   0x00000014   Code   RO         3306    .text               auxchecklimit_8.o
    0x0003c7b4   0x00000c9c   Code   RO         3328    .text               auxcconfig.o
    0x0003d450   0x00001898   Code   RO         3353    .text               aux_safecheck.o
    0x0003ece8   0x00001644   Code   RO         3404    .text               auxconfigrsn.o
    0x0004032c   0x0000048c   Code   RO         3428    .text               aux_redundantsample.o
    0x000407b8   0x0000001c   Code   RO         3453    .text               auxreaddi.o
    0x000407d4   0x0000001c   Code   RO         3475    .text               auxwritedo.o
    0x000407f0   0x00000044   Code   RO         3497    .text               auxsampletask.o
    0x00040834   0x000002f4   Code   RO         3519    .text               auxredundantsafetycheck.o
    0x00040b28   0x00000448   Code   RO         3543    .text               auxsample_2ndv_lc.o
    0x00040f70   0x000007e8   Code   RO         3565    .text               auxmetavariable.o
    0x00041758   0x000002f4   Code   RO         3599    .text               aux_pid.o
    0x00041a4c   0x000036a4   Code   RO         3623    .text               auxacimtest.o
    0x000450f0   0x000009e0   Code   RO         3691    .text               aux_sysctrl.o
    0x00045ad0   0x0000048c   Code   RO         3717    .text               poweradj.o
    0x00045f5c   0x00001774   Code   RO         3741    .text               mtci_ctrl.o
    0x000476d0   0x00000264   Code   RO         4312    .text               tc_eurotherm_2204e.o
    0x00047934   0x00000284   Code   RO         4336    .text               tc_eurotherm_3216.o
    0x00047bb8   0x0000026c   Code   RO         4360    .text               tc_future_fdcp91.o
    0x00047e24   0x00000318   Code   RO         4384    .text               tc_ksi_ths2005.o
    0x0004813c   0x000003f0   Code   RO         4408    .text               tc_samwontech_temp880.o
    0x0004852c   0x0000025c   Code   RO         4432    .text               tc_tfs_pc200.o
    0x00048788   0x00000260   Code   RO         4456    .text               tc_thermotron_8200.o
    0x000489e8   0x00000254   Code   RO         4480    .text               tc_watlow_f4.o
    0x00048c3c   0x0000037c   Code   RO         4504    .text               th_csz_ezt570i.o
    0x00048fb8   0x000003b4   Code   RO         4528    .text               th_harding_tpc7062k.o
    0x0004936c   0x000003e8   Code   RO         4552    .text               th_samwontech_temi2500.o
    0x00049754   0x00000720   Code   RO         4576    .text               th_siemens_s7_226cn.o
    0x00049e74   0x000004ec   Code   RO         4600    .text               th_voetsch.o
    0x0004a360   0x00000570   Code   RO         4624    .text               mtci_datatypes.o
    0x0004a8d0   0x000003f0   Code   RO         4647    .text               tc_samwontech_temp2500.o
    0x0004acc0   0x000004cc   Code   RO         4671    .text               th_clcd_9700.o
    0x0004b18c   0x000003f8   Code   RO         4695    .text               th_shanghai_pindun_temi880.o
    0x0004b584   0x0000037c   Code   RO         4719    .text               th_csz_ezt430i.o
    0x0004b900   0x00000338   Code   RO         4743    .text               tc_binder_mb1.o
    0x0004bc38   0x000002c8   Code   RO         4767    .text               th_dongguan_huance_umc1200.o
    0x0004bf00   0x00000380   Code   RO         4791    .text               th_guangzhou_wusuo.o
    0x0004c280   0x00000360   Code   RO         4815    .text               th_tt_5166.o
    0x0004c5e0   0x000004c4   Code   RO         4839    .text               th_voetsch_vc_l4006.o
    0x0004caa4   0x000002f4   Code   RO         4863    .text               th_hardings7_hlt504p.o
    0x0004cd98   0x000004b4   Code   RO         4887    .text               th_chongqing_yinhe_modbustcp.o
    0x0004d24c   0x000003a4   Code   RO         4911    .text               tc_hardings7_hlt403p-ii.o
    0x0004d5f0   0x0000022c   Code   RO         4935    .text               tc_julabo_fp50ma_f4.o
    0x0004d81c   0x00000472   Code   RO         4959    .text               th_chongqing_ataihe.o
    0x0004dc8e   0x00000002   PAD
    0x0004dc90   0x00000348   Code   RO         4983    .text               th_jufu_9700s.o
    0x0004dfd8   0x00000328   Code   RO         5007    .text               th_espec_scp220.o
    0x0004e300   0x000002a4   Code   RO         5031    .text               tc_sun_ec1x.o
    0x0004e5a4   0x00000374   Code   RO         5056    .text               th_espec_gpl_4.o
    0x0004e918   0x0000049e   Code   RO         5080    .text               th_siemens_s7_saia.o
    0x0004edb6   0x00000002   PAD
    0x0004edb8   0x00000310   Code   RO         5104    .text               tc_tm221ce24t.o
    0x0004f0c8   0x000003a0   Code   RO         5128    .text               th_us_9256p_accu3.o
    0x0004f468   0x00000324   Code   RO         5151    .text               th_9700s_2c.o
    0x0004f78c   0x000003ac   Code   RO         5174    .text               th_siemens_s7_xc1001a_saia.o
    0x0004fb38   0x0000066c   Code   RO         5197    .text               tc_lauda_pro_p2e.o
    0x000501a4   0x0000040c   Code   RO         5222    .text               th_hitachi_ec15mhp.o
    0x000505b0   0x000002a4   Code   RO         5246    .text               tc_julabo_a45t.o
    0x00050854   0x00000280   Code   RO         5270    .text               tc_temi2500_modbus2.o
    0x00050ad4   0x00000440   Code   RO         5293    .text               th_voetsch_network.o
    0x00050f14   0x000002d8   Code   RO         5317    .text               tc_hardings7_hlt504p.o
    0x000511ec   0x00000288   Code   RO         5341    .text               tc_mt8071_modbus.o
    0x00051474   0x000002e8   Code   RO         5364    .text               th_memmertgmbh_rs232.o
    0x0005175c   0x000002a0   Code   RO         5388    .text               tc_espec_gpl_4.o
    0x000519fc   0x000002b8   Code   RO         5412    .text               tc_espec_scp220.o
    0x00051cb4   0x00000378   Code   RO         5436    .text               tc_binder_mb2.o
    0x0005202c   0x00000294   Code   RO         5460    .text               tc_u740.o
    0x000522c0   0x00000298   Code   RO         5483    .text               tc_simpac.o
    0x00052558   0x00000314   Code   RO         5507    .text               th_tt_5166_sunwoda.o
    0x0005286c   0x000003f0   Code   RO         5531    .text               th_songhua_2pt_bd.o
    0x00052c5c   0x000002bc   Code   RO         5554    .text               tc_9700s_2c.o
    0x00052f18   0x00000324   Code   RO         5577    .text               tc_dongda_mewto.o
    0x0005323c   0x00000344   Code   RO         5601    .text               tc_siemens_s7_xc1001a_saia.o
    0x00053580   0x00000330   Code   RO         5624    .text               th_mt8071_modbus.o
    0x000538b0   0x00000308   Code   RO         5647    .text               th_hongruida_modbus_tcp.o
    0x00053bb8   0x00000478   Code   RO         5670    .text               tc_bia_climatic.o
    0x00054030   0x000002fc   Code   RO         5693    .text               th_zundar_az1000.o
    0x0005432c   0x00000554   Code   RO         5716    .text               tc_sigmasystemsc4.o
    0x00054880   0x00000208   Code   RO         5752    .text               tc_watlow_f4t_modbus_tcp.o
    0x00054a88   0x00000454   Code   RO         5775    .text               th_spi2_p1.o
    0x00054edc   0x00000724   Code   RO         5799    .text               tc_polyscience.o
    0x00055600   0x0000032c   Code   RO         5824    .text               th_gt9700s.o
    0x0005592c   0x00000414   Code   RO         5847    .text               tc_harding_three_layers_modbus_tcp.o
    0x00055d40   0x000003c8   Code   RO         5870    .text               tc_hardings7_v0_45a1-ii.o
    0x00056108   0x00000350   Code   RO         5893    .text               th_plc_700_ascii.o
    0x00056458   0x0000034c   Code   RO         5917    .text               th_hongruida_modbus_rs485.o
    0x000567a4   0x000003b8   Code   RO         5940    .text               th_simense_s7_200.o
    0x00056b5c   0x000003d4   Code   RO         5964    .text               tc_mt8071_modbus_double_layer.o
    0x00056f30   0x0000036c   Code   RO         5987    .text               tc_h_oyo1000.o
    0x0005729c   0x0000031c   Code   RO         6010    .text               tc_watlow_f4t_modbus_float.o
    0x000575b8   0x000002ec   Code   RO         6034    .text               aux_2ndv_tr_509146_base.o
    0x000578a4   0x00000508   Code   RO         6056    .text               aux_2ndv_him_511898_wmadc602540_base.o
    0x00057dac   0x000004a8   Code   RO         6079    .text               aux_p_tc_509138_base.o
    0x00058254   0x00000028   Code   RO         6101    .text               batterycells_adc5dac.o
    0x0005827c   0x000003d8   Code   RO         6123    .text               batterycells_base.o
    0x00058654   0x000004f8   Code   RO         6164    .text               batterycells_samplemanage.o
    0x00058b4c   0x00000930   Code   RO         6187    .text               aux_multifunc_514194_base.o
    0x0005947c   0x000006cc   Code   RO         6211    .text               aux_redun_2ndv_tc_601082_base.o
    0x00059b48   0x000007a4   Code   RO         6234    .text               aux_extcharge_601618_base.o
    0x0005a2ec   0x00000578   Code   RO         6258    .text               aux_monitor_601618_base.o
    0x0005a864   0x00000530   Code   RO         6282    .text               aux_2ndv_lc_601310_base.o
    0x0005ad94   0x000006b0   Code   RO         6305    .text               aux_tr_pt100_601314_base.o
    0x0005b444   0x00000432   Code   RO         6327    .text               aux_dido_601196_wmadc602518_base.o
    0x0005b876   0x00000002   PAD
    0x0005b878   0x0000095c   Code   RO         6349    .text               aux_onlinersm_602026_base.o
    0x0005c1d4   0x00000c26   Code   RO         6375    .text               aux_tc_mad602280_wmadc602524_base.o
    0x0005cdfa   0x00000002   PAD
    0x0005cdfc   0x00000c78   Code   RO         6397    .text               aux_aio_dio_602178_wmadc602548_base.o
    0x0005da74   0x00000a7c   Code   RO         6422    .text               aux_chamber_tec_base.o
    0x0005e4f0   0x00000338   Code   RO         6446    .text               ht16k33.o
    0x0005e828   0x0000015c   Code   RO         6469    .text               tmp_keyfun.o
    0x0005e984   0x00000230   Code   RO         6491    .text               tmp75_tec.o
    0x0005ebb4   0x00001cbc   Code   RO         6514    .text               aux_mtc_base.o
    0x00060870   0x00000528   Code   RO         6540    .text               aux_tc_hs_madc602176_wmadc602484_base.o
    0x00060d98   0x00000bd8   Code   RO         6562    .text               aux_wmadc_pt100_602532_base.o
    0x00061970   0x00000b74   Code   RO         6584    .text               aux_wmadc_2ndv_tr_602536_base.o
    0x000624e4   0x00000a40   Code   RO         6606    .text               aux_wmadc_2ndv_lc_602528_wmadc_603072_wmadc_603130_base.o
    0x00062f24   0x00000998   Code   RO         6629    .text               aux_dds_acim_acr_408888_base.o
    0x000638bc   0x00000214   Code   RO         6653    .text               aux_dds_acim_acr_408888_samplemanage.o
    0x00063ad0   0x00000088   Code   RO         6677    .text               aux_systemctrlboard_415016_base.o
    0x00063b58   0x00000620   Code   RO         6699    .text               aux_poweradj_200a_412206_base.o
    0x00064178   0x00000bac   Code   RO         6722    .text               aux_poweradj_2us6k_422108_base.o
    0x00064d24   0x0000005e   Code   RO         6979    .text               c_w.l(h1_alloc.o)
    0x00064d82   0x0000004e   Code   RO         6981    .text               c_w.l(h1_free.o)
    0x00064dd0   0x000000ee   Code   RO         7037    .text               c_w.l(lludivv7m.o)
    0x00064ebe   0x00000026   Code   RO         7039    .text               c_w.l(llshl.o)
    0x00064ee4   0x00000026   Code   RO         7041    .text               c_w.l(llushr.o)
    0x00064f0a   0x00000048   Code   RO         7043    .text               c_w.l(llsdiv.o)
    0x00064f52   0x00000002   PAD
    0x00064f54   0x00000028   Code   RO         7047    .text               c_w.l(noretval__2sprintf.o)
    0x00064f7c   0x00000052   Code   RO         7051    .text               c_w.l(_printf_pad.o)
    0x00064fce   0x00000002   PAD
    0x00064fd0   0x00000078   Code   RO         7053    .text               c_w.l(_printf_dec.o)
    0x00065048   0x0000013c   Code   RO         7067    .text               c_w.l(__printf_flags_wp.o)
    0x00065184   0x0000001a   Code   RO         7078    .text               c_w.l(atoi.o)
    0x0006519e   0x00000010   Code   RO         7080    .text               c_w.l(llabs.o)
    0x000651ae   0x00000024   Code   RO         7082    .text               c_w.l(strncat.o)
    0x000651d2   0x00000024   Code   RO         7084    .text               c_w.l(strstr.o)
    0x000651f6   0x00000058   Code   RO         7086    .text               c_w.l(memcmp.o)
    0x0006524e   0x00000048   Code   RO         7088    .text               c_w.l(strcpy.o)
    0x00065296   0x0000003e   Code   RO         7090    .text               c_w.l(strlen.o)
    0x000652d4   0x00000018   Code   RO         7092    .text               c_w.l(strcat.o)
    0x000652ec   0x0000008a   Code   RO         7094    .text               c_w.l(rt_memcpy_v6.o)
    0x00065376   0x00000064   Code   RO         7096    .text               c_w.l(rt_memcpy_w.o)
    0x000653da   0x00000010   Code   RO         7098    .text               c_w.l(aeabi_memset.o)
    0x000653ea   0x00000044   Code   RO         7100    .text               c_w.l(rt_memclr.o)
    0x0006542e   0x0000004e   Code   RO         7102    .text               c_w.l(rt_memclr_w.o)
    0x0006547c   0x00000006   Code   RO         7104    .text               c_w.l(heapauxi.o)
    0x00065482   0x00000002   PAD
    0x00065484   0x00000008   Code   RO         7304    .text               c_w.l(rt_heap_descriptor_intlibspace.o)
    0x0006548c   0x00000008   Code   RO         7309    .text               c_w.l(rt_errno_addr_intlibspace.o)
    0x00065494   0x00000004   Code   RO         7311    .text               c_w.l(hguard.o)
    0x00065498   0x0000008a   Code   RO         7313    .text               c_w.l(init_alloc.o)
    0x00065522   0x0000000e   Code   RO         7317    .text               c_w.l(h1_init.o)
    0x00065530   0x00000016   Code   RO         7331    .text               c_w.l(_rserrno.o)
    0x00065546   0x000000b8   Code   RO         7333    .text               c_w.l(_printf_intcommon.o)
    0x000655fe   0x00000420   Code   RO         7335    .text               c_w.l(_printf_fp_dec.o)
    0x00065a1e   0x00000002   PAD
    0x00065a20   0x00000030   Code   RO         7337    .text               c_w.l(_printf_char_common.o)
    0x00065a50   0x0000000a   Code   RO         7339    .text               c_w.l(_sputc.o)
    0x00065a5a   0x00000002   PAD
    0x00065a5c   0x000000a0   Code   RO         7342    .text               c_w.l(strtod.o)
    0x00065afc   0x00000070   Code   RO         7344    .text               c_w.l(strtol.o)
    0x00065b6c   0x00000008   Code   RO         7427    .text               c_w.l(libspace.o)
    0x00065b74   0x00000010   Code   RO         7445    .text               c_w.l(rt_ctype_table.o)
    0x00065b84   0x00000008   Code   RO         7452    .text               c_w.l(rt_locale_intlibspace.o)
    0x00065b8c   0x00000034   Code   RO         7458    .text               c_w.l(h1_extend.o)
    0x00065bc0   0x0000008a   Code   RO         7462    .text               c_w.l(lludiv10.o)
    0x00065c4a   0x00000012   Code   RO         7464    .text               c_w.l(isspace.o)
    0x00065c5c   0x00000080   Code   RO         7466    .text               c_w.l(_printf_fp_infnan.o)
    0x00065cdc   0x00000040   Code   RO         7470    .text               c_w.l(_sgetc.o)
    0x00065d1c   0x0000009e   Code   RO         7472    .text               c_w.l(_strtoul.o)
    0x00065dba   0x00000002   PAD
    0x00065dbc   0x000000e4   Code   RO         7474    .text               c_w.l(bigflt0.o)
    0x00065ea0   0x0000000e   Code   RO         7502    .text               c_w.l(defsig_rtmem_outer.o)
    0x00065eae   0x00000002   Code   RO         7521    .text               c_w.l(use_no_semi.o)
    0x00065eb0   0x00000000   Code   RO         7523    .text               c_w.l(indicate_semi.o)
    0x00065eb0   0x0000004a   Code   RO         7524    .text               c_w.l(sys_stackheap_outer.o)
    0x00065efa   0x0000001c   Code   RO         7530    .text               c_w.l(_chval.o)
    0x00065f16   0x00000002   PAD
    0x00065f18   0x000004a4   Code   RO         7532    .text               c_w.l(scanf_fp.o)
    0x000663bc   0x0000000c   Code   RO         7537    .text               c_w.l(exit.o)
    0x000663c8   0x0000000a   Code   RO         7539    .text               c_w.l(defsig_exit.o)
    0x000663d2   0x00000002   PAD
    0x000663d4   0x00000050   Code   RO         7545    .text               c_w.l(defsig_rtmem_inner.o)
    0x00066424   0x00000080   Code   RO         7547    .text               c_w.l(strcmpv7m.o)
    0x000664a4   0x0000000c   Code   RO         7559    .text               c_w.l(sys_exit.o)
    0x000664b0   0x00000032   Code   RO         7569    .text               c_w.l(defsig_general.o)
    0x000664e2   0x0000000e   Code   RO         7605    .text               c_w.l(sys_wrch.o)
    0x000664f0   0x00000314   Code   RO         7614    .text               c_w.l(scanf_hexfp.o)
    0x00066804   0x0000013c   Code   RO         7616    .text               c_w.l(scanf_infnan.o)
    0x00066940   0x0000003e   Code   RO         7477    CL$$btod_d2e        c_w.l(btod.o)
    0x0006697e   0x00000046   Code   RO         7479    CL$$btod_d2e_denorm_low  c_w.l(btod.o)
    0x000669c4   0x00000060   Code   RO         7478    CL$$btod_d2e_norm_op1  c_w.l(btod.o)
    0x00066a24   0x00000338   Code   RO         7487    CL$$btod_div_common  c_w.l(btod.o)
    0x00066d5c   0x00000054   Code   RO         7485    CL$$btod_e2d        c_w.l(btod.o)
    0x00066db0   0x000000c6   Code   RO         7484    CL$$btod_e2e        c_w.l(btod.o)
    0x00066e76   0x00000028   Code   RO         7481    CL$$btod_ediv       c_w.l(btod.o)
    0x00066e9e   0x00000028   Code   RO         7483    CL$$btod_edivd      c_w.l(btod.o)
    0x00066ec6   0x00000028   Code   RO         7480    CL$$btod_emul       c_w.l(btod.o)
    0x00066eee   0x00000028   Code   RO         7482    CL$$btod_emuld      c_w.l(btod.o)
    0x00066f16   0x00000244   Code   RO         7486    CL$$btod_mult_common  c_w.l(btod.o)
    0x0006715a   0x0000000a   Code   RO         1859    i._ZN13EthernetParse8Char2NumEh  ethernetparse.o
    0x00067164   0x00000020   Code   RO         3227    i._ZSt3absd         auxsampleprocess.o
    0x00067184   0x0000000a   Code   RO         3584    i._ZSt3absf         auxmetavariable.o
    0x0006718e   0x00000022   Code   RO         3221    i._ZSt3powfi        auxsampleprocess.o
    0x000671b0   0x00000018   Code   RO         3655    i._ZSt4ceilf        auxacimtest.o
    0x000671c8   0x00000018   Code   RO         3649    i._ZSt4sqrtf        auxacimtest.o
    0x000671e0   0x00000020   Code   RO         3643    i._ZSt5atan2ff      auxacimtest.o
    0x00067200   0x00000018   Code   RO         3661    i._ZSt5floorf       auxacimtest.o
    0x00067218   0x00000010   Code   RO         5734    i._ZSt6strstrPcPKc  tc_sigmasystemsc4.o
    0x00067228   0x00000030   Code   RO         7517    i.__ARM_fpclassify  m_wm.l(fpclassify.o)
    0x00067258   0x00000026   Code   RO         7216    i.__ARM_fpclassifyf  m_wm.l(fpclassifyf.o)
    0x0006727e   0x00000010   Code   RO         7108    i.__cxa_guard_acquire  cpprt_w.l(cxa_guard_acquire.o)
    0x0006728e   0x00000002   PAD
    0x00067290   0x00000248   Code   RO         7166    i.__hardfp_atan2f   m_wm.l(atan2f.o)
    0x000674d8   0x00000038   Code   RO         7178    i.__hardfp_atof     m_wm.l(atof.o)
    0x00067510   0x0000006c   Code   RO         7184    i.__hardfp_ceilf    m_wm.l(ceilf.o)
    0x0006757c   0x000001f0   Code   RO         7190    i.__hardfp_expf     m_wm.l(expf.o)
    0x0006776c   0x00000014   Code   RO         7204    i.__hardfp_fabs     m_wm.l(fabs.o)
    0x00067780   0x00000070   Code   RO         7210    i.__hardfp_floorf   m_wm.l(floorf.o)
    0x000677f0   0x000000e8   Code   RO         7645    i.__hardfp_ldexp    m_wm.l(ldexp.o)
    0x000678d8   0x00000170   Code   RO         7218    i.__hardfp_logf     m_wm.l(logf.o)
    0x00067a48   0x00000634   Code   RO         7232    i.__hardfp_powf     m_wm.l(powf.o)
    0x0006807c   0x00000004   PAD
    0x00068080   0x000000d8   Code   RO         7246    i.__hardfp_sin      m_wm.l(sin.o)
    0x00068158   0x00000178   Code   RO         7258    i.__hardfp_sinf     m_wm.l(sinf.o)
    0x000682d0   0x0000007a   Code   RO         7270    i.__hardfp_sqrt     m_wm.l(sqrt.o)
    0x0006834a   0x0000003a   Code   RO         7282    i.__hardfp_sqrtf    m_wm.l(sqrtf.o)
    0x00068384   0x00000004   PAD
    0x00068388   0x00000458   Code   RO         7411    i.__ieee754_rem_pio2  m_wm.l(rred.o)
    0x000687e0   0x00000170   Code   RO         7406    i.__kernel_cos      m_wm.l(cos_i.o)
    0x00068950   0x000000f8   Code   RO         7519    i.__kernel_poly     m_wm.l(poly.o)
    0x00068a48   0x00000130   Code   RO         7419    i.__kernel_sin      m_wm.l(sin_i.o)
    0x00068b78   0x00000020   Code   RO         7515    i.__mathlib_dbl_underflow  m_wm.l(dunder.o)
    0x00068b98   0x00000010   Code   RO         7409    i.__mathlib_flt_underflow  m_wm.l(funder.o)
    0x00068ba8   0x000000b8   Code   RO         7598    i.__mathlib_narrow  m_wm.l(narrow.o)
    0x00068c60   0x00000140   Code   RO         7416    i.__mathlib_rredf2  m_wm.l(rredf.o)
    0x00068da0   0x00000014   Code   RO         7647    i.__support_ldexp   m_wm.l(ldexp.o)
    0x00068db4   0x0000000e   Code   RO         7065    i._is_digit         c_w.l(__printf_wp.o)
    0x00068dc2   0x00000002   PAD
    0x00068dc4   0x000000bc   Code   RO         6902    i.alloc_mem         TCP_CM3.lib(at_mem.o)
    0x00068e80   0x000000b8   Code   RO         6749    i.arp_cache_add     TCP_CM3.lib(at_arp.o)
    0x00068f38   0x00000088   Code   RO         6750    i.arp_cache_alloc   TCP_CM3.lib(at_arp.o)
    0x00068fc0   0x00000098   Code   RO         6751    i.arp_cache_early   TCP_CM3.lib(at_arp.o)
    0x00069058   0x000000b4   Code   RO         6752    i.arp_cache_find    TCP_CM3.lib(at_arp.o)
    0x0006910c   0x000000f4   Code   RO         6755    i.arp_cache_update  TCP_CM3.lib(at_arp.o)
    0x00069200   0x0000003c   Code   RO         6756    i.arp_get_hwadr     TCP_CM3.lib(at_arp.o)
    0x0006923c   0x00000068   Code   RO         6757    i.arp_get_info      TCP_CM3.lib(at_arp.o)
    0x000692a4   0x0000002c   Code   RO         6758    i.arp_init          TCP_CM3.lib(at_arp.o)
    0x000692d0   0x00000034   Code   RO         6759    i.arp_is_cacheable  TCP_CM3.lib(at_arp.o)
    0x00069304   0x00000028   Code   RO         6760    i.arp_notify        TCP_CM3.lib(at_arp.o)
    0x0006932c   0x00000088   Code   RO         6762    i.arp_proc_response  TCP_CM3.lib(at_arp.o)
    0x000693b4   0x00000138   Code   RO         6763    i.arp_process       TCP_CM3.lib(at_arp.o)
    0x000694ec   0x000000a0   Code   RO         6764    i.arp_send_reply    TCP_CM3.lib(at_arp.o)
    0x0006958c   0x000000b8   Code   RO         6765    i.arp_send_request  TCP_CM3.lib(at_arp.o)
    0x00069644   0x00000012   Code   RO         6926    i.calc_chksum16be   TCP_CM3.lib(at_lib.o)
    0x00069656   0x00000002   PAD
    0x00069658   0x00000028   Code   RO         6927    i.chksum16_buf      TCP_CM3.lib(at_lib.o)
    0x00069680   0x0000000a   Code   RO         6928    i.chksum16_val      TCP_CM3.lib(at_lib.o)
    0x0006968a   0x00000002   PAD
    0x0006968c   0x00000010   Code   RO         6888    i.eth_chk_adr       TCP_CM3.lib(at_ethernet.o)
    0x0006969c   0x00000034   Code   RO         6890    i.eth_init_link     TCP_CM3.lib(at_ethernet.o)
    0x000696d0   0x000000d4   Code   RO         6891    i.eth_run_link      TCP_CM3.lib(at_ethernet.o)
    0x000697a4   0x000000a8   Code   RO         6892    i.eth_send_frame    TCP_CM3.lib(at_ethernet.o)
    0x0006984c   0x00000020   Code   RO         7206    i.fabs              m_wm.l(fabs.o)
    0x0006986c   0x00000084   Code   RO         6903    i.free_mem          TCP_CM3.lib(at_mem.o)
    0x000698f0   0x0000009c   Code   RO         7624    i.frexp             m_wm.l(frexp.o)
    0x0006998c   0x00000028   Code   RO         6930    i.get_crc32         TCP_CM3.lib(at_lib.o)
    0x000699b4   0x0000001c   Code   RO         6914    i.get_rnd32         TCP_CM3.lib(at_system.o)
    0x000699d0   0x00000010   Code   RO         6799    i.icmp_init         TCP_CM3.lib(at_icmp.o)
    0x000699e0   0x000000cc   Code   RO         6801    i.icmp_process      TCP_CM3.lib(at_icmp.o)
    0x00069aac   0x00000048   Code   RO         6802    i.icmp_run_engine   TCP_CM3.lib(at_icmp.o)
    0x00069af4   0x00000070   Code   RO         6803    i.icmp_send_message  TCP_CM3.lib(at_icmp.o)
    0x00069b64   0x00000038   Code   RO         6904    i.ifree_mem         TCP_CM3.lib(at_mem.o)
    0x00069b9c   0x0000002c   Code   RO         6915    i.init_TcpNet       TCP_CM3.lib(at_system.o)
    0x00069bc8   0x0000002c   Code   RO         6905    i.init_mem          TCP_CM3.lib(at_mem.o)
    0x00069bf4   0x000000c8   Code   RO         6785    i.ip_chk_frame      TCP_CM3.lib(at_ip.o)
    0x00069cbc   0x0000000a   Code   RO         6786    i.ip_get_chksum     TCP_CM3.lib(at_ip.o)
    0x00069cc6   0x00000002   PAD
    0x00069cc8   0x000000b8   Code   RO         6787    i.ip_get_locadr     TCP_CM3.lib(at_ip.o)
    0x00069d80   0x0000000c   Code   RO         6788    i.ip_init           TCP_CM3.lib(at_ip.o)
    0x00069d8c   0x0000005c   Code   RO         6789    i.ip_run_local      TCP_CM3.lib(at_ip.o)
    0x00069de8   0x00000150   Code   RO         6790    i.ip_send_frame     TCP_CM3.lib(at_ip.o)
    0x00069f38   0x00000014   Code   RO         6931    i.is_subnet         TCP_CM3.lib(at_lib.o)
    0x00069f4c   0x00000064   Code   RO         6916    i.main_TcpNet       TCP_CM3.lib(at_system.o)
    0x00069fb0   0x0000001a   Code   RO         6932    i.mem_comp          TCP_CM3.lib(at_lib.o)
    0x00069fca   0x00000016   Code   RO         6933    i.mem_copy          TCP_CM3.lib(at_lib.o)
    0x00069fe0   0x00000020   Code   RO         6934    i.mem_crc32         TCP_CM3.lib(at_lib.o)
    0x0006a000   0x0000000c   Code   RO         6936    i.mem_set           TCP_CM3.lib(at_lib.o)
    0x0006a00c   0x00000016   Code   RO         6937    i.mem_test          TCP_CM3.lib(at_lib.o)
    0x0006a022   0x00000016   Code   RO         6939    i.nrd_u32be         TCP_CM3.lib(at_lib.o)
    0x0006a038   0x00000010   Code   RO         6941    i.nwr_u32be         TCP_CM3.lib(at_lib.o)
    0x0006a048   0x00000028   Code   RO         6893    i.put_in_queue      TCP_CM3.lib(at_ethernet.o)
    0x0006a070   0x00000048   Code   RO         6906    i.resize_mem        TCP_CM3.lib(at_mem.o)
    0x0006a0b8   0x00000040   Code   RO         6811    i.tcp_check_send    TCP_CM3.lib(at_tcp.o)
    0x0006a0f8   0x00000020   Code   RO         6815    i.tcp_get_buf       TCP_CM3.lib(at_tcp.o)
    0x0006a118   0x00000048   Code   RO         6817    i.tcp_get_socket    TCP_CM3.lib(at_tcp.o)
    0x0006a160   0x00000028   Code   RO         6818    i.tcp_get_state     TCP_CM3.lib(at_tcp.o)
    0x0006a188   0x00000014   Code   RO         6819    i.tcp_init          TCP_CM3.lib(at_tcp.o)
    0x0006a19c   0x00000074   Code   RO         6821    i.tcp_listen        TCP_CM3.lib(at_tcp.o)
    0x0006a210   0x0000009c   Code   RO         6822    i.tcp_map_socket    TCP_CM3.lib(at_tcp.o)
    0x0006a2ac   0x00000028   Code   RO         6823    i.tcp_max_dsize     TCP_CM3.lib(at_tcp.o)
    0x0006a2d4   0x00000214   Code   RO         6824    i.tcp_poll_sockets  TCP_CM3.lib(at_tcp.o)
    0x0006a4e8   0x0000046e   Code   RO         6825    i.tcp_process       TCP_CM3.lib(at_tcp.o)
    0x0006a956   0x00000002   PAD
    0x0006a958   0x00000078   Code   RO         6826    i.tcp_process_opt   TCP_CM3.lib(at_tcp.o)
    0x0006a9d0   0x00000110   Code   RO         6830    i.tcp_send          TCP_CM3.lib(at_tcp.o)
    0x0006aae0   0x00000022   Code   RO         6831    i.tcp_send_ctrl     TCP_CM3.lib(at_tcp.o)
    0x0006ab02   0x00000002   PAD
    0x0006ab04   0x00000108   Code   RO         6832    i.tcp_send_frame    TCP_CM3.lib(at_tcp.o)
    0x0006ac0c   0x00000080   Code   RO         6833    i.tcp_send_reset    TCP_CM3.lib(at_tcp.o)
    0x0006ac8c   0x00000012   Code   RO         6834    i.tcp_set_retransmit  TCP_CM3.lib(at_tcp.o)
    0x0006ac9e   0x00000002   PAD
    0x0006aca0   0x00000070   Code   RO         6835    i.tcp_transit       TCP_CM3.lib(at_tcp.o)
    0x0006ad10   0x0000000c   Code   RO         6917    i.timer_tick        TCP_CM3.lib(at_system.o)
    0x0006ad1c   0x00000020   Code   RO         6865    i.udp_get_buf       TCP_CM3.lib(at_udp.o)
    0x0006ad3c   0x00000044   Code   RO         6866    i.udp_get_socket    TCP_CM3.lib(at_udp.o)
    0x0006ad80   0x00000018   Code   RO         6867    i.udp_init          TCP_CM3.lib(at_udp.o)
    0x0006ad98   0x00000068   Code   RO         6870    i.udp_open          TCP_CM3.lib(at_udp.o)
    0x0006ae00   0x0000002c   Code   RO         6871    i.udp_port_in_use   TCP_CM3.lib(at_udp.o)
    0x0006ae2c   0x000000b8   Code   RO         6872    i.udp_process       TCP_CM3.lib(at_udp.o)
    0x0006aee4   0x0000011c   Code   RO         6874    i.udp_send          TCP_CM3.lib(at_udp.o)
    0x0006b000   0x0000002c   Code   RO         7500    locale$$code        c_w.l(lc_numeric_c.o)
    0x0006b02c   0x0000002c   Code   RO         7535    locale$$code        c_w.l(lc_ctype_c.o)
    0x0006b058   0x00000018   Code   RO         7114    x$fpl$basic         fz_wm.l(basic.o)
    0x0006b070   0x00000062   Code   RO         7116    x$fpl$d2f           fz_wm.l(d2f.o)
    0x0006b0d2   0x00000002   PAD
    0x0006b0d4   0x00000150   Code   RO         7118    x$fpl$dadd          fz_wm.l(daddsub_clz.o)
    0x0006b224   0x00000010   Code   RO         7664    x$fpl$dcheck1       fz_wm.l(dcheck1.o)
    0x0006b234   0x00000018   Code   RO         7391    x$fpl$dcmpinf       fz_wm.l(dcmpi.o)
    0x0006b24c   0x000002b0   Code   RO         7125    x$fpl$ddiv          fz_wm.l(ddiv.o)
    0x0006b4fc   0x00000078   Code   RO         7620    x$fpl$deqf          fz_wm.l(deqf.o)
    0x0006b574   0x0000005e   Code   RO         7128    x$fpl$dfix          fz_wm.l(dfix.o)
    0x0006b5d2   0x00000002   PAD
    0x0006b5d4   0x0000005a   Code   RO         7132    x$fpl$dfixu         fz_wm.l(dfixu.o)
    0x0006b62e   0x0000002e   Code   RO         7137    x$fpl$dflt          fz_wm.l(dflt_clz.o)
    0x0006b65c   0x000000a2   Code   RO         7142    x$fpl$dfltll        fz_wm.l(dfltll_clz.o)
    0x0006b6fe   0x00000026   Code   RO         7136    x$fpl$dfltu         fz_wm.l(dflt_clz.o)
    0x0006b724   0x0000008a   Code   RO         7143    x$fpl$dfltull       fz_wm.l(dfltll_clz.o)
    0x0006b7ae   0x00000002   PAD
    0x0006b7b0   0x00000078   Code   RO         7146    x$fpl$dleqf         fz_wm.l(dleqf.o)
    0x0006b828   0x00000154   Code   RO         7148    x$fpl$dmul          fz_wm.l(dmul.o)
    0x0006b97c   0x0000009c   Code   RO         7393    x$fpl$dnaninf       fz_wm.l(dnaninf.o)
    0x0006ba18   0x0000000c   Code   RO         7395    x$fpl$dretinf       fz_wm.l(dretinf.o)
    0x0006ba24   0x0000006c   Code   RO         7150    x$fpl$drleqf        fz_wm.l(drleqf.o)
    0x0006ba90   0x00000016   Code   RO         7119    x$fpl$drsb          fz_wm.l(daddsub_clz.o)
    0x0006baa6   0x00000002   PAD
    0x0006baa8   0x00000198   Code   RO         7397    x$fpl$dsqrt         fz_wm.l(dsqrt_umaal.o)
    0x0006bc40   0x000001d4   Code   RO         7120    x$fpl$dsub          fz_wm.l(daddsub_clz.o)
    0x0006be14   0x00000056   Code   RO         7152    x$fpl$f2d           fz_wm.l(f2d.o)
    0x0006be6a   0x00000060   Code   RO         7162    x$fpl$ffltll        fz_wm.l(ffltll_clz.o)
    0x0006beca   0x0000008c   Code   RO         7399    x$fpl$fnaninf       fz_wm.l(fnaninf.o)
    0x0006bf56   0x0000000a   Code   RO         7511    x$fpl$fpinit        fz_wm.l(fpinit.o)
    0x0006bf60   0x0000000a   Code   RO         7401    x$fpl$fretinf       fz_wm.l(fretinf.o)
    0x0006bf6a   0x00000002   PAD
    0x0006bf6c   0x00000086   Code   RO         7154    x$fpl$llsfromf      fz_wm.l(ffixll.o)
    0x0006bff2   0x00000002   PAD
    0x0006bff4   0x0000005c   Code   RO         7158    x$fpl$llufromf      fz_wm.l(ffixull.o)
    0x0006c050   0x00000004   Code   RO         7164    x$fpl$printf1       fz_wm.l(printf1.o)
    0x0006c054   0x00000064   Code   RO         7666    x$fpl$retnan        fz_wm.l(retnan.o)
    0x0006c0b8   0x0000005c   Code   RO         7661    x$fpl$scalbn        fz_wm.l(scalbn.o)
    0x0006c114   0x00000004   Code   RO         7513    x$fpl$scanf1        fz_wm.l(scanf1.o)
    0x0006c118   0x00000008   Code   RO         7591    x$fpl$scanf2        fz_wm.l(scanf2.o)
    0x0006c120   0x00000030   Code   RO         7668    x$fpl$trapveneer    fz_wm.l(trapv.o)
    0x0006c150   0x00000000   Code   RO         7405    x$fpl$usenofp       fz_wm.l(usenofp.o)
    0x0006c150   0x00000058   Data   RO            5    .constdata          main.o
    0x0006c1a8   0x00000540   Data   RO          820    .constdata          gpio.o
    0x0006c6e8   0x00000104   Data   RO          895    .constdata          sdram.o
    0x0006c7ec   0x00000004   PAD
    0x0006c7f0   0x00000030   Data   RO         1026    .constdata          timers.o
    0x0006c820   0x00000018   Data   RO         1077    .constdata          i2cnew.o
    0x0006c838   0x00000028   Data   RO         1102    .constdata          uart.o
    0x0006c860   0x00000008   Data   RO         1172    .constdata          ledfunc.o
    0x0006c868   0x00000400   Data   RO         1265    .constdata          adc16bit_ltc68042.o
    0x0006cc68   0x00000020   Data   RO         1291    .constdata          fm25l256.o
    0x0006cc88   0x00000038   Data   RO         1491    .constdata          net_config.o
    0x0006ccc0   0x00000024   Data   RO         2484    .constdata          debugreadmemory.o
    0x0006cce4   0x00000200   Data   RO         2530    .constdata          dwin_uartparse.o
    0x0006cee4   0x0000114c   Data   RO         2634    .constdata          auxdatamanager.o
    0x0006e030   0x00000004   Data   RO         3331    .constdata          auxcconfig.o
    0x0006e034   0x00000018   Data   RO         3430    .constdata          aux_redundantsample.o
    0x0006e04c   0x0000002c   Data   RO         3625    .constdata          auxacimtest.o
    0x0006e078   0x00000008   Data   RO         3693    .constdata          aux_sysctrl.o
    0x0006e080   0x00000010   Data   RO         3720    .constdata          poweradj.o
    0x0006e090   0x0000004b   Data   RO         3743    .constdata          mtci_ctrl.o
    0x0006e0db   0x00000017   Data   RO         4314    .constdata          tc_eurotherm_2204e.o
    0x0006e0f2   0x0000001c   Data   RO         4338    .constdata          tc_eurotherm_3216.o
    0x0006e10e   0x00000027   Data   RO         4362    .constdata          tc_future_fdcp91.o
    0x0006e135   0x00000003   PAD
    0x0006e138   0x00000384   Data   RO         4386    .constdata          tc_ksi_ths2005.o
    0x0006e4bc   0x0000007d   Data   RO         4410    .constdata          tc_samwontech_temp880.o
    0x0006e539   0x00000025   Data   RO         4434    .constdata          tc_tfs_pc200.o
    0x0006e55e   0x0000001e   Data   RO         4458    .constdata          tc_thermotron_8200.o
    0x0006e57c   0x0000012c   Data   RO         4482    .constdata          tc_watlow_f4.o
    0x0006e6a8   0x00000027   Data   RO         4506    .constdata          th_csz_ezt570i.o
    0x0006e6cf   0x0000007c   Data   RO         4530    .constdata          th_harding_tpc7062k.o
    0x0006e74b   0x00000091   Data   RO         4554    .constdata          th_samwontech_temi2500.o
    0x0006e7dc   0x00000102   Data   RO         4578    .constdata          th_siemens_s7_226cn.o
    0x0006e8de   0x000000b8   Data   RO         4602    .constdata          th_voetsch.o
    0x0006e996   0x00000200   Data   RO         4626    .constdata          mtci_datatypes.o
    0x0006eb96   0x0000007d   Data   RO         4649    .constdata          tc_samwontech_temp2500.o
    0x0006ec13   0x000000a1   Data   RO         4673    .constdata          th_clcd_9700.o
    0x0006ecb4   0x00000057   Data   RO         4697    .constdata          th_shanghai_pindun_temi880.o
    0x0006ed0b   0x00000027   Data   RO         4721    .constdata          th_csz_ezt430i.o
    0x0006ed32   0x0000001e   Data   RO         4745    .constdata          tc_binder_mb1.o
    0x0006ed50   0x00000048   Data   RO         4769    .constdata          th_dongguan_huance_umc1200.o
    0x0006ed98   0x0000004c   Data   RO         4793    .constdata          th_guangzhou_wusuo.o
    0x0006ede4   0x00000037   Data   RO         4817    .constdata          th_tt_5166.o
    0x0006ee1b   0x00000072   Data   RO         4841    .constdata          th_voetsch_vc_l4006.o
    0x0006ee8d   0x0000003e   Data   RO         4865    .constdata          th_hardings7_hlt504p.o
    0x0006eecb   0x00000065   Data   RO         4889    .constdata          th_chongqing_yinhe_modbustcp.o
    0x0006ef30   0x0000005e   Data   RO         4913    .constdata          tc_hardings7_hlt403p-ii.o
    0x0006ef8e   0x00000044   Data   RO         4937    .constdata          tc_julabo_fp50ma_f4.o
    0x0006efd2   0x0000007a   Data   RO         4961    .constdata          th_chongqing_ataihe.o
    0x0006f04c   0x0000003c   Data   RO         4985    .constdata          th_jufu_9700s.o
    0x0006f088   0x00000708   Data   RO         5009    .constdata          th_espec_scp220.o
    0x0006f790   0x00000258   Data   RO         5033    .constdata          tc_sun_ec1x.o
    0x0006f9e8   0x00000708   Data   RO         5058    .constdata          th_espec_gpl_4.o
    0x000700f0   0x0000007b   Data   RO         5082    .constdata          th_siemens_s7_saia.o
    0x0007016b   0x0000003f   Data   RO         5106    .constdata          tc_tm221ce24t.o
    0x000701aa   0x00000044   Data   RO         5199    .constdata          tc_lauda_pro_p2e.o
    0x000701ee   0x0000004c   Data   RO         5248    .constdata          tc_julabo_a45t.o
    0x0007023a   0x00000074   Data   RO         5295    .constdata          th_voetsch_network.o
    0x000702ae   0x0000003c   Data   RO         5319    .constdata          tc_hardings7_hlt504p.o
    0x000702ea   0x00000052   Data   RO         5366    .constdata          th_memmertgmbh_rs232.o
    0x0007033c   0x000004b0   Data   RO         5390    .constdata          tc_espec_gpl_4.o
    0x000707ec   0x000005dc   Data   RO         5414    .constdata          tc_espec_scp220.o
    0x00070dc8   0x0000001e   Data   RO         5438    .constdata          tc_binder_mb2.o
    0x00070de6   0x00000002   PAD
    0x00070de8   0x00000014   Data   RO         5485    .constdata          tc_simpac.o
    0x00070dfc   0x00000027   Data   RO         5509    .constdata          th_tt_5166_sunwoda.o
    0x00070e23   0x00000068   Data   RO         5579    .constdata          tc_dongda_mewto.o
    0x00070e8b   0x00000001   PAD
    0x00070e8c   0x00000014   Data   RO         5718    .constdata          tc_sigmasystemsc4.o
    0x00070ea0   0x00000028   Data   RO         5777    .constdata          th_spi2_p1.o
    0x00070ec8   0x000000ae   Data   RO         5801    .constdata          tc_polyscience.o
    0x00070f76   0x00000002   PAD
    0x00070f78   0x00000028   Data   RO         5895    .constdata          th_plc_700_ascii.o
    0x00070fa0   0x00000008   Data   RO         6058    .constdata          aux_2ndv_him_511898_wmadc602540_base.o
    0x00070fa8   0x00000038   Data   RO         6125    .constdata          batterycells_base.o
    0x00070fe0   0x00000040   Data   RO         6190    .constdata          aux_multifunc_514194_base.o
    0x00071020   0x00000008   Data   RO         6213    .constdata          aux_redun_2ndv_tc_601082_base.o
    0x00071028   0x00000058   Data   RO         6237    .constdata          aux_extcharge_601618_base.o
    0x00071080   0x00000048   Data   RO         6261    .constdata          aux_monitor_601618_base.o
    0x000710c8   0x00000030   Data   RO         6284    .constdata          aux_2ndv_lc_601310_base.o
    0x000710f8   0x000000e8   Data   RO         6352    .constdata          aux_onlinersm_602026_base.o
    0x000711e0   0x000000a8   Data   RO         6400    .constdata          aux_aio_dio_602178_wmadc602548_base.o
    0x00071288   0x00000040   Data   RO         6425    .constdata          aux_chamber_tec_base.o
    0x000712c8   0x00000290   Data   RO         6517    .constdata          aux_mtc_base.o
    0x00071558   0x00000030   Data   RO         6608    .constdata          aux_wmadc_2ndv_lc_602528_wmadc_603072_wmadc_603130_base.o
    0x00071588   0x000000c8   Data   RO         6631    .constdata          aux_dds_acim_acr_408888_base.o
    0x00071650   0x00000008   Data   RO         6701    .constdata          aux_poweradj_200a_412206_base.o
    0x00071658   0x00000068   Data   RO         6725    .constdata          aux_poweradj_2us6k_422108_base.o
    0x000716c0   0x00000006   Data   RO         6766    .constdata          TCP_CM3.lib(at_arp.o)
    0x000716c6   0x00000008   Data   RO         6791    .constdata          TCP_CM3.lib(at_ip.o)
    0x000716ce   0x00000006   Data   RO         6895    .constdata          TCP_CM3.lib(at_ethernet.o)
    0x000716d4   0x00000011   Data   RO         7068    .constdata          c_w.l(__printf_flags_wp.o)
    0x000716e5   0x00000003   PAD
    0x000716e8   0x00000030   Data   RO         7193    .constdata          m_wm.l(expf.o)
    0x00071718   0x00000040   Data   RO         7221    .constdata          m_wm.l(logf.o)
    0x00071758   0x00000140   Data   RO         7235    .constdata          m_wm.l(powf.o)
    0x00071898   0x00000030   Data   RO         7407    .constdata          m_wm.l(cos_i.o)
    0x000718c8   0x000000c8   Data   RO         7413    .constdata          m_wm.l(rred.o)
    0x00071990   0x00000020   Data   RO         7417    .constdata          m_wm.l(rredf.o)
    0x000719b0   0x00000028   Data   RO         7420    .constdata          m_wm.l(sin_i.o)
    0x000719d8   0x00000094   Data   RO         7475    .constdata          c_w.l(bigflt0.o)
    0x00071a6c   0x00000080   Data   RO         7670    Region$$Table       anon$$obj.o
    0x00071aec   0x00000008   Data   RO         7588    c$$dinf             fz_wm.l(fpconst.o)
    0x00071af4   0x0000001c   Data   RO         7499    locale$$data        c_w.l(lc_numeric_c.o)
    0x00071b10   0x00000110   Data   RO         7534    locale$$data        c_w.l(lc_ctype_c.o)


    Execution Region RW_IRAM1 (Base: 0x10000000, Size: 0x0000cac0, Max: 0x00010000, ABSOLUTE, COMPRESSED[0x00000234])

    Base Addr    Size         Type   Attr      Idx    E Section Name        Object

    0x10000000   0x00000027   Data   RW            6    .data               main.o
    0x10000027   0x00000001   PAD
    0x10000028   0x000000b8   Data   RW          601    .data               os_serveprocess.o
    0x100000e0   0x00000020   Data   RW          631    .data               datatypes.o
    0x10000100   0x00000020   Data   RW          653    .data               circularqueue_lin.o
    0x10000120   0x00000010   Data   RW          721    .data               system_lpc407x_8x_177x_8x.o
    0x10000130   0x00000040   Data   RW          768    .data               can.o
    0x10000170   0x00000020   Data   RW          844    .data               irq.o
    0x10000190   0x0000001e   Data   RW          872    .data               rtc.o
    0x100001ae   0x00000002   PAD
    0x100001b0   0x00000028   Data   RW         1027    .data               timers.o
    0x100001d8   0x0000002a   Data   RW         1078    .data               i2cnew.o
    0x10000202   0x00000006   PAD
    0x10000208   0x0000002d   Data   RW         1173    .data               ledfunc.o
    0x10000235   0x00000003   PAD
    0x10000238   0x0000003d   Data   RW         1198    .data               adc24bit_ads1259.o
    0x10000275   0x00000003   PAD
    0x10000278   0x00000029   Data   RW         1220    .data               adc32bit_ltc2449.o
    0x100002a1   0x00000007   PAD
    0x100002a8   0x00000030   Data   RW         1242    .data               adc32bit_ltc2498.o
    0x100002d8   0x00000028   Data   RW         1266    .data               adc16bit_ltc68042.o
    0x10000300   0x0000001f   Data   RW         1292    .data               fm25l256.o
    0x1000031f   0x00000001   PAD
    0x10000320   0x00000020   Data   RW         1361    .data               cpld.o
    0x10000340   0x0000003c   Data   RW         1383    .data               dac16bit_ad5754.o
    0x1000037c   0x00000004   PAD
    0x10000380   0x00000020   Data   RW         1405    .data               dds_ad9834.o
    0x100003a0   0x00000039   Data   RW         1427    .data               adc24bit_ad7175.o
    0x100003d9   0x00000052   Data   RW         1492    .data               net_config.o
    0x1000042b   0x00000005   PAD
    0x10000430   0x00000034   Data   RW         1524    .data               tcptxrx.o
    0x10000464   0x00000004   PAD
    0x10000468   0x0000003f   Data   RW         1841    .data               ethernetparse.o
    0x100004a7   0x00000001   PAD
    0x100004a8   0x00000020   Data   RW         2423    .data               eventsbuffering.o
    0x100004c8   0x00000028   Data   RW         2455    .data               multimcucommunication.o
    0x100004f0   0x00000020   Data   RW         2508    .data               aux_uartparse.o
    0x10000510   0x00000020   Data   RW         2531    .data               dwin_uartparse.o
    0x10000530   0x0000002c   Data   RW         2555    .data               canbusparse.o
    0x1000055c   0x00000004   PAD
    0x10000560   0x00000020   Data   RW         2587    .data               canbuswatchdog.o
    0x10000580   0x00000024   Data   RW         2612    .data               bsp.o
    0x100005a4   0x00000004   PAD
    0x100005a8   0x00000020   Data   RW         3204    .data               auxsampleprocess.o
    0x100005c8   0x00000020   Data   RW         3262    .data               auxsdl.o
    0x100005e8   0x0000002e   Data   RW         3286    .data               auxchecklimit_4.o
    0x10000616   0x00000002   PAD
    0x10000618   0x00000020   Data   RW         3308    .data               auxchecklimit_8.o
    0x10000638   0x00000045   Data   RW         3332    .data               auxcconfig.o
    0x1000067d   0x00000003   PAD
    0x10000680   0x00000020   Data   RW         3355    .data               aux_safecheck.o
    0x100006a0   0x00000028   Data   RW         3406    .data               auxconfigrsn.o
    0x100006c8   0x00000028   Data   RW         3431    .data               aux_redundantsample.o
    0x100006f0   0x00000028   Data   RW         3455    .data               auxreaddi.o
    0x10000718   0x00000028   Data   RW         3477    .data               auxwritedo.o
    0x10000740   0x00000020   Data   RW         3499    .data               auxsampletask.o
    0x10000760   0x00000028   Data   RW         3522    .data               auxredundantsafetycheck.o
    0x10000788   0x00000084   Data   RW         3545    .data               auxsample_2ndv_lc.o
    0x1000080c   0x00000004   PAD
    0x10000810   0x00000020   Data   RW         3567    .data               auxmetavariable.o
    0x10000830   0x00000020   Data   RW         3601    .data               aux_pid.o
    0x10000850   0x00000050   Data   RW         3626    .data               auxacimtest.o
    0x100008a0   0x00000020   Data   RW         3694    .data               aux_sysctrl.o
    0x100008c0   0x00000078   Data   RW         3721    .data               poweradj.o
    0x10000938   0x00000021   Data   RW         3744    .data               mtci_ctrl.o
    0x10000959   0x00000007   PAD
    0x10000960   0x00000020   Data   RW         4579    .data               th_siemens_s7_226cn.o
    0x10000980   0x00000028   Data   RW         4890    .data               th_chongqing_yinhe_modbustcp.o
    0x100009a8   0x0000001a   Data   RW         4914    .data               tc_hardings7_hlt403p-ii.o
    0x100009c2   0x00000006   PAD
    0x100009c8   0x00000020   Data   RW         5034    .data               tc_sun_ec1x.o
    0x100009e8   0x00000020   Data   RW         5083    .data               th_siemens_s7_saia.o
    0x10000a08   0x00000019   Data   RW         5130    .data               th_us_9256p_accu3.o
    0x10000a21   0x00000007   PAD
    0x10000a28   0x00000059   Data   RW         5200    .data               tc_lauda_pro_p2e.o
    0x10000a81   0x00000007   PAD
    0x10000a88   0x00000019   Data   RW         5533    .data               th_songhua_2pt_bd.o
    0x10000aa1   0x00000007   PAD
    0x10000aa8   0x00000019   Data   RW         5649    .data               th_hongruida_modbus_tcp.o
    0x10000ac1   0x00000007   PAD
    0x10000ac8   0x0000001c   Data   RW         5672    .data               tc_bia_climatic.o
    0x10000ae4   0x00000004   PAD
    0x10000ae8   0x0000001a   Data   RW         5719    .data               tc_sigmasystemsc4.o
    0x10000b02   0x00000006   PAD
    0x10000b08   0x00000019   Data   RW         5778    .data               th_spi2_p1.o
    0x10000b21   0x00000007   PAD
    0x10000b28   0x00000020   Data   RW         5802    .data               tc_polyscience.o
    0x10000b48   0x00000019   Data   RW         5849    .data               tc_harding_three_layers_modbus_tcp.o
    0x10000b61   0x00000007   PAD
    0x10000b68   0x00000019   Data   RW         5919    .data               th_hongruida_modbus_rs485.o
    0x10000b81   0x00000007   PAD
    0x10000b88   0x0000001c   Data   RW         5942    .data               th_simense_s7_200.o
    0x10000ba4   0x00000004   PAD
    0x10000ba8   0x0000001c   Data   RW         6012    .data               tc_watlow_f4t_modbus_float.o
    0x10000bc4   0x00000004   PAD
    0x10000bc8   0x0000001f   Data   RW         6036    .data               aux_2ndv_tr_509146_base.o
    0x10000be7   0x00000001   PAD
    0x10000be8   0x00000022   Data   RW         6059    .data               aux_2ndv_him_511898_wmadc602540_base.o
    0x10000c0a   0x00000006   PAD
    0x10000c10   0x00000028   Data   RW         6081    .data               aux_p_tc_509138_base.o
    0x10000c38   0x00000035   Data   RW         6167    .data               batterycells_samplemanage.o
    0x10000c6d   0x00000003   PAD
    0x10000c70   0x00000057   Data   RW         6191    .data               aux_multifunc_514194_base.o
    0x10000cc7   0x00000001   PAD
    0x10000cc8   0x00000030   Data   RW         6214    .data               aux_redun_2ndv_tc_601082_base.o
    0x10000cf8   0x0000007b   Data   RW         6238    .data               aux_extcharge_601618_base.o
    0x10000d73   0x00000005   PAD
    0x10000d78   0x00000074   Data   RW         6262    .data               aux_monitor_601618_base.o
    0x10000dec   0x00000004   PAD
    0x10000df0   0x00000022   Data   RW         6285    .data               aux_2ndv_lc_601310_base.o
    0x10000e12   0x00000006   PAD
    0x10000e18   0x0000001f   Data   RW         6307    .data               aux_tr_pt100_601314_base.o
    0x10000e37   0x00000001   PAD
    0x10000e38   0x00000020   Data   RW         6329    .data               aux_dido_601196_wmadc602518_base.o
    0x10000e58   0x000000c8   Data   RW         6353    .data               aux_onlinersm_602026_base.o
    0x10000f20   0x00000028   Data   RW         6377    .data               aux_tc_mad602280_wmadc602524_base.o
    0x10000f48   0x00000080   Data   RW         6401    .data               aux_aio_dio_602178_wmadc602548_base.o
    0x10000fc8   0x00000053   Data   RW         6426    .data               aux_chamber_tec_base.o
    0x1000101b   0x00000005   PAD
    0x10001020   0x00000020   Data   RW         6449    .data               ht16k33.o
    0x10001040   0x00000028   Data   RW         6471    .data               tmp_keyfun.o
    0x10001068   0x00000026   Data   RW         6494    .data               tmp75_tec.o
    0x1000108e   0x00000002   PAD
    0x10001090   0x00000105   Data   RW         6518    .data               aux_mtc_base.o
    0x10001195   0x00000003   PAD
    0x10001198   0x00000028   Data   RW         6542    .data               aux_tc_hs_madc602176_wmadc602484_base.o
    0x100011c0   0x00000027   Data   RW         6564    .data               aux_wmadc_pt100_602532_base.o
    0x100011e7   0x00000001   PAD
    0x100011e8   0x0000001f   Data   RW         6586    .data               aux_wmadc_2ndv_tr_602536_base.o
    0x10001207   0x00000001   PAD
    0x10001208   0x00000022   Data   RW         6609    .data               aux_wmadc_2ndv_lc_602528_wmadc_603072_wmadc_603130_base.o
    0x1000122a   0x00000006   PAD
    0x10001230   0x00000026   Data   RW         6632    .data               aux_dds_acim_acr_408888_base.o
    0x10001256   0x00000002   PAD
    0x10001258   0x0000003c   Data   RW         6657    .data               aux_dds_acim_acr_408888_samplemanage.o
    0x10001294   0x00000004   PAD
    0x10001298   0x00000024   Data   RW         6679    .data               aux_systemctrlboard_415016_base.o
    0x100012bc   0x00000004   PAD
    0x100012c0   0x00000028   Data   RW         6702    .data               aux_poweradj_200a_412206_base.o
    0x100012e8   0x00000049   Data   RW         6726    .data               aux_poweradj_2us6k_422108_base.o
    0x10001331   0x00000003   PAD
    0x10001334   0x00000008   Data   RW         6767    .data               TCP_CM3.lib(at_arp.o)
    0x1000133c   0x0000000c   Data   RW         6792    .data               TCP_CM3.lib(at_ip.o)
    0x10001348   0x00000004   Data   RW         6836    .data               TCP_CM3.lib(at_tcp.o)
    0x1000134c   0x00000002   Data   RW         6875    .data               TCP_CM3.lib(at_udp.o)
    0x1000134e   0x00000002   PAD
    0x10001350   0x00000008   Data   RW         6907    .data               TCP_CM3.lib(at_mem.o)
    0x10001358   0x0000000e   Data   RW         3205    SRAM                auxsampleprocess.o
    0x10001366   0x00000008   Data   RW         6519    SRAM                aux_mtc_base.o
    0x1000136e   0x00000002   PAD
    0x10001370   0x00000b80   Zero   RW          600    .bss                os_serveprocess.o
    0x10001ef0   0x0000000c   Zero   RW          843    .bss                irq.o
    0x10001efc   0x0000026e   Zero   RW          918    .bss                sspi.o
    0x1000216a   0x00000002   PAD
    0x1000216c   0x00000020   Zero   RW         1127    .bss                adc.o
    0x1000218c   0x0000002e   Zero   RW         1197    .bss                adc24bit_ads1259.o
    0x100021ba   0x00000064   Zero   RW         1264    .bss                adc16bit_ltc68042.o
    0x1000221e   0x00000002   PAD
    0x10002220   0x00002504   Zero   RW         1490    .bss                net_config.o
    0x10004724   0x00000af0   Zero   RW         1523    .bss                tcptxrx.o
    0x10005214   0x00000010   Zero   RW         1839    .bss                ethernetparse.o
    0x10005224   0x00000517   Zero   RW         2507    .bss                aux_uartparse.o
    0x1000573b   0x00000001   PAD
    0x1000573c   0x0000002c   Zero   RW         2554    .bss                canbusparse.o
    0x10005768   0x00001800   Zero   RW         2611    .bss                bsp.o
    0x10006f68   0x00000230   Zero   RW         3330    .bss                auxcconfig.o
    0x10007198   0x00000180   Zero   RW         3521    .bss                auxredundantsafetycheck.o
    0x10007318   0x000003a0   Zero   RW         3719    .bss                poweradj.o
    0x100076b8   0x00000568   Zero   RW         6166    .bss                batterycells_samplemanage.o
    0x10007c20   0x00000038   Zero   RW         6189    .bss                aux_multifunc_514194_base.o
    0x10007c58   0x00000038   Zero   RW         6236    .bss                aux_extcharge_601618_base.o
    0x10007c90   0x00000038   Zero   RW         6260    .bss                aux_monitor_601618_base.o
    0x10007cc8   0x00000048   Zero   RW         6424    .bss                aux_chamber_tec_base.o
    0x10007d10   0x00000010   Zero   RW         6448    .bss                ht16k33.o
    0x10007d20   0x00000020   Zero   RW         6493    .bss                tmp75_tec.o
    0x10007d40   0x000003c0   Zero   RW         6516    .bss                aux_mtc_base.o
    0x10008100   0x00000030   Zero   RW         6655    .bss                aux_dds_acim_acr_408888_samplemanage.o
    0x10008130   0x00000010   Zero   RW         6804    .bss                TCP_CM3.lib(at_icmp.o)
    0x10008140   0x00000084   Zero   RW         6894    .bss                TCP_CM3.lib(at_ethernet.o)
    0x100081c4   0x00000048   Zero   RW         6918    .bss                TCP_CM3.lib(at_system.o)
    0x1000820c   0x00000060   Zero   RW         7428    .bss                c_w.l(libspace.o)
    0x1000826c   0x00000004   PAD
    0x10008270   0x00000400   Zero   RW          712    HEAP                startup_lpc407x_8x_177x_8x.o
    0x10008670   0x00000360   Zero   RW         3206    SRAM                auxsampleprocess.o
    0x100089d0   0x000020c4   Zero   RW         3333    SRAM                auxcconfig.o
    0x1000aa94   0x00000028   Zero   RW         6354    SRAM                aux_onlinersm_602026_base.o
    0x1000aabc   0x00000004   PAD
    0x1000aac0   0x00002000   Zero   RW          711    STACK               startup_lpc407x_8x_177x_8x.o


    Execution Region RW_IRAM2 (Base: 0x20000000, Size: 0x00007f6c, Max: 0x00008000, ABSOLUTE)

    Base Addr    Size         Type   Attr      Idx    E Section Name        Object

    0x20000000   0x0000002d   Data   RW         1554    .data               emac_lpc177x_8x.o
    0x2000002d   0x00000003   PAD
    0x20000030   0x00007f3a   Zero   RW         1553    .bss                emac_lpc177x_8x.o


    Execution Region SPECIALDRAM (Base: 0xa0000000, Size: 0x00000040, Max: 0x00000400, ABSOLUTE)

    Base Addr    Size         Type   Attr      Idx    E Section Name        Object

    0xa0000000   0x00000004   Data   RW         1174    SRAMSPECIAL         ledfunc.o
    0xa0000004   0x0000003c   Zero   RW         1175    SRAMSPECIAL         ledfunc.o


    Execution Region RW_RAM1 (Base: 0xa0000400, Size: 0x019151a8, Max: 0x01fffc00, ABSOLUTE, COMPRESSED[0x00000010])

    Base Addr    Size         Type   Attr      Idx    E Section Name        Object

    0xa0000400   0x0000001b   Data   RW          769    SRAM32              can.o
    0xa000041b   0x00000003   Data   RW         1315    SRAM32              eeprom_24lc128.o
    0xa000041e   0x00000002   PAD
    0xa0000420   0x00000078   Data   RW         1842    SRAM32              ethernetparse.o
    0xa0000498   0x00000018   Data   RW         2424    SRAM32              eventsbuffering.o
    0xa00004b0   0x00000013   Data   RW         2456    SRAM32              multimcucommunication.o
    0xa00004c3   0x00000002   Data   RW         2556    SRAM32              canbusparse.o
    0xa00004c5   0x0000000c   Data   RW         2588    SRAM32              canbuswatchdog.o
    0xa00004d1   0x00000001   PAD
    0xa00004d2   0x0000000c   Data   RW         2636    SRAM32              auxdatamanager.o
    0xa00004de   0x00000002   Data   RW         3263    SRAM32              auxsdl.o
    0xa00004e0   0x0000000f   Data   RW         3356    SRAM32              aux_safecheck.o
    0xa00004ef   0x00000001   PAD
    0xa00004f0   0x00000046   Data   RW         3408    SRAM32              auxconfigrsn.o
    0xa0000536   0x0000000d   Data   RW         3432    SRAM32              aux_redundantsample.o
    0xa0000543   0x00000001   PAD
    0xa0000544   0x0000001d   Data   RW         3568    SRAM32              auxmetavariable.o
    0xa0000561   0x00000008   Data   RW         3603    SRAM32              aux_pid.o
    0xa0000569   0x00000003   PAD
    0xa000056c   0x00000078   Data   RW         3627    SRAM32              auxacimtest.o
    0xa00005e4   0x0000005a   Data   RW         3695    SRAM32              aux_sysctrl.o
    0xa000063e   0x00000002   PAD
    0xa0000640   0x000000ac   Data   RW         3745    SRAM32              mtci_ctrl.o
    0xa00006ec   0x0000001f   Data   RW         6127    SRAM32              batterycells_base.o
    0xa000070b   0x0000000e   Data   RW         6402    SRAM32              aux_aio_dio_602178_wmadc602548_base.o
    0xa0000719   0x0000000f   Data   RW         6633    SRAM32              aux_dds_acim_acr_408888_base.o
    0xa0000728   0x000012c0   Zero   RW          654    SRAM32              circularqueue_lin.o
    0xa00019e8   0x0019e6f8   Zero   RW          770    SRAM32              can.o
    0xa01a00e0   0x00020260   Zero   RW         1079    SRAM32              i2cnew.o
    0xa01c0340   0x00001850   Zero   RW         1104    SRAM32              uart.o
    0xa01c1b90   0x00000800   Zero   RW         1316    SRAM32              eeprom_24lc128.o
    0xa01c2390   0x003996ec   Zero   RW         1843    SRAM32              ethernetparse.o
    0xa055ba7c   0x000972c0   Zero   RW         2425    SRAM32              eventsbuffering.o
    0xa05f2d3c   0x001394ec   Zero   RW         2457    SRAM32              multimcucommunication.o
    0xa072c228   0x00000543   Zero   RW         2532    SRAM32              dwin_uartparse.o
    0xa072c76b   0x00000005   PAD
    0xa072c770   0x00002d9c   Zero   RW         2557    SRAM32              canbusparse.o
    0xa072f50c   0x00000004   PAD
    0xa072f510   0x0036751c   Zero   RW         2637    SRAM32              auxdatamanager.o
    0xa0a96a2c   0x00000004   PAD
    0xa0a96a30   0x009c40a0   Zero   RW         3264    SRAM32              auxsdl.o
    0xa145aad0   0x0049abe0   Zero   RW         3357    SRAM32              aux_safecheck.o
    0xa18f56b0   0x00015328   Zero   RW         3407    SRAM32              auxconfigrsn.o
    0xa190a9d8   0x00000560   Zero   RW         3433    SRAM32              aux_redundantsample.o
    0xa190af38   0x000009b0   Zero   RW         3569    SRAM32              auxmetavariable.o
    0xa190b8e8   0x000001a0   Zero   RW         3602    SRAM32              aux_pid.o
    0xa190ba88   0x00002b90   Zero   RW         3628    SRAM32              auxacimtest.o
    0xa190e618   0x00000100   Zero   RW         3696    SRAM32              aux_sysctrl.o
    0xa190e718   0x00006af8   Zero   RW         3746    SRAM32              mtci_ctrl.o
    0xa1915210   0x00000398   Zero   RW         6128    SRAM32              batterycells_base.o


    Execution Region RW_RAM2 (Base: 0xa0000400, Size: 0x00000000, Max: 0x03fffc00, ABSOLUTE)

    **** No section assigned to this execution region ****


==============================================================================

Image component sizes


      Code (inc. data)   RO Data    RW Data    ZI Data      Debug   Object Name

       268         30          0          0         32       2120   adc.o
       624          8          0          0          0       2236   adc101c027.o
      3260         52       1024         40        100      13800   adc16bit_ltc68042.o
      1512         18          0         57          0       3876   adc24bit_ad7175.o
       356         16          0         61         46       2208   adc24bit_ads1259.o
       208          8          0         41          0       2196   adc32bit_ltc2449.o
       204          6          0         48          0       1420   adc32bit_ltc2498.o
      1288         66          8         34          0       2568   aux_2ndv_him_511898_wmadc602540_base.o
      1328        140         48         34          0       2356   aux_2ndv_lc_601310_base.o
       748         28          0         31          0       2428   aux_2ndv_tr_509146_base.o
      3192        236        168        142          0       4308   aux_aio_dio_602178_wmadc602548_base.o
      2684        288         64         83         72       4120   aux_chamber_tec_base.o
      2456        270        200         53          0       5076   aux_dds_acim_acr_408888_base.o
       532         78          0         60         48       1896   aux_dds_acim_acr_408888_samplemanage.o
      1074         58          0         32          0       2340   aux_dido_601196_wmadc602518_base.o
      1956        156         88        123         56       4004   aux_extcharge_601618_base.o
      1400        126         72        116         56       3244   aux_monitor_601618_base.o
      7356        606        656        269        960       9751   aux_mtc_base.o
      2352        126         64         87         56       3564   aux_multifunc_514194_base.o
      2396        218        232        200         40       4439   aux_onlinersm_602026_base.o
      1192         44          0         40          0       2320   aux_p_tc_509138_base.o
       756         24          0         40        416       2280   aux_pid.o
      1568         74          8         40          0       3136   aux_poweradj_200a_412206_base.o
      2988        252        104         73          0       5519   aux_poweradj_2us6k_422108_base.o
      1740         70          8         48          0       3036   aux_redun_2ndv_tc_601082_base.o
      1164         76         24         53       1376       3808   aux_redundantsample.o
      6296        220          0         47    4828128       8165   aux_safecheck.o
      2528        206          8        122        256       4938   aux_sysctrl.o
       136         30          0         36          0       1588   aux_systemctrlboard_415016_base.o
      1320         44          0         40          0       2740   aux_tc_hs_madc602176_wmadc602484_base.o
      3110         48          0         40          0       3064   aux_tc_mad602280_wmadc602524_base.o
      1712         40          0         31          0       2524   aux_tr_pt100_601314_base.o
       476         14          0         32       1303       2668   aux_uartparse.o
      2624        156         48         34          0       2992   aux_wmadc_2ndv_lc_602528_wmadc_603072_wmadc_603130_base.o
      2932         46          0         31          0       3336   aux_wmadc_2ndv_tr_602536_base.o
      3032         52          0         39          0       3312   aux_wmadc_pt100_602532_base.o
     14092       1508         44        200      11152      18068   auxacimtest.o
      3228        198          4         69       8948       9060   auxcconfig.o
      1368         82          0         46          0       3796   auxchecklimit_4.o
        20          0          0         32          0       1012   auxchecklimit_8.o
      5700        390          0        110      86824       7444   auxconfigrsn.o
     10140        468       4428         12    3568924     182224   auxdatamanager.o
      2034        118          0         61       2480       4924   auxmetavariable.o
        28          8          0         40          0        888   auxreaddi.o
       756         18          0         40        384       2123   auxredundantsafetycheck.o
      1096         88          0        132          0       2036   auxsample_2ndv_lc.o
     10870        640          0         46        864      15606   auxsampleprocess.o
        68          4          0         32          0       1164   auxsampletask.o
      6320        228          0         34   10240160       8904   auxsdl.o
        28          8          0         40          0        888   auxwritedo.o
        40          4          0          0          0        848   batterycells_adc5dac.o
       984         88         56         31        920       3324   batterycells_base.o
      1272        112          0         53       1384       2796   batterycells_samplemanage.o
        56          6          0         36       6144        952   bsp.o
      3980        272          0         91    1697528      35664   can.o
     12748        542          0         46      11720      23456   canbusparse.o
       108         18          0         44          0       1682   canbuswatchdog.o
       912         10          0         32       4800       4484   circularqueue_lin.o
       156          4          0          0          0       1548   controlpin.o
       396         10          0         32          0       2528   cpld.o
       452         24          0         60          0       1852   dac16bit_ad5754.o
       128          6          0          0          0        816   dac6571.o
       932         26          0         32          0       5080   datatypes.o
       248         10          0         32          0       1536   dds_ad9834.o
       332         14         36          0          0       3228   debugreadmemory.o
      2480        142        512         32       1347       6524   dwin_uartparse.o
       496         24          0          3       2048       3032   eeprom_24lc128.o
      2348        266          0         45      32570     175852   emac_lpc177x_8x.o
     18674       1256          0        183    3774204     278393   ethernetparse.o
      1384         54          0         56     619200      10391   eventsbuffering.o
       480         20         32         31          0       2832   fm25l256.o
       296         12       1344          0          0       2144   gpio.o
       824         46          0         32         16       1924   ht16k33.o
      4944        214         24         42     131680       7194   i2cnew.o
       304         42          0         32         12      28644   irq.o
       140         24          8         49         60       1088   ledfunc.o
        64          0          0          0          0       1070   lib_mem.o
      3830        818         88         39          0     236768   main.o
      6004        646         75        205      27384     182824   mtci_ctrl.o
      1392         18        512          0          0       5820   mtci_datatypes.o
     11788        392          0         59    1283308      45761   multimcucommunication.o
       112         14         56         82       9476      16270   net_config.o
      4076        414          0        184       2944       8696   os_serveprocess.o
      1164        126         16        120        928       2416   poweradj.o
      1148         46          0          0          0       4756   pwm.o
       460         22          0         30          0       1873   rtc.o
       828         76        260          0          0       2380   sdram.o
      1240         46          0          0        622       6644   sspi.o
        64         26        228          0       9216        832   startup_lpc407x_8x_177x_8x.o
      1048        106          0         16          0       8008   system_lpc407x_8x_177x_8x.o
       700         34          0          0          0       2244   tc_9700s_2c.o
      1144        188          0         28          0       3468   tc_bia_climatic.o
       824         36         30          0          0       3889   tc_binder_mb1.o
       888         46         30          0          0       3893   tc_binder_mb2.o
       804         82        104          0          0       4041   tc_dongda_mewto.o
       672         40       1200          0          0       2672   tc_espec_gpl_4.o
       696         48       1500          0          0       2664   tc_espec_scp220.o
       612         28         23          0          0       3305   tc_eurotherm_2204e.o
       644         28         28          0          0       3385   tc_eurotherm_3216.o
       620         36         39          0          0       3381   tc_future_fdcp91.o
       876         72          0          0          0       2584   tc_h_oyo1000.o
      1044        148          0         25          0       3136   tc_harding_three_layers_modbus_tcp.o
       932         70         94         26          0       4529   tc_hardings7_hlt403p-ii.o
       728         44         60          0          0       4105   tc_hardings7_hlt504p.o
       968         88          0          0          0       2940   tc_hardings7_v0_45a1-ii.o
       676         46         76          0          0       3181   tc_julabo_a45t.o
       556         38         68          0          0       3193   tc_julabo_fp50ma_f4.o
       792        110        900          0          0       2760   tc_ksi_ths2005.o
      1644        164         68         89          0       4912   tc_lauda_pro_p2e.o
       648         60          0          0          0       2280   tc_mt8071_modbus.o
       980         94          0          0          0       2996   tc_mt8071_modbus_double_layer.o
      1828        180        174         32          0       4428   tc_polyscience.o
      1008         46        125          0          0       4133   tc_samwontech_temp2500.o
      1008         44        125          0          0       4189   tc_samwontech_temp880.o
       836         28          0          0          0       2868   tc_siemens_s7_xc1001a_saia.o
      1380        134         20         26          0       4053   tc_sigmasystemsc4.o
       664         76         20          0          0       2224   tc_simpac.o
       676         50        600         32          0       2756   tc_sun_ec1x.o
       640         52          0          0          0       2284   tc_temi2500_modbus2.o
       604         38         37          0          0       3329   tc_tfs_pc200.o
       608         32         30          0          0       3601   tc_thermotron_8200.o
       784         50         63          0          0       3969   tc_tm221ce24t.o
       660         60          0          0          0       2216   tc_u740.o
       596         20        300          0          0       2492   tc_watlow_f4.o
       796         20          0         28          0       3629   tc_watlow_f4t_modbus_float.o
       520         66          0          0          0       2016   tc_watlow_f4t_modbus_tcp.o
      1092         58          0         52       2800       8252   tcptxrx.o
       804         36          0          0          0       2344   th_9700s_2c.o
      1138         48        122          0          0       4393   th_chongqing_ataihe.o
      1204        102        101         40          0       4989   th_chongqing_yinhe_modbustcp.o
      1228         54        161          0          0       5001   th_clcd_9700.o
       892         48         39          0          0       4145   th_csz_ezt430i.o
       892         50         39          0          0       4145   th_csz_ezt570i.o
       712         48         72          0          0       3893   th_dongguan_huance_umc1200.o
       884         70       1800          0          0       2964   th_espec_gpl_4.o
       808         46       1800          0          0       2904   th_espec_scp220.o
       812         76          0          0          0       2460   th_gt9700s.o
       896         86         76          0          0       4501   th_guangzhou_wusuo.o
       948         54        124          0          0       4469   th_harding_tpc7062k.o
       756         48         62          0          0       4117   th_hardings7_hlt504p.o
      1036        102          0          0          0       3116   th_hitachi_ec15mhp.o
       844         92          0         25          0       2908   th_hongruida_modbus_rs485.o
       776        100          0         25          0       2772   th_hongruida_modbus_tcp.o
       840         72         60          0          0       4141   th_jufu_9700s.o
       744         48         82          0          0       3449   th_memmertgmbh_rs232.o
       816         80          0          0          0       2460   th_mt8071_modbus.o
       848         78         40          0          0       2604   th_plc_700_ascii.o
      1000         50        145          0          0       3873   th_samwontech_temi2500.o
      1016         80         87          0          0       4405   th_shanghai_pindun_temi880.o
      1824        144        258         32          0       4893   th_siemens_s7_226cn.o
      1182         92        123         32          0       4745   th_siemens_s7_saia.o
       940         32          0          0          0       2912   th_siemens_s7_xc1001a_saia.o
       952         92          0         28          0       3480   th_simense_s7_200.o
      1008        102          0         25          0       3052   th_songhua_2pt_bd.o
      1108        168         40         25          0       3252   th_spi2_p1.o
       864         56         55          0          0       4097   th_tt_5166.o
       788         44         39          0          0       3961   th_tt_5166_sunwoda.o
       928         40          0         25          0       3220   th_us_9256p_accu3.o
      1260         60        184          0          0       4377   th_voetsch.o
      1088         62        116          0          0       4025   th_voetsch_network.o
      1220         62        114          0          0       4353   th_voetsch_vc_l4006.o
       764        106          0          0          0       2428   th_zundar_az1000.o
       756         62         48         40          0       4093   timers.o
       560         48          0         38         32       1748   tmp75_tec.o
       348         34          0         40          0       1144   tmp_keyfun.o
      1832        156         40          0       6224       5878   uart.o
       244          6          0          0          0        973   wdt.o

    ----------------------------------------------------------------------
    281566      18972      22228       5800   26379272    1792124   Object Totals
         0          0        128          0          0          0   (incl. Generated)
        10          0         12        207         24          0   (incl. Padding)

    ----------------------------------------------------------------------

      Code (inc. data)   RO Data    RW Data    ZI Data      Debug   Library Member Name

      1988        148          6          8          0       1208   at_arp.o
       488         58          6          0        132        404   at_ethernet.o
       404         30          0          0         16        308   at_icmp.o
       834         56          8         12          0        520   at_ip.o
       280          6          0          0          0        860   at_lib.o
       492         36          0          8          0        452   at_mem.o
       184         38          0          0         72        292   at_system.o
      3154        104          0          4          0       1456   at_tcp.o
       740         34          0          2          0        556   at_udp.o
        90          0          0          0          0          0   __dczerorl2.o
         8          0          0          0          0         68   __main.o
       316          6         17          0          0         92   __printf_flags_wp.o
        14          0          0          0          0         68   __printf_wp.o
        52          8          0          0          0          0   __scatter.o
        26          0          0          0          0          0   __scatter_copy.o
        28          0          0          0          0          0   __scatter_zi.o
        28          0          0          0          0         68   _chval.o
        48          6          0          0          0         96   _printf_char_common.o
         6          0          0          0          0          0   _printf_d.o
       120         18          0          0          0         92   _printf_dec.o
         6          0          0          0          0          0   _printf_f.o
      1056          0          0          0          0        216   _printf_fp_dec.o
       128         16          0          0          0         84   _printf_fp_infnan.o
       184          0          0          0          0         88   _printf_intcommon.o
        82          0          0          0          0        108   _printf_pad.o
         0          0          0          0          0          0   _printf_percent.o
         4          0          0          0          0          0   _printf_percent_end.o
        22          0          0          0          0        100   _rserrno.o
        64          0          0          0          0         84   _sgetc.o
        10          0          0          0          0         68   _sputc.o
       158          0          0          0          0         92   _strtoul.o
        16          0          0          0          0         68   aeabi_memset.o
        26          0          0          0          0         80   atoi.o
       228          6        148          0          0         96   bigflt0.o
      2074        132          0          0          0        940   btod.o
        10          0          0          0          0         68   defsig_exit.o
        50          0          0          0          0         88   defsig_general.o
        80         58          0          0          0         76   defsig_rtmem_inner.o
        14          0          0          0          0         80   defsig_rtmem_outer.o
        12          0          0          0          0         72   exit.o
        94          0          0          0          0         80   h1_alloc.o
        52          0          0          0          0         68   h1_extend.o
        78          0          0          0          0         80   h1_free.o
        14          0          0          0          0         84   h1_init.o
         6          0          0          0          0        152   heapauxi.o
         4          0          0          0          0        136   hguard.o
         0          0          0          0          0          0   indicate_semi.o
       138          0          0          0          0        168   init_alloc.o
        18          0          0          0          0         76   isspace.o
        44         10        272          0          0         76   lc_ctype_c.o
        44         10         28          0          0         76   lc_numeric_c.o
         2          0          0          0          0          0   libinit.o
        42          0          0          0          0          0   libinit2.o
         2          0          0          0          0          0   libshutdown.o
         2          0          0          0          0          0   libshutdown2.o
         8          4          0          0         96         68   libspace.o
        16          0          0          0          0         68   llabs.o
        72          0          0          0          0         76   llsdiv.o
        38          0          0          0          0         68   llshl.o
       138          0          0          0          0         80   lludiv10.o
       238          0          0          0          0        100   lludivv7m.o
        38          0          0          0          0         68   llushr.o
         0          0          0          0          0          0   maybetermalloc1.o
        88          0          0          0          0         76   memcmp.o
        40          6          0          0          0         84   noretval__2sprintf.o
        16          4          0          0          0         76   rt_ctype_table.o
         8          4          0          0          0         68   rt_errno_addr_intlibspace.o
         8          4          0          0          0         68   rt_heap_descriptor_intlibspace.o
         8          4          0          0          0         68   rt_locale_intlibspace.o
        68          0          0          0          0         68   rt_memclr.o
        78          0          0          0          0         80   rt_memclr_w.o
       138          0          0          0          0         68   rt_memcpy_v6.o
       100          0          0          0          0         80   rt_memcpy_w.o
         0          0          0          0          0          0   rtentry.o
        12          0          0          0          0          0   rtentry2.o
         6          0          0          0          0          0   rtentry4.o
         2          0          0          0          0          0   rtexit.o
        10          0          0          0          0          0   rtexit2.o
      1188         12          0          0          0        148   scanf_fp.o
       788         12          0          0          0        100   scanf_hexfp.o
       316         18          0          0          0        100   scanf_infnan.o
        24          0          0          0          0         68   strcat.o
       128          0          0          0          0         68   strcmpv7m.o
        72          0          0          0          0         80   strcpy.o
        62          0          0          0          0         76   strlen.o
        36          0          0          0          0         76   strncat.o
        36          0          0          0          0         80   strstr.o
       160         12          0          0          0        120   strtod.o
       112          0          0          0          0         88   strtol.o
        12          4          0          0          0         68   sys_exit.o
        74          0          0          0          0         80   sys_stackheap_outer.o
        14          0          0          0          0         76   sys_wrch.o
         2          0          0          0          0         68   use_no_semi.o
        16          0          0          0          0         68   cxa_guard_acquire.o
        24          0          0          0          0        164   basic.o
        98          4          0          0          0        140   d2f.o
       826         16          0          0          0        492   daddsub_clz.o
        16          4          0          0          0        116   dcheck1.o
        24          0          0          0          0        116   dcmpi.o
       688        140          0          0          0        256   ddiv.o
       120          4          0          0          0        140   deqf.o
        94          4          0          0          0        140   dfix.o
        90          4          0          0          0        140   dfixu.o
        84          0          0          0          0        232   dflt_clz.o
       300          0          0          0          0        264   dfltll_clz.o
       120          4          0          0          0        140   dleqf.o
       340         12          0          0          0        152   dmul.o
       156          4          0          0          0        140   dnaninf.o
        12          0          0          0          0        116   dretinf.o
       108          0          0          0          0        128   drleqf.o
       408         56          0          0          0        168   dsqrt_umaal.o
        86          4          0          0          0        132   f2d.o
       134          4          0          0          0        132   ffixll.o
        92          4          0          0          0        132   ffixull.o
        96          0          0          0          0        132   ffltll_clz.o
       140          4          0          0          0        132   fnaninf.o
         0          0          8          0          0          0   fpconst.o
        10          0          0          0          0        116   fpinit.o
        10          0          0          0          0        116   fretinf.o
         4          0          0          0          0        116   printf1.o
       100          0          0          0          0        116   retnan.o
        92          0          0          0          0        116   scalbn.o
         4          0          0          0          0        116   scanf1.o
         8          0          0          0          0        132   scanf2.o
        48          0          0          0          0        116   trapv.o
         0          0          0          0          0          0   usenofp.o
       584         98          0          0          0        176   atan2f.o
        56         12          0          0          0        132   atof.o
       108         10          0          0          0        116   ceilf.o
       368         46         48          0          0        200   cos_i.o
        32          8          0          0          0        124   dunder.o
       496         76         48          0          0        216   expf.o
        52          0          0          0          0        248   fabs.o
       112         14          0          0          0        116   floorf.o
        48          0          0          0          0        124   fpclassify.o
        38          0          0          0          0        116   fpclassifyf.o
       156         22          0          0          0        132   frexp.o
        16          6          0          0          0        116   funder.o
       252         16          0          0          0        308   ldexp.o
       368         48         64          0          0        124   logf.o
       184         18          0          0          0        152   narrow.o
       248          0          0          0          0        152   poly.o
      1588        140        320          0          0        344   powf.o
      1112        140        200          0          0        188   rred.o
       320         24         32          0          0        160   rredf.o
       216         16          0          0          0        152   sin.o
       304         24         40          0          0        208   sin_i.o
       376         62          0          0          0        156   sinf.o
       122          0          0          0          0        148   sqrt.o
        58          0          0          0          0        136   sqrtf.o

    ----------------------------------------------------------------------
     29838       1916       1248         36        320      21264   Library Totals
        58          4          3          2          4          0   (incl. Padding)

    ----------------------------------------------------------------------

      Code (inc. data)   RO Data    RW Data    ZI Data      Debug   Library Name

      8564        510         20         34        220       6056   TCP_CM3.lib
      9654        354        465          0         96       6448   c_w.l
        16          0          0          0          0         68   cpprt_w.l
      4332        268          8          0          0       4648   fz_wm.l
      7214        780        752          0          0       4044   m_wm.l

    ----------------------------------------------------------------------
     29838       1916       1248         36        320      21264   Library Totals

    ----------------------------------------------------------------------

==============================================================================


      Code (inc. data)   RO Data    RW Data    ZI Data      Debug   

    311404      20888      23476       5836   26379592    1760644   Grand Totals
    311404      20888      23476        632   26379592    1760644   ELF Image Totals (compressed)
    311404      20888      23476        632          0          0   ROM Totals

==============================================================================

    Total RO  Size (Code + RO Data)               334880 ( 327.03kB)
    Total RW  Size (RW Data + ZI Data)          26385428 (25767.02kB)
    Total ROM Size (Code + RO Data + RW Data)     335512 ( 327.65kB)

==============================================================================

