ARM Linker, 5.03 [Build 69] [MDK-ARM Standard][RL-ARM]

==============================================================================

Section Cross References

    main.o(.text) refers to fm25l256.o(.text) for FM25L256Func::MyInit()
    main.o(.text) refers to cconfig.o(.text) for CConfig::ReadContent_ForFRAM(unsigned char*, unsigned short, unsigned long)
    main.o(.text) refers to timers.o(.text) for TIMERSFunc::Init_Timer(unsigned long, unsigned char)
    main.o(.text) refers to bsp.o(.text) for board_config::getBID()
    main.o(.text) refers to ethernetparse.o(.text) for EthernetParse::SetRemoteIP(unsigned char)
    main.o(.text) refers to datamanage.o(.text) for ChannelInfo_Manager::InitUnitInfo(unsigned char)
    main.o(.text) refers to cpld.o(.text) for CPLD_FUNC::Init()
    main.o(.text) refers to can.o(.text) for CANFunc::InitMyCAN()
    main.o(.text) refers to pwm_base.o(.text) for PWM_Base::Hardware_Init()
    main.o(.text) refers to lbt21024_base.o(.text) for LBT21024_Base::FeatureEnable_Init()
    main.o(.text) refers to lbt21xxx_base.o(.text) for LBT21XXX_Base::Hardware_Init()
    main.o(.text) refers to lbt21084_base.o(.text) for LBT21084_Base::FeatureEnable_Init()
    main.o(.text) refers to lbt22013_base.o(.text) for LBT22013_Base::Hardware_Init()
    main.o(.text) refers to lbt22023_base.o(.text) for LBT22023_Base::FeatureEnable_Init()
    main.o(.text) refers to lbt22xxx_base.o(.text) for LBT22XXX_Base::Hardware_Init()
    main.o(.text) refers to mstat21044_base.o(.text) for MSTAT21044_Base::FeatureEnable_Init()
    main.o(.text) refers to hs21044_base.o(.text) for HS21044_Base::Hardware_Init()
    main.o(.text) refers to lbt22043_base.o(.text) for LBT22043_Base::FeatureEnable_Init()
    main.o(.text) refers to lbt21162_base.o(.text) for LBT21162_Base::FeatureEnable_Init()
    main.o(.text) refers to lbt21014_base.o(.text) for LBT21014_Base::FeatureEnable_Init()
    main.o(.text) refers to lbt20084_base.o(.text) for LBT20084_Base::FeatureEnable_Init()
    main.o(.text) refers to lbt20162_base.o(.text) for LBT20162_Base::FeatureEnable_Init()
    main.o(.text) refers to os_serveprocess.o(.text) for OS_ServeProcess::OS_Init()
    main.o(.text) refers to datamanage.o(SRAM32) for ChannelInfo_Manager::m_st_BoadType
    main.o(.text) refers to can.o(SRAM32) for CANFunc::SourceBoardID
    main.o(.text) refers to smbus.o(SRAM32) for Smart_Battery::m_SMBUnitID
    main.o(.text) refers to bsp.o(.data) for board_config::Feature_Enable_init
    main.o(.text) refers to ethernetparse.o(.data) for EthernetParse::TaskID
    main.o(.text) refers to sampleprocess.o(.data) for Sample_Pro::TaskID
    main.o(.text) refers to sampleprocess.o(.text) for Sample_Pro::Init()
    main.o(.text) refers to thirdparty.o(.data) for thirdParty::TaskID
    main.o(.text) refers to thirdparty.o(.text) for thirdParty::Init()
    main.o(.text) refers to stepmanage.o(.data) for Step_Manager_task::TaskID
    main.o(.text) refers to stepmanage.o(.text) for Step_Manager_task::MyInit()
    main.o(.text) refers to checklimit_4.o(.data) for Check_Limit4_task::TaskID
    main.o(.text) refers to checklimit_4.o(.text) for Check_Limit4_task::MyInit()
    main.o(.text) refers to schedulemanage.o(.data) for Schedule_Manager_task::TaskID
    main.o(.text) refers to schedulemanage.o(.text) for Schedule_Manager_task::MyInit()
    main.o(.text) refers to eventsbuffering.o(.data) for EventsBuffering::TaskID
    main.o(.text) refers to eventsbuffering.o(.text) for EventsBuffering::MyInit()
    main.o(.text) refers to canbusparse.o(.data) for CANBusParse::TaskID
    main.o(.text) refers to canbusparse.o(.text) for CANBusParse::Init()
    main.o(.text) refers to os_logicprocess.o(.data) for OS_LogicProcess::TaskID
    main.o(.text) refers to os_logicprocess.o(.text) for OS_LogicProcess::Init()
    main.o(.text) refers to safecheck.o(.data) for safety_check::TaskID
    main.o(.text) refers to safecheck.o(.text) for safety_check::Init()
    main.o(.text) refers to checklimit_8.o(.data) for Check_Limit8_task::TaskID
    main.o(.text) refers to checklimit_8.o(.text) for Check_Limit8_task::MyInit()
    main.o(.text) refers to metavariable.o(.data) for MetaVariable_Task::TaskID
    main.o(.text) refers to metavariable.o(.text) for MetaVariable_Task::Init()
    main.o(.text) refers to ledfunc.o(.data) for LEDFunc::TaskID
    main.o(.text) refers to ledfunc.o(.text) for LEDFunc::Init()
    main.o(.text) refers to cconfig.o(.data) for CConfig::TaskID
    main.o(.text) refers to smbus.o(.data) for Smart_Battery::TaskID
    main.o(.text) refers to smbus.o(.text) for Smart_Battery::MyInit()
    main.o(.text) refers to checklimit_non_v.o(.data) for CheckLimit_Non_V_task::TaskID
    main.o(.text) refers to checklimit_non_v.o(.text) for CheckLimit_Non_V_task::MyInit()
    main.o(.text) refers to check_v_limit.o(.data) for Check_V_Limit_task::TaskID
    main.o(.text) refers to check_v_limit.o(.text) for Check_V_Limit_task::MyInit()
[...]
    ChannelInfo_Manager::CCCV_TB_CVCounter   0xa0be8100   Data          64  datamanage.o(SRAM32)
    ChannelInfo_Manager::CCCV_TB_EnableCounter 0xa0be8140   Data          16  datamanage.o(SRAM32)
    ChannelInfo_Manager::CCCV_TB_CurBuffer   0xa0be8150   Data          64  datamanage.o(SRAM32)
    ChannelInfo_Manager::CCCV_TB_LastState   0xa0be8190   Data          64  datamanage.o(SRAM32)
    ChannelInfo_Manager::CCCV_TB_IR_Volt     0xa0be81d0   Data          64  datamanage.o(SRAM32)
    ChannelInfo_Manager::CCCV_TB_IR_Curr     0xa0be8210   Data          64  datamanage.o(SRAM32)
    ChannelInfo_Manager::CCCV_TB_IR_Counter  0xa0be8250   Data          64  datamanage.o(SRAM32)
    ChannelInfo_Manager::CCCV_TB_LimitCount  0xa0be8290   Data          16  datamanage.o(SRAM32)
    ChannelInfo_Manager::CC_TB_TimeBuffer    0xa0be82a0   Data          96  datamanage.o(SRAM32)
    ChannelInfo_Manager::CC_TB_CVCounter     0xa0be8300   Data          64  datamanage.o(SRAM32)
    ChannelInfo_Manager::MetaVariable2       0xa0be8340   Data       97920  datamanage.o(SRAM32)
    ChannelInfo_Manager::IV_Buffer1          0xa0c001c0   Data         640  datamanage.o(SRAM32)
    ChannelInfo_Manager::ChannelSchedule     0xa0c00440   Data       116160  datamanage.o(SRAM32)
    ChannelInfo_Manager::ChannelStep         0xa0c1ca00   Data       99968  datamanage.o(SRAM32)
    ChannelInfo_Manager::ChannelInfo         0xa0c35080   Data       18560  datamanage.o(SRAM32)
    ChannelInfo_Manager::CapaEnerUpdated     0xa0c39900   Data          64  datamanage.o(SRAM32)
    ChannelInfo_Manager::BoardCFG            0xa0c39940   Data        9560  datamanage.o(SRAM32)
    ChannelInfo_Manager::ChannelPID          0xa0c3be98   Data        1536  datamanage.o(SRAM32)
    ChannelInfo_Manager::m_st_BoadType       0xa0c3c498   Data          92  datamanage.o(SRAM32)
    ChannelInfo_Manager::m_CurFineTune_Info  0xa0c3c4f4   Data         512  datamanage.o(SRAM32)
    ChannelInfo_Manager::m_ChannelIRJudge    0xa0c3c6f4   Data          16  datamanage.o(SRAM32)
    ChannelInfo_Manager::ScheduleBuf         0xa0c3c704   Data       9870640  datamanage.o(SRAM32)
    ChannelInfo_Manager::Isamp_NeedRecalculateSign 0xa15a6434   Data          64  datamanage.o(SRAM32)
    ChannelInfo_Manager::Vsamp_NeedRecalculateSign 0xa15a6474   Data          64  datamanage.o(SRAM32)
    ChannelInfo_Manager::BuildIn_DO          0xa15a64b4   Data          32  datamanage.o(SRAM32)
    ChannelInfo_Manager::m_RecordMasterChannelPVCurrent 0xa15a64d4   Data          64  datamanage.o(SRAM32)
    ChannelInfo_Manager::m_FormulaValue      0xa15a6514   Data        8192  datamanage.o(SRAM32)
    ChannelInfo_Manager::m_ParaFeedbackCtrl  0xa15a8514   Data         256  datamanage.o(SRAM32)
    ChannelInfo_Manager::gUnit_stUnitInfo    0xa15a8614   Data       22024  datamanage.o(SRAM32)
    ChannelInfo_Manager::gUnit_stSeries2BoosterOutInfo 0xa15adc1c   Data         256  datamanage.o(SRAM32)
    ChannelInfo_Manager::PulseLimitArriveData 0xa15add1c   Data         192  datamanage.o(SRAM32)
    ChannelInfo_Manager::RecordRefreshValueForParal 0xa15adddc   Data          64  datamanage.o(SRAM32)
    ChannelInfo_Manager::m_IR_Info           0xa15ade1c   Data        1024  datamanage.o(SRAM32)
    ChannelInfo_Manager::m_IV_Pair           0xa15ae21c   Data         128  datamanage.o(SRAM32)
    ChannelInfo_Manager::m_SMBCofigItem      0xa15ae29c   Data          36  datamanage.o(SRAM32)
    ChannelInfo_Manager::m_SMBusMetaVariable 0xa15ae2c0   Data       147456  datamanage.o(SRAM32)
    ChannelInfo_Manager::m_RC_VoltageCoefficient 0xa15d22c0   Data          64  datamanage.o(SRAM32)
    ChannelInfo_Manager::m_RC_CurrentCoefficient 0xa15d2300   Data          64  datamanage.o(SRAM32)
    ChannelInfo_Manager::m_RC_HistoryVoltageFilterValue 0xa15d2340   Data          64  datamanage.o(SRAM32)
    ChannelInfo_Manager::m_RC_HistoryCurrentFilterValue 0xa15d2380   Data          64  datamanage.o(SRAM32)
    ChannelInfo_Manager::m_RC_OutputValue    0xa15d23c0   Data          64  datamanage.o(SRAM32)
    ChannelInfo_Manager::m_RC_CurrentFilterDeepth 0xa15d2400   Data          64  datamanage.o(SRAM32)
    ChannelInfo_Manager::m_RC_VoltageFilterDeepth 0xa15d2440   Data          64  datamanage.o(SRAM32)
    ChannelInfo_Manager::m_NeedRCFilterFlg   0xa15d2480   Data          16  datamanage.o(SRAM32)
    ChannelInfo_Manager::m_DataFlag          0xa15d2490   Data          64  datamanage.o(SRAM32)
    ChannelInfo_Manager::m_StepIndexUp       0xa15d24d0   Data          32  datamanage.o(SRAM32)
    ChannelInfo_Manager::m_SeriesBoosterMode 0xa15d24f0   Data          48  datamanage.o(SRAM32)
    ChannelInfo_Manager::m_Online_UpdataEnable 0xa15d2520   Data          16  datamanage.o(SRAM32)
    ChannelInfo_Manager::PulseBuf            0xa15d2530   Data        5840  datamanage.o(SRAM32)
    ChannelInfo_Manager::HistoryData         0xa15d3c00   Data       99456  datamanage.o(SRAM32)
    ChannelInfo_Manager::MetaVariables       0xa15ec080   Data        3328  datamanage.o(SRAM32)
    ChannelInfo_Manager::uw16_Setvariable_Counter 0xa15ecd80   Data          32  datamanage.o(SRAM32)
    ChannelInfo_Manager::uw16_Setvariable    0xa15ecda0   Data        1280  datamanage.o(SRAM32)
    ChannelInfo_Manager::m_Pid_Coef          0xa15ed2a0   Data         320  datamanage.o(SRAM32)
    ChannelInfo_Manager::m_DataFreshForPower 0xa15ed3e0   Data          16  datamanage.o(SRAM32)
    ChannelInfo_Manager::m_DataFreshForLoad  0xa15ed3f0   Data          16  datamanage.o(SRAM32)
    ChannelInfo_Manager::m_DataFreshForVoltagePID 0xa15ed400   Data          16  datamanage.o(SRAM32)
    ChannelInfo_Manager::m_DataFreshForVoltageClamp 0xa15ed410   Data          16  datamanage.o(SRAM32)
    ChannelInfo_Manager::m_DataFreshForPID   0xa15ed420   Data          16  datamanage.o(SRAM32)
    BuiltIn_DataManager::Aux_BuiltIn_BoardInfo 0xa15ed430   Data        1304  datamanage.o(SRAM32)
    BuiltIn_DataManager::BuiltIn_ADC_Info    0xa15ed948   Data         896  datamanage.o(SRAM32)
    BuiltIn_DataManager::m_BuiltInDataBank   0xa15edcc8   Data        7296  datamanage.o(SRAM32)
    BuiltIn_DataManager::m_InChipTemperature 0xa15ef948   Data         304  datamanage.o(SRAM32)
    BuiltIn_DataManager::m_PChn2EChn         0xa15efa78   Data          64  datamanage.o(SRAM32)
    Channel_MapAuxInfo::PC2IVUnit4AuxMap     0xa15efab8   Data       221408  datamanage.o(SRAM32)
    Channel_MapAuxInfo::BuildInAuxInfo       0xa1625b98   Data         200  datamanage.o(SRAM32)
    Channel_MapAuxInfo::m_Total_In_OneIVCh   0xa1625c60   Data          32  datamanage.o(SRAM32)
    Channel_MapAuxInfo::IVChanMapAuxCount    0xa1625c80   Data         384  datamanage.o(SRAM32)
    Channel_MapAuxInfo::m_AuxData            0xa1625e00   Data       1572864  datamanage.o(SRAM32)
    Channel_MapAuxInfo::m_AuxDataRequested   0xa17a5e00   Data       98304  datamanage.o(SRAM32)
    Channel_MapAuxInfo::m_AUXmap             0xa17bde00   Data       1868928  datamanage.o(SRAM32)
    Channel_MapAuxInfo::CurrentStepAuxSum    0xa1986280   Data        4080  datamanage.o(SRAM32)
    Channel_MapAuxInfo::CurrentSafetyCount   0xa1987270   Data        4080  datamanage.o(SRAM32)
    Channel_MapAuxInfo::m_IV4AuxSafetyBank   0xa1988260   Data        3072  datamanage.o(SRAM32)
    Channel_MapAuxInfo::m_IV4AuxSDLBank      0xa1988e60   Data        4608  datamanage.o(SRAM32)
    Channel_MapAuxInfo::m_AuxDoCtrlMgr       0xa198a060   Data       32768  datamanage.o(SRAM32)
    Channel_MapAuxInfo::m_AuxAOCtrlMgr       0xa1992060   Data        6208  datamanage.o(SRAM32)
    Channel_MapAuxInfo::m_AuxLastStepMetaValue 0xa19938a0   Data         256  datamanage.o(SRAM32)
    IR::IR_Status                            0xa19939a0   Data          16  ir.o(SRAM32)
    IR::IR_StageIO                           0xa19939b0   Data          16  ir.o(SRAM32)
    IR::IR_StartTime                         0xa19939c0   Data          96  ir.o(SRAM32)
    IR::IR_TimeInterval                      0xa1993a20   Data         128  ir.o(SRAM32)
    IR::IR_Stage                             0xa1993aa0   Data          64  ir.o(SRAM32)
    IR::IR_SampleInterval                    0xa1993ae0   Data          64  ir.o(SRAM32)
    IR::IR_SampleFlagH                       0xa1993b20   Data          16  ir.o(SRAM32)
    IR::IR_SampleFlagL                       0xa1993b30   Data          16  ir.o(SRAM32)
    IR::SampCode                             0xa1993b40   Data        2560  ir.o(SRAM32)
    IR::IR_IHigh                             0xa1994540   Data         640  ir.o(SRAM32)
    IR::IR_ILow                              0xa19947c0   Data         640  ir.o(SRAM32)
    IR::IR_VHigh                             0xa1994a40   Data         640  ir.o(SRAM32)
    IR::IR_VLow                              0xa1994cc0   Data         640  ir.o(SRAM32)
    IR::IR_PulseRecord                       0xa1994f40   Data          16  ir.o(SRAM32)
    IR::IR_IHighDacCode                      0xa1994f50   Data          64  ir.o(SRAM32)
    IR::IR_ILowDacCode                       0xa1994f90   Data          64  ir.o(SRAM32)
    IR::IR_Output_DAC_1st                    0xa1994fd0   Data          64  ir.o(SRAM32)
    IR::IR_Trigger_ADC_1st                   0xa1995010   Data          64  ir.o(SRAM32)
    IR::IR_Output_DAC_2nd                    0xa1995050   Data          64  ir.o(SRAM32)
    IR::IR_Trigger_ADC_2nd                   0xa1995090   Data          64  ir.o(SRAM32)
    IR::IR_Output_Current_0                  0xa19950d0   Data          64  ir.o(SRAM32)
    IR::IRSpecialGotoNext                    0xa1995110   Data          32  ir.o(SRAM32)
    IR::IRSpecialRange                       0xa1995130   Data          16  ir.o(SRAM32)
    IR::PulseH                               0xa1995140   Data          64  ir.o(SRAM32)
    IR::PulseL                               0xa1995180   Data          64  ir.o(SRAM32)
    IVSDL::Buffer                            0xa19951c0   Data       81928  ivsdl.o(SRAM32)
    IVSDL::CurrentCounter                    0xa19a91c8   Data          64  ivsdl.o(SRAM32)
    IVSDL::VoltageCounter                    0xa19a9208   Data          64  ivsdl.o(SRAM32)
    IVSDL::m_GrpInfo4SDL                     0xa19a9248   Data         608  ivsdl.o(SRAM32)
    IVSDL::uc_IR_SendCount                   0xa19a94a8   Data          16  ivsdl.o(SRAM32)
    IVSDL::uc_ACR_SendCount                  0xa19a94b8   Data          16  ivsdl.o(SRAM32)
    IVSDL::uw32_IntervalTCapacity            0xa19a94c8   Data          64  ivsdl.o(SRAM32)
    IVSDL::uw32_IntervalTEnergy              0xa19a9508   Data          64  ivsdl.o(SRAM32)
    IVSDL::uw32_Interval_4_ETable            0xa19a9548   Data          64  ivsdl.o(SRAM32)
    IVSDL::m_LastBuiltInValue                0xa19a9588   Data        1024  ivsdl.o(SRAM32)
    IVSDL::st_BuiltIn_Aux_Data               0xa19a9988   Data         228  ivsdl.o(SRAM32)
    IVSDL::LastLogTime                       0xa19a9a6c   Data          96  ivsdl.o(SRAM32)
    IVSDL::LastLoggedCCapacity               0xa19a9acc   Data          64  ivsdl.o(SRAM32)
    IVSDL::LastLoggedDCapacity               0xa19a9b0c   Data          64  ivsdl.o(SRAM32)
    IVSDL::LastLoggedCEnergy                 0xa19a9b4c   Data          64  ivsdl.o(SRAM32)
    IVSDL::LastLoggedDEnergy                 0xa19a9b8c   Data          64  ivsdl.o(SRAM32)
    IVSDL::LastLoggedCurrent                 0xa19a9bcc   Data         384  ivsdl.o(SRAM32)
    IVSDL::LastLoggedVoltage                 0xa19a9d4c   Data         384  ivsdl.o(SRAM32)
    IVSDL::PreviousCurrent                   0xa19a9ecc   Data         384  ivsdl.o(SRAM32)
    IVSDL::PreviousVoltage                   0xa19aa04c   Data         384  ivsdl.o(SRAM32)
    IVSDL::FirstLoggedCurrent                0xa19aa1cc   Data         384  ivsdl.o(SRAM32)
    IVSDL::FirstLoggedVoltage                0xa19aa34c   Data         384  ivsdl.o(SRAM32)
    IVSDL::DeltaValue                        0xa19aa4d0   Data         768  ivsdl.o(SRAM32)
    IVSDL::HistoryCurrentData                0xa19aa7d0   Data       76928  ivsdl.o(SRAM32)
    IVSDL::HistoryVoltageData                0xa19bd450   Data       76928  ivsdl.o(SRAM32)
    IVSDL::LastCurrentAdcPoint               0xa19d00d0   Data         384  ivsdl.o(SRAM32)
    IVSDL::LastVoltageAdcPoint               0xa19d0250   Data         384  ivsdl.o(SRAM32)
    IVSDL::ChannelStatus                     0xa19d03d0   Data         832  ivsdl.o(SRAM32)
    IVSDL::uc_DischargeCFlag                 0xa19d0710   Data          16  ivsdl.o(SRAM32)
    IVSDL::uc_DischargeEFlag                 0xa19d0720   Data          16  ivsdl.o(SRAM32)
    IVSDL::bLogMVUD                          0xa19d0730   Data          32  ivsdl.o(SRAM32)
    MetaVariable_Task::SMBData_Buf           0xa19d0750   Data       16800  metavariable.o(SRAM32)
    safety_check::Check_S                    0xa19d48f0   Data        1536  safecheck.o(SRAM32)
    safety_check::safety_last_time           0xa19d4ef0   Data          96  safecheck.o(SRAM32)
    safety_check::safety_error_time          0xa19d4f50   Data          96  safecheck.o(SRAM32)
    safety_check::safety_resume_time         0xa19d4fb0   Data          96  safecheck.o(SRAM32)
    Schedule_Manager_task::UnsafeContent     0xa19d5010   Data        6912  schedulemanage.o(SRAM32)
    Schedule_Manager_task::ScheduleMessageBuf 0xa19d6b10   Data       55296  schedulemanage.o(SRAM32)
    Schedule_Manager_task::DoMessageBuf      0xa19e4310   Data        6976  schedulemanage.o(SRAM32)
    Step_Manager_task::AuxLimitBuf           0xa19e5e50   Data        2048  stepmanage.o(SRAM32)
    Step_Manager_task::GetStepRunInfo        0xa19e6650   Data       40960  stepmanage.o(SRAM32)
    Step_Manager_task::StepMessageBuf        0xa19f0650   Data        1280  stepmanage.o(SRAM32)
    SIMU_BUFFER::m_Bufs                      0xa19f0b50   Data        3456  simubuffer.o(SRAM32)
    SIMU_BUFFER::m_Frags                     0xa19f18d0   Data       5259648  simubuffer.o(SRAM32)
    Pulse::m_Info                            0xa1ef5a50   Data        1092  pulse.o(SRAM32)
    Pulse::raw_data                          0xa1ef5e94   Data        3840  pulse.o(SRAM32)
    Pulse::stage_info                        0xa1ef6d94   Data         720  pulse.o(SRAM32)
    Pulse_LogLimit_task::Backup_raw_data     0xa1ef7064   Data        3840  pulse_loglimt.o(SRAM32)
    Pulse_LogLimit_task::LastReportTime      0xa1ef7f64   Data          48  pulse_loglimt.o(SRAM32)
    PULSE_safety_check::Pulse_UnsafeType     0xa1ef7f94   Data          16  pulse_safety.o(SRAM32)
    PULSE_safety_check::Pulse_SafetyCheck    0xa1ef7fa4   Data         512  pulse_safety.o(SRAM32)
    PULSE_safety_check::safety_last_time     0xa1ef81a4   Data          96  pulse_safety.o(SRAM32)
    PULSE_safety_check::safety_resume_time   0xa1ef8204   Data          96  pulse_safety.o(SRAM32)
    CAN_WatchdogTask::m_CanWatchdogACK       0xa1ef8264   Data        2944  canbuswatchdog.o(SRAM32)
    BurstModeSampling::st_BurstSampleList    0xa1ef8de4   Data        8008  burstmodesampling.o(SRAM32)
    PWM_Base::SetCtrl_RstToCur               0xa1efad2c   Data          20  pwm_base.o(SRAM32)
    PWM_Base::SetCtrl_RstToVlt               0xa1efad40   Data          20  pwm_base.o(SRAM32)
    PWM_Base::SetCtrl_RstToOff               0xa1efad54   Data          20  pwm_base.o(SRAM32)
    PWM_Base::SetCtrl_OffToRst               0xa1efad68   Data          20  pwm_base.o(SRAM32)
    PWM_Base::SetCtrl_OffToCur               0xa1efad7c   Data          20  pwm_base.o(SRAM32)
    PWM_Base::SetCtrl_OffToVlt               0xa1efad90   Data          20  pwm_base.o(SRAM32)
    PWM_Base::SetCtrl_CurToCur               0xa1efada4   Data          20  pwm_base.o(SRAM32)
    PWM_Base::SetCtrl_CurToVlt               0xa1efadb8   Data          20  pwm_base.o(SRAM32)
    PWM_Base::SetCtrl_CurToOff               0xa1efadcc   Data          20  pwm_base.o(SRAM32)
    PWM_Base::SetCtrl_CurToRst               0xa1efade0   Data          20  pwm_base.o(SRAM32)
    PWM_Base::SetCtrl_VltToVlt               0xa1efadf4   Data          20  pwm_base.o(SRAM32)
    PWM_Base::SetCtrl_VltToCur               0xa1efae08   Data          20  pwm_base.o(SRAM32)
    PWM_Base::SetCtrl_VltToOff               0xa1efae1c   Data          20  pwm_base.o(SRAM32)
    PWM_Base::SetCtrl_VltToRst               0xa1efae30   Data          20  pwm_base.o(SRAM32)
    PWM_Base::TransitionInfo                 0xa1efae44   Data        1240  pwm_base.o(SRAM32)
    LBT20084_Base::SetCtrlOpenCh             0xa1efb31c   Data         120  lbt20084_base.o(SRAM32)
    LBT20084_Base::SetCtrlCloseCh            0xa1efb394   Data          80  lbt20084_base.o(SRAM32)
    LBT20084_Base::SetCCToCC                 0xa1efb3e4   Data         100  lbt20084_base.o(SRAM32)
    LBT20084_Base::SetRstToOff               0xa1efb448   Data          60  lbt20084_base.o(SRAM32)
    LBT20084_Base::SetCtrlOpenAcim           0xa1efb484   Data          20  lbt20084_base.o(SRAM32)
    LBT20084_Base::SetCtrlCloseAcim          0xa1efb498   Data          20  lbt20084_base.o(SRAM32)
    LBT20084_Base::SetRstToCur               0xa1efb4ac   Data         100  lbt20084_base.o(SRAM32)
    LBT20084_Base::SetRstToVlt               0xa1efb510   Data         120  lbt20084_base.o(SRAM32)
    LBT20084_Base::SetOffToRst               0xa1efb588   Data          60  lbt20084_base.o(SRAM32)
    LBT20084_Base::SetOffToCur               0xa1efb5c4   Data         100  lbt20084_base.o(SRAM32)
    LBT20084_Base::SetOffToVlt               0xa1efb628   Data         120  lbt20084_base.o(SRAM32)
    LBT20084_Base::SetCurToOff               0xa1efb6a0   Data          80  lbt20084_base.o(SRAM32)
    LBT20084_Base::SetCurToRst               0xa1efb6f0   Data          80  lbt20084_base.o(SRAM32)
    LBT20084_Base::SetCurToCur               0xa1efb740   Data         160  lbt20084_base.o(SRAM32)
    LBT20084_Base::SetCurToVlt               0xa1efb7e0   Data         200  lbt20084_base.o(SRAM32)
    LBT20084_Base::SetVltToOff               0xa1efb8a8   Data          80  lbt20084_base.o(SRAM32)
    LBT20084_Base::SetVltToRst               0xa1efb8f8   Data          80  lbt20084_base.o(SRAM32)
    LBT20084_Base::SetVltToVlt               0xa1efb948   Data         180  lbt20084_base.o(SRAM32)
    LBT20084_Base::SetVltToCur               0xa1efb9fc   Data         220  lbt20084_base.o(SRAM32)
    LBT20162_Base::SetCtrlOpenCh             0xa1efbad8   Data         100  lbt20162_base.o(SRAM32)
    LBT20162_Base::SetCtrlCloseCh            0xa1efbb3c   Data          60  lbt20162_base.o(SRAM32)
    LBT20162_Base::SetCCToCC                 0xa1efbb78   Data          80  lbt20162_base.o(SRAM32)
    LBT20162_Base::SetRstToOff               0xa1efbbc8   Data          60  lbt20162_base.o(SRAM32)
    LBT20162_Base::SetCtrlOpenAcim           0xa1efbc04   Data          20  lbt20162_base.o(SRAM32)
    LBT20162_Base::SetCtrlCloseAcim          0xa1efbc18   Data          20  lbt20162_base.o(SRAM32)
    LBT21014_Base::SetCtrlOpenCh             0xa1efbc2c   Data         100  lbt21014_base.o(SRAM32)
    LBT21014_Base::SetCtrlCloseCh            0xa1efbc90   Data          80  lbt21014_base.o(SRAM32)
    LBT21014_Base::SetCCToCC                 0xa1efbce0   Data         120  lbt21014_base.o(SRAM32)
    LBT21014_Base::SetRstToOff               0xa1efbd58   Data          60  lbt21014_base.o(SRAM32)
    LBT21014_Base::SetOffToRst               0xa1efbd94   Data          40  lbt21014_base.o(SRAM32)
    LBT21014_Base::SetCtrlOpenAcim           0xa1efbdbc   Data          20  lbt21014_base.o(SRAM32)
    LBT21014_Base::SetCtrlCloseAcim          0xa1efbdd0   Data          20  lbt21014_base.o(SRAM32)
    LBT21024_Base::SetCtrlOpenCh             0xa1efbde4   Data         100  lbt21024_base.o(SRAM32)
    LBT21024_Base::SetCtrlCloseCh            0xa1efbe48   Data          80  lbt21024_base.o(SRAM32)
    LBT21024_Base::SetCCToCC                 0xa1efbe98   Data         120  lbt21024_base.o(SRAM32)
    LBT21024_Base::SetRstToOff               0xa1efbf10   Data          60  lbt21024_base.o(SRAM32)
    LBT21024_Base::SetOffToRst               0xa1efbf4c   Data          40  lbt21024_base.o(SRAM32)
    LBT21024_Base::SetCtrlOpenAcim           0xa1efbf74   Data          20  lbt21024_base.o(SRAM32)
    LBT21024_Base::SetCtrlCloseAcim          0xa1efbf88   Data          20  lbt21024_base.o(SRAM32)
    HS21044_Base::SetRstToCur                0xa1efbf9c   Data         100  hs21044_base.o(SRAM32)
    HS21044_Base::SetCurToOff                0xa1efc000   Data          80  hs21044_base.o(SRAM32)
    HS21044_Base::SetCCToCC                  0xa1efc050   Data         140  hs21044_base.o(SRAM32)
    HS21044_Base::SetRstToOff                0xa1efc0dc   Data          20  hs21044_base.o(SRAM32)
    HS21044_Base::SetRstToVlt                0xa1efc0f0   Data         120  hs21044_base.o(SRAM32)
    HS21044_Base::SetCVToCV                  0xa1efc168   Data          80  hs21044_base.o(SRAM32)
    HS21044_Base::SetCCToCV                  0xa1efc1b8   Data         140  hs21044_base.o(SRAM32)
    HS21044_Base::SetCVToCC                  0xa1efc244   Data         140  hs21044_base.o(SRAM32)
    HS21044_Base::SetVltToOff                0xa1efc2d0   Data          80  hs21044_base.o(SRAM32)
    HS21044_Base::SetCtrlOpenAcim            0xa1efc320   Data          20  hs21044_base.o(SRAM32)
    HS21044_Base::SetCtrlCloseAcim           0xa1efc334   Data          20  hs21044_base.o(SRAM32)
    MSTAT21044_Base::SetCtrlOpenCh           0xa1efc348   Data         100  mstat21044_base.o(SRAM32)
    MSTAT21044_Base::SetCtrlCloseCh          0xa1efc3ac   Data          60  mstat21044_base.o(SRAM32)
    MSTAT21044_Base::SetCCToCC               0xa1efc3e8   Data         120  mstat21044_base.o(SRAM32)
    MSTAT21044_Base::SetRstToOff             0xa1efc460   Data          40  mstat21044_base.o(SRAM32)
    MSTAT21044_Base::SetRstToCur             0xa1efc488   Data         100  mstat21044_base.o(SRAM32)
    MSTAT21044_Base::SetRstToVlt             0xa1efc4ec   Data         100  mstat21044_base.o(SRAM32)
    MSTAT21044_Base::SetOffToVlt             0xa1efc550   Data         100  mstat21044_base.o(SRAM32)
    MSTAT21044_Base::SetCurToVlt             0xa1efc5b4   Data         140  mstat21044_base.o(SRAM32)
    MSTAT21044_Base::SetVltToOff             0xa1efc640   Data          60  mstat21044_base.o(SRAM32)
    MSTAT21044_Base::SetVltToRst             0xa1efc67c   Data          60  mstat21044_base.o(SRAM32)
    MSTAT21044_Base::SetVltToVlt             0xa1efc6b8   Data         120  mstat21044_base.o(SRAM32)
    MSTAT21044_Base::SetVltToCur             0xa1efc730   Data         160  mstat21044_base.o(SRAM32)
    MSTAT21044_Base::SetCtrlOpenAcim         0xa1efc7d0   Data          20  mstat21044_base.o(SRAM32)
    MSTAT21044_Base::SetCtrlCloseAcim        0xa1efc7e4   Data          20  mstat21044_base.o(SRAM32)
    LBT21084_Base::SetCtrlOpenCh             0xa1efc7f8   Data         100  lbt21084_base.o(SRAM32)
    LBT21084_Base::SetCtrlCloseCh            0xa1efc85c   Data          80  lbt21084_base.o(SRAM32)
    LBT21084_Base::SetCCToCC                 0xa1efc8ac   Data         120  lbt21084_base.o(SRAM32)
    LBT21084_Base::SetRstToOff               0xa1efc924   Data          60  lbt21084_base.o(SRAM32)
    LBT21084_Base::SetCtrlOpenAcim           0xa1efc960   Data          20  lbt21084_base.o(SRAM32)
    LBT21084_Base::SetCtrlCloseAcim          0xa1efc974   Data          20  lbt21084_base.o(SRAM32)
    LBT21162_Base::SetCtrlOpenCh             0xa1efc988   Data         100  lbt21162_base.o(SRAM32)
    LBT21162_Base::SetCtrlCloseCh            0xa1efc9ec   Data          80  lbt21162_base.o(SRAM32)
    LBT21162_Base::SetCCToCC                 0xa1efca3c   Data          80  lbt21162_base.o(SRAM32)
    LBT21162_Base::SetRstToOff               0xa1efca8c   Data          40  lbt21162_base.o(SRAM32)
    LBT21162_Base::SetCtrlOpenAcim           0xa1efcab4   Data          20  lbt21162_base.o(SRAM32)
    LBT21162_Base::SetCtrlCloseAcim          0xa1efcac8   Data          20  lbt21162_base.o(SRAM32)
    LBT22013_Base::SetCtrlOpenCh             0xa1efcadc   Data         120  lbt22013_base.o(SRAM32)
    LBT22013_Base::SetCtrlCloseCh            0xa1efcb54   Data         100  lbt22013_base.o(SRAM32)
    LBT22013_Base::SetCtrlCloseChToRest      0xa1efcbb8   Data         100  lbt22013_base.o(SRAM32)
    LBT22013_Base::SetCCToCC                 0xa1efcc1c   Data         160  lbt22013_base.o(SRAM32)
    LBT22013_Base::SetRstToOff               0xa1efccbc   Data          40  lbt22013_base.o(SRAM32)
    LBT22013_Base::SetOffToRst               0xa1efcce4   Data          40  lbt22013_base.o(SRAM32)
    LBT22013_Base::SetVoltRelay              0xa1efcd0c   Data          40  lbt22013_base.o(SRAM32)
    LBT22013_Base::SetCtrlOpenAcim           0xa1efcd34   Data          20  lbt22013_base.o(SRAM32)
    LBT22013_Base::SetCtrlCloseAcim          0xa1efcd48   Data          20  lbt22013_base.o(SRAM32)
    LBT22XXX_Base::SetCtrlOpenCh             0xa1efcd5c   Data         100  lbt22xxx_base.o(SRAM32)
    LBT22XXX_Base::SetCtrlCloseCh            0xa1efcdc0   Data         100  lbt22xxx_base.o(SRAM32)
    LBT22XXX_Base::SetCtrlCloseChToRest      0xa1efce24   Data         100  lbt22xxx_base.o(SRAM32)
    LBT22XXX_Base::SetCCToCC                 0xa1efce88   Data         160  lbt22xxx_base.o(SRAM32)
    LBT22XXX_Base::SetRstToOff               0xa1efcf28   Data          20  lbt22xxx_base.o(SRAM32)
    LBT22XXX_Base::SetOffToRst               0xa1efcf3c   Data          20  lbt22xxx_base.o(SRAM32)
    LBT22XXX_Base::SetCtrlOpenAcim           0xa1efcf50   Data          20  lbt22xxx_base.o(SRAM32)
    LBT22XXX_Base::SetCtrlCloseAcim          0xa1efcf64   Data          20  lbt22xxx_base.o(SRAM32)



==============================================================================

Memory Map of the image

  Image Entry point : 0x000000e5

  Load Region LR_IROM1 (Base: 0x00000000, Size: 0x0005c620, Max: 0x00080000, ABSOLUTE, COMPRESSED[0x0005b7dc])

    Execution Region ER_IROM1 (Base: 0x00000000, Size: 0x0005b6ac, Max: 0x00080000, ABSOLUTE)

    Base Addr    Size         Type   Attr      Idx    E Section Name        Object

    0x00000000   0x000000e4   Data   RO          600    RESET               startup_lpc407x_8x_177x_8x.o
    0x000000e4   0x00000008   Code   RO        10342  * !!!main             c_w.l(__main.o)
    0x000000ec   0x00000034   Code   RO        10795    !!!scatter          c_w.l(__scatter.o)
    0x00000120   0x0000005a   Code   RO        10793    !!dczerorl2         c_w.l(__dczerorl2.o)
    0x0000017a   0x00000002   PAD
    0x0000017c   0x0000001a   Code   RO        10797    !!handler_copy      c_w.l(__scatter_copy.o)
    0x00000196   0x00000002   PAD
    0x00000198   0x0000001c   Code   RO        10799    !!handler_zi        c_w.l(__scatter_zi.o)
    0x000001b4   0x00000002   Code   RO        10733    .ARM.Collect$$libinit$$00000000  c_w.l(libinit.o)
    0x000001b6   0x00000004   Code   RO        10594    .ARM.Collect$$libinit$$00000001  c_w.l(libinit2.o)
    0x000001ba   0x00000008   Code   RO        10596    .ARM.Collect$$libinit$$00000003  c_w.l(libinit2.o)
    0x000001c2   0x00000000   Code   RO        10598    .ARM.Collect$$libinit$$00000008  c_w.l(libinit2.o)
    0x000001c2   0x00000000   Code   RO        10600    .ARM.Collect$$libinit$$0000000A  c_w.l(libinit2.o)
    0x000001c2   0x00000004   Code   RO        10601    .ARM.Collect$$libinit$$0000000B  c_w.l(libinit2.o)
    0x000001c6   0x00000000   Code   RO        10602    .ARM.Collect$$libinit$$0000000C  c_w.l(libinit2.o)
    0x000001c6   0x00000000   Code   RO        10605    .ARM.Collect$$libinit$$0000000F  c_w.l(libinit2.o)
    0x000001c6   0x00000000   Code   RO        10607    .ARM.Collect$$libinit$$00000011  c_w.l(libinit2.o)
    0x000001c6   0x00000000   Code   RO        10609    .ARM.Collect$$libinit$$00000013  c_w.l(libinit2.o)
    0x000001c6   0x00000000   Code   RO        10611    .ARM.Collect$$libinit$$00000015  c_w.l(libinit2.o)
    0x000001c6   0x00000000   Code   RO        10613    .ARM.Collect$$libinit$$00000017  c_w.l(libinit2.o)
    0x000001c6   0x00000000   Code   RO        10615    .ARM.Collect$$libinit$$00000019  c_w.l(libinit2.o)
    0x000001c6   0x00000000   Code   RO        10617    .ARM.Collect$$libinit$$0000001B  c_w.l(libinit2.o)
    0x000001c6   0x00000000   Code   RO        10619    .ARM.Collect$$libinit$$0000001D  c_w.l(libinit2.o)
    0x000001c6   0x00000000   Code   RO        10621    .ARM.Collect$$libinit$$0000001F  c_w.l(libinit2.o)
    0x000001c6   0x00000000   Code   RO        10623    .ARM.Collect$$libinit$$00000021  c_w.l(libinit2.o)
    0x000001c6   0x00000000   Code   RO        10625    .ARM.Collect$$libinit$$00000023  c_w.l(libinit2.o)
    0x000001c6   0x00000000   Code   RO        10629    .ARM.Collect$$libinit$$0000002A  c_w.l(libinit2.o)
    0x000001c6   0x00000000   Code   RO        10631    .ARM.Collect$$libinit$$0000002C  c_w.l(libinit2.o)
    0x000001c6   0x00000000   Code   RO        10633    .ARM.Collect$$libinit$$0000002E  c_w.l(libinit2.o)
    0x000001c6   0x00000000   Code   RO        10635    .ARM.Collect$$libinit$$00000030  c_w.l(libinit2.o)
    0x000001c6   0x00000002   Code   RO        10636    .ARM.Collect$$libinit$$00000031  c_w.l(libinit2.o)
    0x000001c8   0x00000002   Code   RO        10790    .ARM.Collect$$libshutdown$$00000000  c_w.l(libshutdown.o)
    0x000001ca   0x00000000   Code   RO        10750    .ARM.Collect$$libshutdown$$00000003  c_w.l(libshutdown2.o)
    0x000001ca   0x00000000   Code   RO        10753    .ARM.Collect$$libshutdown$$00000006  c_w.l(libshutdown2.o)
    0x000001ca   0x00000000   Code   RO        10756    .ARM.Collect$$libshutdown$$00000009  c_w.l(libshutdown2.o)
    0x000001ca   0x00000000   Code   RO        10758    .ARM.Collect$$libshutdown$$0000000B  c_w.l(libshutdown2.o)
    0x000001ca   0x00000000   Code   RO        10761    .ARM.Collect$$libshutdown$$0000000E  c_w.l(libshutdown2.o)
    0x000001ca   0x00000002   Code   RO        10762    .ARM.Collect$$libshutdown$$0000000F  c_w.l(libshutdown2.o)
    0x000001cc   0x00000000   Code   RO        10560    .ARM.Collect$$rtentry$$00000000  c_w.l(rtentry.o)
    0x000001cc   0x00000000   Code   RO        10665    .ARM.Collect$$rtentry$$00000002  c_w.l(rtentry2.o)
    0x000001cc   0x00000006   Code   RO        10677    .ARM.Collect$$rtentry$$00000004  c_w.l(rtentry4.o)
    0x000001d2   0x00000000   Code   RO        10667    .ARM.Collect$$rtentry$$00000009  c_w.l(rtentry2.o)
    0x000001d2   0x00000004   Code   RO        10668    .ARM.Collect$$rtentry$$0000000A  c_w.l(rtentry2.o)
    0x000001d6   0x00000000   Code   RO        10670    .ARM.Collect$$rtentry$$0000000C  c_w.l(rtentry2.o)
    0x000001d6   0x00000008   Code   RO        10671    .ARM.Collect$$rtentry$$0000000D  c_w.l(rtentry2.o)
    0x000001de   0x00000002   Code   RO        10736    .ARM.Collect$$rtexit$$00000000  c_w.l(rtexit.o)
    0x000001e0   0x00000000   Code   RO        10766    .ARM.Collect$$rtexit$$00000002  c_w.l(rtexit2.o)
    0x000001e0   0x00000004   Code   RO        10767    .ARM.Collect$$rtexit$$00000003  c_w.l(rtexit2.o)
    0x000001e4   0x00000006   Code   RO        10768    .ARM.Collect$$rtexit$$00000004  c_w.l(rtexit2.o)
    0x000001ea   0x00000002   PAD
    0x000001ec   0x00000034   Code   RO        10323    .emb_text           c_w.l(rand.o)
    0x00000220   0x00000000   Code   RO        10688    .emb_text           c_w.l(maybetermalloc1.o)
    0x00000220   0x00000970   Code   RO            3    .text               main.o
    0x00000b90   0x00000a84   Code   RO          475    .text               os_serveprocess.o
    0x00001614   0x00000300   Code   RO          504    .text               datatypes.o
    0x00001914   0x00000568   Code   RO          526    .text               circularqueue_lin.o
    0x00001e7c   0x00000040   Code   RO          549    .text               lib_mem.o
    0x00001ebc   0x00000040   Code   RO          601    .text               startup_lpc407x_8x_177x_8x.o
    0x00001efc   0x00000418   Code   RO          607    .text               system_lpc407x_8x_177x_8x.o
    0x00002314   0x00000ff8   Code   RO          653    .text               can.o
    0x0000330c   0x00000128   Code   RO          705    .text               gpio.o
    0x00003434   0x00000130   Code   RO          728    .text               irq.o
    0x00003564   0x0000016c   Code   RO          756    .text               rtc.o
    0x000036d0   0x0000032c   Code   RO          780    .text               sdram.o
    0x000039fc   0x000004d8   Code   RO          803    .text               sspi.o
    0x00003ed4   0x000002e8   Code   RO          874    .text               timers.o
    0x000041bc   0x000000f4   Code   RO          902    .text               wdt.o
    0x000042b0   0x0000046c   Code   RO          925    .text               pwm.o
    0x0000471c   0x00000c2c   Code   RO          947    .text               i2cnew.o
    0x00005348   0x000005cc   Code   RO          972    .text               uart.o
    0x00005914   0x000000f4   Code   RO          997    .text               ledfunc.o
    0x00005a08   0x00000194   Code   RO         1022    .text               adc24bit_cs5560.o
    0x00005b9c   0x00000154   Code   RO         1044    .text               adc24bit_ads1259.o
    0x00005cf0   0x00000234   Code   RO         1067    .text               adc16bit_ad7606.o
    0x00005f24   0x0000020c   Code   RO         1089    .text               adc16bit_ad7656.o
    0x00006130   0x000000cc   Code   RO         1133    .text               adc32bit_ltc2498.o
    0x000061fc   0x000004e0   Code   RO         1155    .text               adc24bit_ad7175.o
    0x000066dc   0x000001e0   Code   RO         1177    .text               fm25l256.o
    0x000068bc   0x000003a8   Code   RO         1200    .text               m0redundant.o
    0x00006c64   0x000001b0   Code   RO         1234    .text               controlpin.o
    0x00006e14   0x000001c8   Code   RO         1257    .text               cpld.o
    0x00006fdc   0x0000006c   Code   RO         1305    .text               pca9501.o
    0x00007048   0x00000190   Code   RO         1350    .text               dac16bit_ad5754.o
    0x000071d8   0x000000ac   Code   RO         1372    .text               dac16bit_ad5360.o
    0x00007284   0x00000134   Code   RO         1394    .text               eeprom_24lc128.o
    0x000073b8   0x00000070   Code   RO         1416    .text               net_config.o
    0x00007428   0x00000444   Code   RO         1448    .text               tcptxrx.o
    0x0000786c   0x00000998   Code   RO         1478    .text               emac_lpc177x_8x.o
    0x00008204   0x000070b0   Code   RO         1824    .text               ethernetparse.o
    0x0000f2b4   0x00000568   Code   RO         2299    .text               eventsbuffering.o
    0x0000f81c   0x00002f20   Code   RO         2331    .text               multimcucommunication.o
    0x0001273c   0x000090bc   Code   RO         2360    .text               canbusparse.o
    0x0001b7f8   0x00001a40   Code   RO         2390    .text               smbus.o
    0x0001d238   0x000003e4   Code   RO         2415    .text               uartparse.o
    0x0001d61c   0x000003dc   Code   RO         2440    .text               bsp.o
    0x0001d9f8   0x00000a30   Code   RO         2464    .text               cconfig.o
    0x0001e428   0x000011c0   Code   RO         2915    .text               checklimit_4.o
    0x0001f5e8   0x00000064   Code   RO         2937    .text               checklimit_8.o
    0x0001f64c   0x0000bebc   Code   RO         2959    .text               datamanage.o
    0x0002b508   0x00001ba0   Code   RO         2993    .text               ir.o
    0x0002d0a8   0x000028e0   Code   RO         3018    .text               ivsdl.o
    0x0002f988   0x0000219c   Code   RO         3063    .text               metavariable.o
    0x00031b24   0x00001058   Code   RO         3088    .text               os_logicprocess.o
    0x00032b7c   0x00000410   Code   RO         3112    .text               pid.o
    0x00032f8c   0x00002578   Code   RO         3135    .text               safecheck.o
    0x00035504   0x00001428   Code   RO         3163    .text               sampleprocess.o
    0x0003692c   0x00004388   Code   RO         3194    .text               schedulemanage.o
    0x0003acb4   0x0000a8cc   Code   RO         3219    .text               stepmanage.o
    0x00045580   0x00000be4   Code   RO         3250    .text               thirdparty.o
    0x00046164   0x00000b24   Code   RO         3273    .text               simubuffer.o
    0x00046c88   0x0000032c   Code   RO         3313    .text               check_v_limit.o
    0x00046fb4   0x0000034c   Code   RO         3335    .text               checklimit_non_v.o
    0x00047300   0x00000ce0   Code   RO         3357    .text               pulse.o
    0x00047fe0   0x000007b8   Code   RO         3396    .text               pulse_loglimt.o
    0x00048798   0x0000022c   Code   RO         3419    .text               pulse_mv.o
    0x000489c4   0x00000c14   Code   RO         3442    .text               pulse_safety.o
    0x000495d8   0x00000248   Code   RO         3467    .text               sampleprocess_pulse.o
    0x00049820   0x00000330   Code   RO         3505    .text               fanadj.o
    0x00049b50   0x000007d0   Code   RO         3528    .text               canbuswatchdog.o
    0x0004a320   0x0000003c   Code   RO         3553    .text               excheck.o
    0x0004a35c   0x00000cec   Code   RO         3575    .text               burstmodesampling.o
    0x0004b048   0x00000b1c   Code   RO         3599    .text               poweradj.o
    0x0004bb64   0x00000164   Code   RO         3632    .text               independentvoltagectrl.o
    0x0004bcc8   0x0000015c   Code   RO         3655    .text               pwm_adc5dac.o
    0x0004be24   0x00001530   Code   RO         4105    .text               pwm_base.o
    0x0004d354   0x000002dc   Code   RO         4131    .text               pwm_samplemanage.o
    0x0004d630   0x00000224   Code   RO         4652    .text               lbt21xxx_adc5dac.o
    0x0004d854   0x000010a4   Code   RO         5101    .text               lbt21xxx_base.o
    0x0004e8f8   0x0000074c   Code   RO         5126    .text               lbt21xxx_samplemanage.o
    0x0004f044   0x00000960   Code   RO         5150    .text               lbt20084_base.o
    0x0004f9a4   0x0000025c   Code   RO         5600    .text               lbt20162_base.o
    0x0004fc00   0x0000033c   Code   RO         6050    .text               lbt21014_base.o
    0x0004ff3c   0x000003a4   Code   RO         6500    .text               lbt21024_base.o
    0x000502e0   0x00000130   Code   RO         6950    .text               hs21044_adc5dac.o
    0x00050410   0x00000964   Code   RO         6972    .text               hs21044_base.o
    0x00050d74   0x000002dc   Code   RO         6997    .text               hs21044_samplemanage.o
    0x00051050   0x000005a0   Code   RO         7019    .text               mstat21044_base.o
    0x000515f0   0x00000384   Code   RO         7469    .text               lbt21084_base.o
    0x00051974   0x0000027c   Code   RO         7919    .text               lbt21162_base.o
    0x00051bf0   0x000001ac   Code   RO         8369    .text               lbt22013_adc5dac.o
    0x00051d9c   0x00001424   Code   RO         8818    .text               lbt22013_base.o
    0x000531c0   0x0000027c   Code   RO         8844    .text               lbt22013_samplemanage.o
    0x0005343c   0x00000110   Code   RO         8866    .text               lbt22xxx_adc5dac.o
    0x0005354c   0x00000bec   Code   RO         8888    .text               lbt22xxx_base.o
    0x00054138   0x00000160   Code   RO         8915    .text               lbt22xxx_samplemanage.o
    0x00054298   0x00000274   Code   RO         8938    .text               lbt22023_base.o
    0x0005450c   0x00000278   Code   RO         9387    .text               lbt22043_base.o
    0x00054784   0x000003c0   Code   RO         9977    .text               built-in_16v_409386_base.o
    0x00054b44   0x00000254   Code   RO        10000    .text               built-in_16t_409920_base.o
    0x00054d98   0x0000005e   Code   RO        10255    .text               c_w.l(h1_alloc.o)
    0x00054df6   0x0000004e   Code   RO        10257    .text               c_w.l(h1_free.o)
    0x00054e44   0x000000ee   Code   RO        10313    .text               c_w.l(lludivv7m.o)
    0x00054f32   0x00000026   Code   RO        10315    .text               c_w.l(llshl.o)
    0x00054f58   0x00000026   Code   RO        10317    .text               c_w.l(llushr.o)
    0x00054f7e   0x00000026   Code   RO        10319    .text               c_w.l(llsshr.o)
    0x00054fa4   0x0000003c   Code   RO        10324    .text               c_w.l(rand.o)
    0x00054fe0   0x00000058   Code   RO        10328    .text               c_w.l(memcmp.o)
    0x00055038   0x0000008a   Code   RO        10330    .text               c_w.l(rt_memcpy_v6.o)
    0x000550c2   0x00000064   Code   RO        10332    .text               c_w.l(rt_memcpy_w.o)
    0x00055126   0x00000010   Code   RO        10334    .text               c_w.l(aeabi_memset.o)
    0x00055136   0x00000044   Code   RO        10336    .text               c_w.l(rt_memclr.o)
    0x0005517a   0x0000004e   Code   RO        10338    .text               c_w.l(rt_memclr_w.o)
    0x000551c8   0x00000006   Code   RO        10340    .text               c_w.l(heapauxi.o)
    0x000551ce   0x00000002   PAD
    0x000551d0   0x00000008   Code   RO        10568    .text               c_w.l(rt_heap_descriptor_intlibspace.o)
    0x000551d8   0x00000004   Code   RO        10570    .text               c_w.l(hguard.o)
    0x000551dc   0x0000008a   Code   RO        10572    .text               c_w.l(init_alloc.o)
    0x00055266   0x0000000e   Code   RO        10576    .text               c_w.l(h1_init.o)
    0x00055274   0x00000016   Code   RO        10590    .text               c_w.l(_rserrno.o)
    0x0005528a   0x00000002   PAD
    0x0005528c   0x00000008   Code   RO        10661    .text               c_w.l(libspace.o)
    0x00055294   0x00000008   Code   RO        10684    .text               c_w.l(rt_errno_addr_intlibspace.o)
    0x0005529c   0x00000034   Code   RO        10690    .text               c_w.l(h1_extend.o)
    0x000552d0   0x0000000e   Code   RO        10694    .text               c_w.l(defsig_rtmem_outer.o)
    0x000552de   0x00000002   Code   RO        10705    .text               c_w.l(use_no_semi.o)
    0x000552e0   0x00000000   Code   RO        10707    .text               c_w.l(indicate_semi.o)
    0x000552e0   0x0000004a   Code   RO        10708    .text               c_w.l(sys_stackheap_outer.o)
    0x0005532a   0x0000000c   Code   RO        10714    .text               c_w.l(exit.o)
    0x00055336   0x0000000a   Code   RO        10716    .text               c_w.l(defsig_exit.o)
    0x00055340   0x00000050   Code   RO        10722    .text               c_w.l(defsig_rtmem_inner.o)
    0x00055390   0x0000000c   Code   RO        10734    .text               c_w.l(sys_exit.o)
    0x0005539c   0x00000032   Code   RO        10744    .text               c_w.l(defsig_general.o)
    0x000553ce   0x0000000e   Code   RO        10763    .text               c_w.l(sys_wrch.o)
    0x000553dc   0x00000128   Code   RO         1846    i._ZN13EthernetParse13SDLPointChangEP12St_SDL_PointP13St_Data_Pairs  ethernetparse.o
    0x00055504   0x0000000a   Code   RO         1852    i._ZN13EthernetParse8Char2NumEh  ethernetparse.o
    0x0005550e   0x00000002   PAD
    0x00055510   0x000006a8   Code   RO         3239    i._ZN17Step_Manager_task18Step_OutputCurrDacEhfb  stepmanage.o
    0x00055bb8   0x00000048   Code   RO         3038    i._ZN5IVSDL12GetFullValueEff  ivsdl.o
    0x00055c00   0x000000b0   Code   RO         3050    i._ZN5IVSDL37SubMasterSdlLogTimesFrequently2NormalEt  ivsdl.o
    0x00055cb0   0x00000068   Code   RO         3044    i._ZN5IVSDL9PushPointE12St_SDL_Point  ivsdl.o
    0x00055d18   0x000000a4   Code   RO         3377    i._ZN5Pulse11SaveRawDataEhmmh  pulse.o
    0x00055dbc   0x000000c4   Code   RO         3383    i._ZN5Pulse16ReadAdcAfterBusyEPmS0_  pulse.o
    0x00055e80   0x0000000a   Code   RO         1858    i._ZSt3absf         ethernetparse.o
    0x00055e8a   0x00000026   Code   RO        10652    i.__ARM_fpclassifyf  m_wm.l(fpclassifyf.o)
    0x00055eb0   0x00000114   Code   RO        10394    i.__hardfp_acosf    m_wm.l(acosf.o)
    0x00055fc4   0x00000124   Code   RO        10406    i.__hardfp_asinf    m_wm.l(asinf.o)
    0x000560e8   0x00000164   Code   RO        10418    i.__hardfp_atanf    m_wm.l(atanf.o)
    0x0005624c   0x0000006c   Code   RO        10430    i.__hardfp_ceilf    m_wm.l(ceilf.o)
    0x000562b8   0x0000015c   Code   RO        10436    i.__hardfp_cosf     m_wm.l(cosf.o)
    0x00056414   0x000001f0   Code   RO        10448    i.__hardfp_expf     m_wm.l(expf.o)
    0x00056604   0x00000070   Code   RO        10462    i.__hardfp_floorf   m_wm.l(floorf.o)
    0x00056674   0x000000b4   Code   RO        10468    i.__hardfp_fmodf    m_wm.l(fmodf.o)
    0x00056728   0x00000184   Code   RO        10480    i.__hardfp_log10f   m_wm.l(log10f.o)
    0x000568ac   0x00000170   Code   RO        10494    i.__hardfp_logf     m_wm.l(logf.o)
    0x00056a1c   0x00000004   PAD
    0x00056a20   0x00000634   Code   RO        10508    i.__hardfp_powf     m_wm.l(powf.o)
    0x00057054   0x00000178   Code   RO        10522    i.__hardfp_sinf     m_wm.l(sinf.o)
    0x000571cc   0x0000003a   Code   RO        10534    i.__hardfp_sqrtf    m_wm.l(sqrtf.o)
    0x00057206   0x00000002   PAD
    0x00057208   0x00000168   Code   RO        10546    i.__hardfp_tanf     m_wm.l(tanf.o)
    0x00057370   0x00000010   Code   RO        10654    i.__mathlib_flt_underflow  m_wm.l(funder.o)
    0x00057380   0x00000140   Code   RO        10656    i.__mathlib_rredf2  m_wm.l(rredf.o)
    0x000574c0   0x000000bc   Code   RO        10178    i.alloc_mem         TCP_CM3.lib(at_mem.o)
    0x0005757c   0x000000b8   Code   RO        10025    i.arp_cache_add     TCP_CM3.lib(at_arp.o)
    0x00057634   0x00000088   Code   RO        10026    i.arp_cache_alloc   TCP_CM3.lib(at_arp.o)
    0x000576bc   0x00000098   Code   RO        10027    i.arp_cache_early   TCP_CM3.lib(at_arp.o)
    0x00057754   0x000000b4   Code   RO        10028    i.arp_cache_find    TCP_CM3.lib(at_arp.o)
    0x00057808   0x000000f4   Code   RO        10031    i.arp_cache_update  TCP_CM3.lib(at_arp.o)
    0x000578fc   0x0000003c   Code   RO        10032    i.arp_get_hwadr     TCP_CM3.lib(at_arp.o)
    0x00057938   0x00000068   Code   RO        10033    i.arp_get_info      TCP_CM3.lib(at_arp.o)
    0x000579a0   0x0000002c   Code   RO        10034    i.arp_init          TCP_CM3.lib(at_arp.o)
    0x000579cc   0x00000034   Code   RO        10035    i.arp_is_cacheable  TCP_CM3.lib(at_arp.o)
    0x00057a00   0x00000028   Code   RO        10036    i.arp_notify        TCP_CM3.lib(at_arp.o)
    0x00057a28   0x00000088   Code   RO        10038    i.arp_proc_response  TCP_CM3.lib(at_arp.o)
    0x00057ab0   0x00000138   Code   RO        10039    i.arp_process       TCP_CM3.lib(at_arp.o)
    0x00057be8   0x000000a0   Code   RO        10040    i.arp_send_reply    TCP_CM3.lib(at_arp.o)
    0x00057c88   0x000000b8   Code   RO        10041    i.arp_send_request  TCP_CM3.lib(at_arp.o)
    0x00057d40   0x00000012   Code   RO        10202    i.calc_chksum16be   TCP_CM3.lib(at_lib.o)
    0x00057d52   0x00000002   PAD
    0x00057d54   0x00000028   Code   RO        10203    i.chksum16_buf      TCP_CM3.lib(at_lib.o)
    0x00057d7c   0x0000000a   Code   RO        10204    i.chksum16_val      TCP_CM3.lib(at_lib.o)
    0x00057d86   0x00000002   PAD
    0x00057d88   0x00000010   Code   RO        10164    i.eth_chk_adr       TCP_CM3.lib(at_ethernet.o)
    0x00057d98   0x00000034   Code   RO        10166    i.eth_init_link     TCP_CM3.lib(at_ethernet.o)
    0x00057dcc   0x000000d4   Code   RO        10167    i.eth_run_link      TCP_CM3.lib(at_ethernet.o)
    0x00057ea0   0x000000a8   Code   RO        10168    i.eth_send_frame    TCP_CM3.lib(at_ethernet.o)
    0x00057f48   0x00000084   Code   RO        10179    i.free_mem          TCP_CM3.lib(at_mem.o)
    0x00057fcc   0x00000028   Code   RO        10206    i.get_crc32         TCP_CM3.lib(at_lib.o)
    0x00057ff4   0x0000001c   Code   RO        10190    i.get_rnd32         TCP_CM3.lib(at_system.o)
    0x00058010   0x00000010   Code   RO        10075    i.icmp_init         TCP_CM3.lib(at_icmp.o)
    0x00058020   0x000000cc   Code   RO        10077    i.icmp_process      TCP_CM3.lib(at_icmp.o)
    0x000580ec   0x00000048   Code   RO        10078    i.icmp_run_engine   TCP_CM3.lib(at_icmp.o)
    0x00058134   0x00000070   Code   RO        10079    i.icmp_send_message  TCP_CM3.lib(at_icmp.o)
    0x000581a4   0x00000038   Code   RO        10180    i.ifree_mem         TCP_CM3.lib(at_mem.o)
    0x000581dc   0x0000002c   Code   RO        10191    i.init_TcpNet       TCP_CM3.lib(at_system.o)
    0x00058208   0x0000002c   Code   RO        10181    i.init_mem          TCP_CM3.lib(at_mem.o)
    0x00058234   0x000000c8   Code   RO        10061    i.ip_chk_frame      TCP_CM3.lib(at_ip.o)
    0x000582fc   0x0000000a   Code   RO        10062    i.ip_get_chksum     TCP_CM3.lib(at_ip.o)
    0x00058306   0x00000002   PAD
    0x00058308   0x000000b8   Code   RO        10063    i.ip_get_locadr     TCP_CM3.lib(at_ip.o)
    0x000583c0   0x0000000c   Code   RO        10064    i.ip_init           TCP_CM3.lib(at_ip.o)
    0x000583cc   0x0000005c   Code   RO        10065    i.ip_run_local      TCP_CM3.lib(at_ip.o)
    0x00058428   0x00000150   Code   RO        10066    i.ip_send_frame     TCP_CM3.lib(at_ip.o)
    0x00058578   0x00000014   Code   RO        10207    i.is_subnet         TCP_CM3.lib(at_lib.o)
    0x0005858c   0x00000064   Code   RO        10192    i.main_TcpNet       TCP_CM3.lib(at_system.o)
    0x000585f0   0x0000001a   Code   RO        10208    i.mem_comp          TCP_CM3.lib(at_lib.o)
    0x0005860a   0x00000016   Code   RO        10209    i.mem_copy          TCP_CM3.lib(at_lib.o)
    0x00058620   0x00000020   Code   RO        10210    i.mem_crc32         TCP_CM3.lib(at_lib.o)
    0x00058640   0x0000000c   Code   RO        10212    i.mem_set           TCP_CM3.lib(at_lib.o)
    0x0005864c   0x00000016   Code   RO        10213    i.mem_test          TCP_CM3.lib(at_lib.o)
    0x00058662   0x00000016   Code   RO        10215    i.nrd_u32be         TCP_CM3.lib(at_lib.o)
    0x00058678   0x00000010   Code   RO        10217    i.nwr_u32be         TCP_CM3.lib(at_lib.o)
    0x00058688   0x00000028   Code   RO        10169    i.put_in_queue      TCP_CM3.lib(at_ethernet.o)
    0x000586b0   0x00000048   Code   RO        10182    i.resize_mem        TCP_CM3.lib(at_mem.o)
    0x000586f8   0x0000003e   Code   RO        10536    i.sqrtf             m_wm.l(sqrtf.o)
    0x00058736   0x00000002   PAD
    0x00058738   0x00000040   Code   RO        10087    i.tcp_check_send    TCP_CM3.lib(at_tcp.o)
    0x00058778   0x00000020   Code   RO        10091    i.tcp_get_buf       TCP_CM3.lib(at_tcp.o)
    0x00058798   0x00000048   Code   RO        10093    i.tcp_get_socket    TCP_CM3.lib(at_tcp.o)
    0x000587e0   0x00000028   Code   RO        10094    i.tcp_get_state     TCP_CM3.lib(at_tcp.o)
    0x00058808   0x00000014   Code   RO        10095    i.tcp_init          TCP_CM3.lib(at_tcp.o)
    0x0005881c   0x00000074   Code   RO        10097    i.tcp_listen        TCP_CM3.lib(at_tcp.o)
    0x00058890   0x0000009c   Code   RO        10098    i.tcp_map_socket    TCP_CM3.lib(at_tcp.o)
    0x0005892c   0x00000028   Code   RO        10099    i.tcp_max_dsize     TCP_CM3.lib(at_tcp.o)
    0x00058954   0x00000214   Code   RO        10100    i.tcp_poll_sockets  TCP_CM3.lib(at_tcp.o)
    0x00058b68   0x0000046e   Code   RO        10101    i.tcp_process       TCP_CM3.lib(at_tcp.o)
    0x00058fd6   0x00000002   PAD
    0x00058fd8   0x00000078   Code   RO        10102    i.tcp_process_opt   TCP_CM3.lib(at_tcp.o)
    0x00059050   0x00000110   Code   RO        10106    i.tcp_send          TCP_CM3.lib(at_tcp.o)
    0x00059160   0x00000022   Code   RO        10107    i.tcp_send_ctrl     TCP_CM3.lib(at_tcp.o)
    0x00059182   0x00000002   PAD
    0x00059184   0x00000108   Code   RO        10108    i.tcp_send_frame    TCP_CM3.lib(at_tcp.o)
    0x0005928c   0x00000080   Code   RO        10109    i.tcp_send_reset    TCP_CM3.lib(at_tcp.o)
    0x0005930c   0x00000012   Code   RO        10110    i.tcp_set_retransmit  TCP_CM3.lib(at_tcp.o)
    0x0005931e   0x00000002   PAD
    0x00059320   0x00000070   Code   RO        10111    i.tcp_transit       TCP_CM3.lib(at_tcp.o)
    0x00059390   0x0000000c   Code   RO        10193    i.timer_tick        TCP_CM3.lib(at_system.o)
    0x0005939c   0x00000020   Code   RO        10141    i.udp_get_buf       TCP_CM3.lib(at_udp.o)
    0x000593bc   0x00000044   Code   RO        10142    i.udp_get_socket    TCP_CM3.lib(at_udp.o)
    0x00059400   0x00000018   Code   RO        10143    i.udp_init          TCP_CM3.lib(at_udp.o)
    0x00059418   0x00000068   Code   RO        10146    i.udp_open          TCP_CM3.lib(at_udp.o)
    0x00059480   0x0000002c   Code   RO        10147    i.udp_port_in_use   TCP_CM3.lib(at_udp.o)
    0x000594ac   0x000000b8   Code   RO        10148    i.udp_process       TCP_CM3.lib(at_udp.o)
    0x00059564   0x0000011c   Code   RO        10150    i.udp_send          TCP_CM3.lib(at_udp.o)
    0x00059680   0x00000018   Code   RO        10344    x$fpl$basic         fz_wm.l(basic.o)
    0x00059698   0x00000062   Code   RO        10346    x$fpl$d2f           fz_wm.l(d2f.o)
    0x000596fa   0x00000002   PAD
    0x000596fc   0x00000150   Code   RO        10348    x$fpl$dadd          fz_wm.l(daddsub_clz.o)
    0x0005984c   0x00000018   Code   RO        10637    x$fpl$dcmpinf       fz_wm.l(dcmpi.o)
    0x00059864   0x000002b0   Code   RO        10355    x$fpl$ddiv          fz_wm.l(ddiv.o)
    0x00059b14   0x0000005e   Code   RO        10358    x$fpl$dfix          fz_wm.l(dfix.o)
    0x00059b72   0x00000002   PAD
    0x00059b74   0x0000005a   Code   RO        10362    x$fpl$dfixu         fz_wm.l(dfixu.o)
    0x00059bce   0x0000002e   Code   RO        10367    x$fpl$dflt          fz_wm.l(dflt_clz.o)
    0x00059bfc   0x00000026   Code   RO        10366    x$fpl$dfltu         fz_wm.l(dflt_clz.o)
    0x00059c22   0x00000002   PAD
    0x00059c24   0x0000008a   Code   RO        10373    x$fpl$dfltull       fz_wm.l(dfltll_clz.o)
    0x00059cae   0x00000002   PAD
    0x00059cb0   0x00000078   Code   RO        10376    x$fpl$dleqf         fz_wm.l(dleqf.o)
    0x00059d28   0x00000154   Code   RO        10378    x$fpl$dmul          fz_wm.l(dmul.o)
    0x00059e7c   0x0000009c   Code   RO        10639    x$fpl$dnaninf       fz_wm.l(dnaninf.o)
    0x00059f18   0x0000000c   Code   RO        10641    x$fpl$dretinf       fz_wm.l(dretinf.o)
    0x00059f24   0x0000006c   Code   RO        10380    x$fpl$drleqf        fz_wm.l(drleqf.o)
    0x00059f90   0x00000016   Code   RO        10349    x$fpl$drsb          fz_wm.l(daddsub_clz.o)
    0x00059fa6   0x00000002   PAD
    0x00059fa8   0x000001d4   Code   RO        10350    x$fpl$dsub          fz_wm.l(daddsub_clz.o)
    0x0005a17c   0x00000056   Code   RO        10382    x$fpl$f2d           fz_wm.l(f2d.o)
    0x0005a1d2   0x00000060   Code   RO        10392    x$fpl$ffltll        fz_wm.l(ffltll_clz.o)
    0x0005a232   0x0000008c   Code   RO        10643    x$fpl$fnaninf       fz_wm.l(fnaninf.o)
    0x0005a2be   0x0000000a   Code   RO        10703    x$fpl$fpinit        fz_wm.l(fpinit.o)
    0x0005a2c8   0x000000f4   Code   RO        10645    x$fpl$frem          fz_wm.l(frem_clz.o)
    0x0005a3bc   0x0000000a   Code   RO        10647    x$fpl$fretinf       fz_wm.l(fretinf.o)
    0x0005a3c6   0x00000002   PAD
    0x0005a3c8   0x00000086   Code   RO        10384    x$fpl$llsfromf      fz_wm.l(ffixll.o)
    0x0005a44e   0x00000002   PAD
    0x0005a450   0x0000005c   Code   RO        10388    x$fpl$llufromf      fz_wm.l(ffixull.o)
    0x0005a4ac   0x00000000   Code   RO        10651    x$fpl$usenofp       fz_wm.l(usenofp.o)
    0x0005a4ac   0x00000540   Data   RO          707    .constdata          gpio.o
    0x0005a9ec   0x00000104   Data   RO          782    .constdata          sdram.o
    0x0005aaf0   0x00000030   Data   RO          876    .constdata          timers.o
    0x0005ab20   0x00000018   Data   RO          949    .constdata          i2cnew.o
    0x0005ab38   0x00000028   Data   RO          974    .constdata          uart.o
    0x0005ab60   0x00000008   Data   RO          999    .constdata          ledfunc.o
    0x0005ab68   0x00000020   Data   RO         1179    .constdata          fm25l256.o
    0x0005ab88   0x00000020   Data   RO         1202    .constdata          m0redundant.o
    0x0005aba8   0x00000038   Data   RO         1418    .constdata          net_config.o
    0x0005abe0   0x000000a2   Data   RO         1827    .constdata          ethernetparse.o
    0x0005ac82   0x00000002   PAD
    0x0005ac84   0x00000008   Data   RO         2443    .constdata          bsp.o
    0x0005ac8c   0x0000000e   Data   RO         2467    .constdata          cconfig.o
    0x0005ac9a   0x00000002   PAD
    0x0005ac9c   0x00000020   Data   RO         2962    .constdata          datamanage.o
    0x0005acbc   0x00000010   Data   RO         3020    .constdata          ivsdl.o
    0x0005accc   0x0000014c   Data   RO         3166    .constdata          sampleprocess.o
    0x0005ae18   0x00000010   Data   RO         3657    .constdata          pwm_adc5dac.o
    0x0005ae28   0x0000016c   Data   RO         4108    .constdata          pwm_base.o
    0x0005af94   0x000000b0   Data   RO         5104    .constdata          lbt21xxx_base.o
    0x0005b044   0x000000cc   Data   RO         6974    .constdata          hs21044_base.o
    0x0005b110   0x000001ac   Data   RO         8821    .constdata          lbt22013_base.o
    0x0005b2bc   0x00000144   Data   RO         8891    .constdata          lbt22xxx_base.o
    0x0005b400   0x00000010   Data   RO         9979    .constdata          built-in_16v_409386_base.o
    0x0005b410   0x00000018   Data   RO        10002    .constdata          built-in_16t_409920_base.o
    0x0005b428   0x00000006   Data   RO        10042    .constdata          TCP_CM3.lib(at_arp.o)
    0x0005b42e   0x00000008   Data   RO        10067    .constdata          TCP_CM3.lib(at_ip.o)
    0x0005b436   0x00000006   Data   RO        10171    .constdata          TCP_CM3.lib(at_ethernet.o)
    0x0005b43c   0x00000030   Data   RO        10451    .constdata          m_wm.l(expf.o)
    0x0005b46c   0x00000040   Data   RO        10483    .constdata          m_wm.l(log10f.o)
    0x0005b4ac   0x00000040   Data   RO        10497    .constdata          m_wm.l(logf.o)
    0x0005b4ec   0x00000140   Data   RO        10511    .constdata          m_wm.l(powf.o)
    0x0005b62c   0x00000020   Data   RO        10657    .constdata          m_wm.l(rredf.o)
    0x0005b64c   0x00000060   Data   RO        10791    Region$$Table       anon$$obj.o


    Execution Region RW_IRAM1 (Base: 0x10000000, Size: 0x0000fc90, Max: 0x00010000, ABSOLUTE, COMPRESSED[0x000000ec])

    Base Addr    Size         Type   Attr      Idx    E Section Name        Object

    0x10000000   0x00000090   Data   RW          478    .data               os_serveprocess.o
    0x10000090   0x00000020   Data   RW          506    .data               datatypes.o
    0x100000b0   0x00000020   Data   RW          528    .data               circularqueue_lin.o
    0x100000d0   0x00000010   Data   RW          608    .data               system_lpc407x_8x_177x_8x.o
    0x100000e0   0x00000040   Data   RW          655    .data               can.o
    0x10000120   0x00000020   Data   RW          731    .data               irq.o
    0x10000140   0x0000001e   Data   RW          759    .data               rtc.o
    0x1000015e   0x00000002   PAD
    0x10000160   0x00000028   Data   RW          877    .data               timers.o
    0x10000188   0x0000002d   Data   RW         1000    .data               ledfunc.o
    0x100001b5   0x00000003   PAD
    0x100001b8   0x0000003d   Data   RW         1024    .data               adc24bit_cs5560.o
    0x100001f5   0x00000003   PAD
    0x100001f8   0x0000003d   Data   RW         1047    .data               adc24bit_ads1259.o
    0x10000235   0x00000003   PAD
    0x10000238   0x00000060   Data   RW         1069    .data               adc16bit_ad7606.o
    0x10000298   0x00000050   Data   RW         1091    .data               adc16bit_ad7656.o
    0x100002e8   0x00000039   Data   RW         1157    .data               adc24bit_ad7175.o
    0x10000321   0x00000007   PAD
    0x10000328   0x0000001f   Data   RW         1180    .data               fm25l256.o
    0x10000347   0x00000001   PAD
    0x10000348   0x00000020   Data   RW         1236    .data               controlpin.o
    0x10000368   0x00000020   Data   RW         1259    .data               cpld.o
    0x10000388   0x0000003c   Data   RW         1352    .data               dac16bit_ad5754.o
    0x100003c4   0x00000004   PAD
    0x100003c8   0x00000041   Data   RW         1374    .data               dac16bit_ad5360.o
    0x10000409   0x00000052   Data   RW         1419    .data               net_config.o
    0x1000045b   0x00000005   PAD
    0x10000460   0x00000034   Data   RW         1451    .data               tcptxrx.o
    0x10000494   0x00000004   PAD
    0x10000498   0x0000003f   Data   RW         1828    .data               ethernetparse.o
    0x100004d7   0x00000001   PAD
    0x100004d8   0x00000020   Data   RW         2301    .data               eventsbuffering.o
    0x100004f8   0x00000028   Data   RW         2333    .data               multimcucommunication.o
    0x10000520   0x0000002c   Data   RW         2364    .data               canbusparse.o
    0x1000054c   0x00000004   PAD
    0x10000550   0x00000020   Data   RW         2392    .data               smbus.o
    0x10000570   0x00000020   Data   RW         2417    .data               uartparse.o
    0x10000590   0x00000098   Data   RW         2444    .data               bsp.o
    0x10000628   0x00000038   Data   RW         2468    .data               cconfig.o
    0x10000660   0x0000002a   Data   RW         2917    .data               checklimit_4.o
    0x1000068a   0x00000006   PAD
    0x10000690   0x00000020   Data   RW         2939    .data               checklimit_8.o
    0x100006b0   0x00000032   Data   RW         2963    .data               datamanage.o
    0x100006e2   0x00000006   PAD
    0x100006e8   0x00000038   Data   RW         2996    .data               ir.o
    0x10000720   0x00000038   Data   RW         3066    .data               metavariable.o
    0x10000758   0x000000ec   Data   RW         3091    .data               os_logicprocess.o
    0x10000844   0x00000004   PAD
    0x10000848   0x00000020   Data   RW         3115    .data               pid.o
    0x10000868   0x00000045   Data   RW         3138    .data               safecheck.o
    0x100008ad   0x00000003   PAD
    0x100008b0   0x00000020   Data   RW         3167    .data               sampleprocess.o
    0x100008d0   0x0000002c   Data   RW         3197    .data               schedulemanage.o
    0x100008fc   0x00000004   PAD
    0x10000900   0x0000003a   Data   RW         3222    .data               stepmanage.o
    0x1000093a   0x00000006   PAD
    0x10000940   0x00000021   Data   RW         3253    .data               thirdparty.o
    0x10000961   0x00000007   PAD
    0x10000968   0x00000039   Data   RW         3315    .data               check_v_limit.o
    0x100009a1   0x00000007   PAD
    0x100009a8   0x00000021   Data   RW         3337    .data               checklimit_non_v.o
    0x100009c9   0x00000007   PAD
    0x100009d0   0x00000064   Data   RW         3360    .data               pulse.o
    0x10000a34   0x00000004   PAD
    0x10000a38   0x00000021   Data   RW         3398    .data               pulse_loglimt.o
    0x10000a59   0x00000007   PAD
    0x10000a60   0x00000020   Data   RW         3422    .data               pulse_mv.o
    0x10000a80   0x0000002e   Data   RW         3445    .data               pulse_safety.o
    0x10000aae   0x00000002   PAD
    0x10000ab0   0x00000021   Data   RW         3469    .data               sampleprocess_pulse.o
    0x10000ad1   0x00000007   PAD
    0x10000ad8   0x00000030   Data   RW         3508    .data               fanadj.o
    0x10000b08   0x00000020   Data   RW         3530    .data               canbuswatchdog.o
    0x10000b28   0x00000037   Data   RW         3602    .data               poweradj.o
    0x10000b5f   0x00000001   PAD
    0x10000b60   0x00000029   Data   RW         3635    .data               independentvoltagectrl.o
    0x10000b89   0x00000007   PAD
    0x10000b90   0x00000021   Data   RW         4109    .data               pwm_base.o
    0x10000bb1   0x00000007   PAD
    0x10000bb8   0x0000002a   Data   RW         4133    .data               pwm_samplemanage.o
    0x10000be2   0x00000006   PAD
    0x10000be8   0x0000001c   Data   RW         5105    .data               lbt21xxx_base.o
    0x10000c04   0x00000004   PAD
    0x10000c08   0x00000025   Data   RW         5130    .data               lbt21xxx_samplemanage.o
    0x10000c2d   0x00000003   PAD
    0x10000c30   0x0000002e   Data   RW         6999    .data               hs21044_samplemanage.o
    0x10000c5e   0x00000002   PAD
    0x10000c60   0x0000001e   Data   RW         8822    .data               lbt22013_base.o
    0x10000c7e   0x00000002   PAD
    0x10000c80   0x00000029   Data   RW         8846    .data               lbt22013_samplemanage.o
    0x10000ca9   0x00000007   PAD
    0x10000cb0   0x00000022   Data   RW         8892    .data               lbt22xxx_base.o
    0x10000cd2   0x00000006   PAD
    0x10000cd8   0x00000024   Data   RW         9980    .data               built-in_16v_409386_base.o
    0x10000cfc   0x00000004   PAD
    0x10000d00   0x00000024   Data   RW        10003    .data               built-in_16t_409920_base.o
    0x10000d24   0x00000008   Data   RW        10043    .data               TCP_CM3.lib(at_arp.o)
    0x10000d2c   0x0000000c   Data   RW        10068    .data               TCP_CM3.lib(at_ip.o)
    0x10000d38   0x00000004   Data   RW        10112    .data               TCP_CM3.lib(at_tcp.o)
    0x10000d3c   0x00000002   Data   RW        10151    .data               TCP_CM3.lib(at_udp.o)
    0x10000d3e   0x00000002   PAD
    0x10000d40   0x00000008   Data   RW        10183    .data               TCP_CM3.lib(at_mem.o)
    0x10000d48   0x00000004   Data   RW         1001    SRAMSPECIAL         ledfunc.o
    0x10000d4c   0x00000add   Zero   RW          477    .bss                os_serveprocess.o
    0x10001829   0x00000003   PAD
    0x1000182c   0x0000000c   Zero   RW          730    .bss                irq.o
    0x10001838   0x00000040   Zero   RW          758    .bss                rtc.o
    0x10001878   0x0000026e   Zero   RW          805    .bss                sspi.o
    0x10001ae6   0x0000002e   Zero   RW         1046    .bss                adc24bit_ads1259.o
    0x10001b14   0x00002504   Zero   RW         1417    .bss                net_config.o
    0x10004018   0x00000af0   Zero   RW         1450    .bss                tcptxrx.o
    0x10004b08   0x00000528   Zero   RW         1826    .bss                ethernetparse.o
    0x10005030   0x000000a4   Zero   RW         2362    .bss                canbusparse.o
    0x100050d4   0x00000004   PAD
    0x100050d8   0x00000018   Zero   RW         2442    .bss                bsp.o
    0x100050f0   0x00000280   Zero   RW         2466    .bss                cconfig.o
    0x10005370   0x00000120   Zero   RW         2995    .bss                ir.o
    0x10005490   0x00001e78   Zero   RW         3065    .bss                metavariable.o
    0x10007308   0x00000708   Zero   RW         3090    .bss                os_logicprocess.o
    0x10007a10   0x000000c0   Zero   RW         3114    .bss                pid.o
    0x10007ad0   0x000007e0   Zero   RW         3137    .bss                safecheck.o
    0x100082b0   0x00000040   Zero   RW         3165    .bss                sampleprocess.o
    0x100082f0   0x000015a8   Zero   RW         3196    .bss                schedulemanage.o
    0x10009898   0x00002a60   Zero   RW         3221    .bss                stepmanage.o
    0x1000c2f8   0x00000280   Zero   RW         3252    .bss                thirdparty.o
    0x1000c578   0x000005d0   Zero   RW         3359    .bss                pulse.o
    0x1000cb48   0x000001e0   Zero   RW         3421    .bss                pulse_mv.o
    0x1000cd28   0x00000210   Zero   RW         3444    .bss                pulse_safety.o
    0x1000cf38   0x000000e0   Zero   RW         3507    .bss                fanadj.o
    0x1000d018   0x000000bd   Zero   RW         3601    .bss                poweradj.o
    0x1000d0d5   0x00000010   Zero   RW         3634    .bss                independentvoltagectrl.o
    0x1000d0e5   0x00000003   PAD
    0x1000d0e8   0x000004bc   Zero   RW         4107    .bss                pwm_base.o
    0x1000d5a4   0x0000003c   Zero   RW         5103    .bss                lbt21xxx_base.o
    0x1000d5e0   0x00000010   Zero   RW         5128    .bss                lbt21xxx_samplemanage.o
    0x1000d5f0   0x00000030   Zero   RW         8820    .bss                lbt22013_base.o
    0x1000d620   0x00000010   Zero   RW         8890    .bss                lbt22xxx_base.o
    0x1000d630   0x00000010   Zero   RW        10080    .bss                TCP_CM3.lib(at_icmp.o)
    0x1000d640   0x00000084   Zero   RW        10170    .bss                TCP_CM3.lib(at_ethernet.o)
    0x1000d6c4   0x00000048   Zero   RW        10194    .bss                TCP_CM3.lib(at_system.o)
    0x1000d70c   0x000000e4   Zero   RW        10325    .bss                c_w.l(rand.o)
    0x1000d7f0   0x00000060   Zero   RW        10662    .bss                c_w.l(libspace.o)
    0x1000d850   0x00000400   Zero   RW          599    HEAP                startup_lpc407x_8x_177x_8x.o
    0x1000dc50   0x0000003c   Zero   RW         1002    SRAMSPECIAL         ledfunc.o
    0x1000dc8c   0x00000004   PAD
    0x1000dc90   0x00002000   Zero   RW          598    STACK               startup_lpc407x_8x_177x_8x.o


    Execution Region RW_IRAM2 (Base: 0x20000000, Size: 0x00007f74, Max: 0x00008000, ABSOLUTE)

    Base Addr    Size         Type   Attr      Idx    E Section Name        Object

    0x20000000   0x00000031   Data   RW         1481    .data               emac_lpc177x_8x.o
    0x20000031   0x00000007   PAD
    0x20000038   0x00007f3a   Zero   RW         1480    .bss                emac_lpc177x_8x.o


    Execution Region RW_RAM1 (Base: 0xa0000000, Size: 0x01efcf78, Max: 0x01f40000, ABSOLUTE, COMPRESSED[0x00000010])

    Base Addr    Size         Type   Attr      Idx    E Section Name        Object

    0xa0000000   0x0000001b   Data   RW          656    SRAM32              can.o
    0xa000001b   0x00000003   Data   RW         1397    SRAM32              eeprom_24lc128.o
    0xa000001e   0x00000002   PAD
    0xa0000020   0x00000067   Data   RW         1829    SRAM32              ethernetparse.o
    0xa0000087   0x00000001   PAD
    0xa0000088   0x00000018   Data   RW         2302    SRAM32              eventsbuffering.o
    0xa00000a0   0x0000000f   Data   RW         2334    SRAM32              multimcucommunication.o
    0xa00000af   0x00000008   Data   RW         2365    SRAM32              canbusparse.o
    0xa00000b7   0x00000001   PAD
    0xa00000b8   0x0000002a   Data   RW         2393    SRAM32              smbus.o
    0xa00000e2   0x00000006   Data   RW         2418    SRAM32              uartparse.o
    0xa00000e8   0x0000001f   Data   RW         2964    SRAM32              datamanage.o
    0xa0000107   0x00000001   PAD
    0xa0000108   0x00000014   Data   RW         2998    SRAM32              ir.o
    0xa000011c   0x00000010   Data   RW         3023    SRAM32              ivsdl.o
    0xa000012c   0x00000008   Data   RW         3277    SRAM32              simubuffer.o
    0xa0000134   0x00000021   Data   RW         3531    SRAM32              canbuswatchdog.o
    0xa0000155   0x00000003   PAD
    0xa0000158   0x00000040   Data   RW         3578    SRAM32              burstmodesampling.o
    0xa0000198   0x0000000e   Data   RW         4111    SRAM32              pwm_base.o
    0xa00001a6   0x0000001c   Data   RW         5106    SRAM32              lbt21xxx_base.o
    0xa00001c2   0x00000007   Data   RW         6977    SRAM32              hs21044_base.o
    0xa00001c9   0x0000000e   Data   RW         8824    SRAM32              lbt22013_base.o
    0xa00001d7   0x00000007   Data   RW         8894    SRAM32              lbt22xxx_base.o
    0xa00001de   0x00000002   PAD
    0xa00001e0   0x00000011   Data   RW         8918    SRAM32              lbt22xxx_samplemanage.o
    0xa00001f1   0x00000003   PAD
    0xa00001f4   0x000012c0   Zero   RW          529    SRAM32              circularqueue_lin.o
    0xa00014b4   0x00000004   PAD
    0xa00014b8   0x0019e6f8   Zero   RW          657    SRAM32              can.o
    0xa019fbb0   0x00020260   Zero   RW          951    SRAM32              i2cnew.o
    0xa01bfe10   0x00001850   Zero   RW          976    SRAM32              uart.o
    0xa01c1660   0x00000300   Zero   RW         1204    SRAM32              m0redundant.o
    0xa01c1960   0x00000800   Zero   RW         1398    SRAM32              eeprom_24lc128.o
    0xa01c2160   0x0039917c   Zero   RW         1830    SRAM32              ethernetparse.o
    0xa055b2dc   0x000972c0   Zero   RW         2303    SRAM32              eventsbuffering.o
    0xa05f259c   0x001394ec   Zero   RW         2335    SRAM32              multimcucommunication.o
    0xa072ba88   0x00380100   Zero   RW         2366    SRAM32              canbusparse.o
    0xa0aabb88   0x000511f4   Zero   RW         2394    SRAM32              smbus.o
    0xa0afcd7c   0x000008fc   Zero   RW         2419    SRAM32              uartparse.o
    0xa0afd678   0x00e96328   Zero   RW         2965    SRAM32              datamanage.o
    0xa19939a0   0x00001820   Zero   RW         2997    SRAM32              ir.o
    0xa19951c0   0x0003b590   Zero   RW         3022    SRAM32              ivsdl.o
    0xa19d0750   0x000041a0   Zero   RW         3067    SRAM32              metavariable.o
    0xa19d48f0   0x00000720   Zero   RW         3139    SRAM32              safecheck.o
    0xa19d5010   0x00010e40   Zero   RW         3198    SRAM32              schedulemanage.o
    0xa19e5e50   0x0000ad00   Zero   RW         3223    SRAM32              stepmanage.o
    0xa19f0b50   0x00504f00   Zero   RW         3276    SRAM32              simubuffer.o
    0xa1ef5a50   0x00001614   Zero   RW         3361    SRAM32              pulse.o
    0xa1ef7064   0x00000f30   Zero   RW         3399    SRAM32              pulse_loglimt.o
    0xa1ef7f94   0x000002d0   Zero   RW         3446    SRAM32              pulse_safety.o
    0xa1ef8264   0x00000b80   Zero   RW         3532    SRAM32              canbuswatchdog.o
    0xa1ef8de4   0x00001f48   Zero   RW         3579    SRAM32              burstmodesampling.o
    0xa1efad2c   0x000005f0   Zero   RW         4110    SRAM32              pwm_base.o
    0xa1efb31c   0x000007bc   Zero   RW         5153    SRAM32              lbt20084_base.o
    0xa1efbad8   0x00000154   Zero   RW         5603    SRAM32              lbt20162_base.o
    0xa1efbc2c   0x000001b8   Zero   RW         6053    SRAM32              lbt21014_base.o
    0xa1efbde4   0x000001b8   Zero   RW         6503    SRAM32              lbt21024_base.o
    0xa1efbf9c   0x000003ac   Zero   RW         6976    SRAM32              hs21044_base.o
    0xa1efc348   0x000004b0   Zero   RW         7022    SRAM32              mstat21044_base.o
    0xa1efc7f8   0x00000190   Zero   RW         7472    SRAM32              lbt21084_base.o
    0xa1efc988   0x00000154   Zero   RW         7922    SRAM32              lbt21162_base.o
    0xa1efcadc   0x00000280   Zero   RW         8823    SRAM32              lbt22013_base.o
    0xa1efcd5c   0x0000021c   Zero   RW         8893    SRAM32              lbt22xxx_base.o


    Execution Region RW_RAM2 (Base: 0xa0000000, Size: 0x00000000, Max: 0x03e80000, ABSOLUTE)

    **** No section assigned to this execution region ****


==============================================================================

Image component sizes


      Code (inc. data)   RO Data    RW Data    ZI Data      Debug   Object Name

       564         42          0         96          0       2144   adc16bit_ad7606.o
       524         32          0         80          0       1756   adc16bit_ad7656.o
      1248         24          0         57          0       3428   adc24bit_ad7175.o
       340         20          0         61         46       1860   adc24bit_ads1259.o
       404         28          0         61          0       2024   adc24bit_cs5560.o
       204          6          0          0          0       1068   adc32bit_ltc2498.o
       988         96          8        152         24       4456   bsp.o
       596         46         24         36          0       2040   built-in_16t_409920_base.o
       960         64         16         36          0       2684   built-in_16v_409386_base.o
      3308        278          0         64       8008       5028   burstmodesampling.o
      4088        278          0         91    1697528      35840   can.o
     37052       1340          0         52    3670436      54992   canbusparse.o
      2000        164          0         65       2944       4574   canbuswatchdog.o
      2608        194         14         56        640     218612   cconfig.o
       812         68          0         57          0       3508   check_v_limit.o
      4544        274          0         42          0       8224   checklimit_4.o
       100         20          0         32          0       1040   checklimit_8.o
       844         20          0         33          0       3248   checklimit_non_v.o
      1384         24          0         32       4800       5480   circularqueue_lin.o
       432         22          0         32          0       1973   controlpin.o
       456         14          0         32          0       2540   cpld.o
       172         22          0         65          0       1448   dac16bit_ad5360.o
       400         26          0         60          0       1792   dac16bit_ad5754.o
     48828       2164         32         81   15295272      77321   datamanage.o
       768         34          0         32          0       4304   datatypes.o
       308         24          0          3       2048       2184   eeprom_24lc128.o
      2456        282          0         49      32570     166389   emac_lpc177x_8x.o
     29164       1996        162        166    3774116     268314   ethernetparse.o
      1384         54          0         56     619200      10364   eventsbuffering.o
        60          8          0          0          0        732   excheck.o
       816         54          0         48        224       2456   fanadj.o
       480         20         32         31          0       2784   fm25l256.o
       296         12       1344          0          0       2096   gpio.o
       304         70          0          0          0       1144   hs21044_adc5dac.o
      2404        342        204          7        940       4792   hs21044_base.o
       732         54          0         46          0       2568   hs21044_samplemanage.o
      3116        126         24          0     131680       5142   i2cnew.o
       356         32          0         41         16       1636   independentvoltagectrl.o
      7072        644          0         76       6464       6488   ir.o
       304         42          0         32         12      28608   irq.o
     10816        646         16         16     243088      17192   ivsdl.o
      2400        268          0          0       1980      19572   lbt20084_base.o
       604         80          0          0        340      17880   lbt20162_base.o
       828         96          0          0        440      18048   lbt21014_base.o
       932         98          0          0        440      18092   lbt21024_base.o
       900         98          0          0        400      18028   lbt21084_base.o
       636         82          0          0        340      17892   lbt21162_base.o
       548         90          0          0          0     122424   lbt21xxx_adc5dac.o
      4260        386        176         56         60       9068   lbt21xxx_base.o
      1868        190          0         37         16       3144   lbt21xxx_samplemanage.o
       428         96          0          0          0      20588   lbt22013_adc5dac.o
      5156        416        428         44        688       9032   lbt22013_base.o
       636         74          0         41          0       2020   lbt22013_samplemanage.o
       628         52          0          0          0      14900   lbt22023_base.o
       632         58          0          0          0      14900   lbt22043_base.o
       272         68          0          0          0        984   lbt22xxx_adc5dac.o
      3052        276        324         41        556       6264   lbt22xxx_base.o
       352         54          0         17          0       1908   lbt22xxx_samplemanage.o
       244         38          8         49         60       1188   ledfunc.o
        64          0          0          0          0       1058   lib_mem.o
       936         38         32          0        768       3610   m0redundant.o
      2416        712          0          0          0     276276   main.o
      8604        510          0         56      24600       8262   metavariable.o
      1440        166          0          0       1200      18820   mstat21044_base.o
     12064        408          0         55    1283308      45925   multimcucommunication.o
       112         14         56         82       9476      16251   net_config.o
      4184        274          0        236       1800       6953   os_logicprocess.o
      2692        262          0        144       2781      33272   os_serveprocess.o
       108          6          0          0          0        720   pca9501.o
      1040         76          0         32        192       2332   pid.o
      2844        164          0         55        189       4883   poweradj.o
      3656        338          0        100       7140       6354   pulse.o
      1976        108          0         33       3888       4716   pulse_loglimt.o
       556         36          0         32        480       1976   pulse_mv.o
      3092        180          0         46       1248       5875   pulse_safety.o
      1132         40          0          0          0       4652   pwm.o
       348         92         16          0          0     155296   pwm_adc5dac.o
      5424        408        364         47       2732       9452   pwm_base.o
       732         68          0         42          0       2784   pwm_samplemanage.o
       364         24          0         30         64       1377   rtc.o
      9592        552          0         69       3840      18074   safecheck.o
      5160        306        332         32         64       9770   sampleprocess.o
       584         84          0         33          0       2292   sampleprocess_pulse.o
     17288       1260          0         44      74728      23118   schedulemanage.o
       812         72        260          0          0       2328   sdram.o
      2852         56          0          8    5263104       5984   simubuffer.o
      6720        456          0         74     332276      10241   smbus.o
      1240         46          0          0        622       6588   sspi.o
        64         26        228          0       9216        840   startup_lpc407x_8x_177x_8x.o
     44916       2692          0         58      55136      49433   stepmanage.o
      1048        106          0         16          0       7980   system_lpc407x_8x_177x_8x.o
      1092         60          0         52       2800       8188   tcptxrx.o
      3044        190          0         33        640       5764   thirdparty.o
       744         60         48         40          0       4037   timers.o
      1484        150         40          0       6224       4690   uart.o
       996         40          0         38       2300       3465   uartparse.o
       244          6          0          0          0        957   wdt.o

    ----------------------------------------------------------------------
    349734      22312       4288       3920   32586216    2064798   Object Totals
         0          0         96          0          0          0   (incl. Generated)
         2          0          4        172         24          0   (incl. Padding)

    ----------------------------------------------------------------------

      Code (inc. data)   RO Data    RW Data    ZI Data      Debug   Library Member Name

      1988        148          6          8          0       1208   at_arp.o
       488         58          6          0        132        404   at_ethernet.o
       404         30          0          0         16        308   at_icmp.o
       834         56          8         12          0        520   at_ip.o
       280          6          0          0          0        860   at_lib.o
       492         36          0          8          0        452   at_mem.o
       184         38          0          0         72        292   at_system.o
      3154        104          0          4          0       1456   at_tcp.o
       740         34          0          2          0        556   at_udp.o
        90          0          0          0          0          0   __dczerorl2.o
         8          0          0          0          0         68   __main.o
        52          8          0          0          0          0   __scatter.o
        26          0          0          0          0          0   __scatter_copy.o
        28          0          0          0          0          0   __scatter_zi.o
        22          0          0          0          0        100   _rserrno.o
        16          0          0          0          0         68   aeabi_memset.o
        10          0          0          0          0         68   defsig_exit.o
        50          0          0          0          0         88   defsig_general.o
        80         58          0          0          0         76   defsig_rtmem_inner.o
        14          0          0          0          0         80   defsig_rtmem_outer.o
        12          0          0          0          0         72   exit.o
        94          0          0          0          0         80   h1_alloc.o
        52          0          0          0          0         68   h1_extend.o
        78          0          0          0          0         80   h1_free.o
        14          0          0          0          0         84   h1_init.o
         6          0          0          0          0        152   heapauxi.o
         4          0          0          0          0        136   hguard.o
         0          0          0          0          0          0   indicate_semi.o
       138          0          0          0          0        168   init_alloc.o
         2          0          0          0          0          0   libinit.o
        18          0          0          0          0          0   libinit2.o
         2          0          0          0          0          0   libshutdown.o
         2          0          0          0          0          0   libshutdown2.o
         8          4          0          0         96         68   libspace.o
        38          0          0          0          0         68   llshl.o
        38          0          0          0          0         68   llsshr.o
       238          0          0          0          0        100   lludivv7m.o
        38          0          0          0          0         68   llushr.o
         0          0          0          0          0          0   maybetermalloc1.o
        88          0          0          0          0         76   memcmp.o
       112         18          0          0        228        160   rand.o
         8          4          0          0          0         68   rt_errno_addr_intlibspace.o
         8          4          0          0          0         68   rt_heap_descriptor_intlibspace.o
        68          0          0          0          0         68   rt_memclr.o
        78          0          0          0          0         80   rt_memclr_w.o
       138          0          0          0          0         68   rt_memcpy_v6.o
       100          0          0          0          0         80   rt_memcpy_w.o
         0          0          0          0          0          0   rtentry.o
        12          0          0          0          0          0   rtentry2.o
         6          0          0          0          0          0   rtentry4.o
         2          0          0          0          0          0   rtexit.o
        10          0          0          0          0          0   rtexit2.o
        12          4          0          0          0         68   sys_exit.o
        74          0          0          0          0         80   sys_stackheap_outer.o
        14          0          0          0          0         76   sys_wrch.o
         2          0          0          0          0         68   use_no_semi.o
        24          0          0          0          0        164   basic.o
        98          4          0          0          0        140   d2f.o
       826         16          0          0          0        492   daddsub_clz.o
        24          0          0          0          0        116   dcmpi.o
       688        140          0          0          0        256   ddiv.o
        94          4          0          0          0        140   dfix.o
        90          4          0          0          0        140   dfixu.o
        84          0          0          0          0        232   dflt_clz.o
       138          0          0          0          0        132   dfltll_clz.o
       120          4          0          0          0        140   dleqf.o
       340         12          0          0          0        152   dmul.o
       156          4          0          0          0        140   dnaninf.o
        12          0          0          0          0        116   dretinf.o
       108          0          0          0          0        128   drleqf.o
        86          4          0          0          0        132   f2d.o
       134          4          0          0          0        132   ffixll.o
        92          4          0          0          0        132   ffixull.o
        96          0          0          0          0        132   ffltll_clz.o
       140          4          0          0          0        132   fnaninf.o
        10          0          0          0          0        116   fpinit.o
       244          8          0          0          0        132   frem_clz.o
        10          0          0          0          0        116   fretinf.o
         0          0          0          0          0          0   usenofp.o
       276         46          0          0          0        164   acosf.o
       292         42          0          0          0        180   asinf.o
       356         66          0          0          0        164   atanf.o
       108         10          0          0          0        116   ceilf.o
       348         66          0          0          0        124   cosf.o
       496         76         48          0          0        216   expf.o
       112         14          0          0          0        116   floorf.o
       180          4          0          0          0        180   fmodf.o
        38          0          0          0          0        116   fpclassifyf.o
        16          6          0          0          0        116   funder.o
       388         56         64          0          0        124   log10f.o
       368         48         64          0          0        124   logf.o
      1588        140        320          0          0        344   powf.o
       320         24         32          0          0        160   rredf.o
       376         62          0          0          0        156   sinf.o
       120          0          0          0          0        272   sqrtf.o
       360         60          0          0          0        156   tanf.o

    ----------------------------------------------------------------------
     19874       1546        548         36        544      15116   Library Totals
        44          4          0          2          0          0   (incl. Padding)

    ----------------------------------------------------------------------

      Code (inc. data)   RO Data    RW Data    ZI Data      Debug   Library Name

      8564        510         20         34        220       6056   TCP_CM3.lib
      1910        100          0          0        324       2720   c_w.l
      3614        212          0          0          0       3512   fz_wm.l
      5742        720        528          0          0       2828   m_wm.l

    ----------------------------------------------------------------------
     19874       1546        548         36        544      15116   Library Totals

    ----------------------------------------------------------------------

==============================================================================


      Code (inc. data)   RO Data    RW Data    ZI Data      Debug   

    369608      23858       4836       3956   32586760    2046658   Grand Totals
    369608      23858       4836        304   32586760    2046658   ELF Image Totals (compressed)
    369608      23858       4836        304          0          0   ROM Totals

==============================================================================

    Total RO  Size (Code + RO Data)               374444 ( 365.67kB)
    Total RW  Size (RW Data + ZI Data)          32590716 (31826.87kB)
    Total ROM Size (Code + RO Data + RW Data)     374748 ( 365.96kB)

==============================================================================

